156.26.163.73 - - [22/Nov/2008:01:00:59 -0500] "GET /contact/contact.html HTTP/1.1" 200 8065 www.liteos.net "-" "Mozilla/5.0 (X11; U; Linux i686; en-US; rv:1.9b5) Gecko/2008043010 Fedora/3.0-0.60.beta5.fc9 Firefox/3.0b5" "-"
119.63.193.55 - - [22/Nov/2008:01:09:01 -0500] "GET / HTTP/1.1" 200 7219 www.liteos.net "-" "Baiduspider+(+http://www.baidu.com/search/spider_jp.html)" "-"
156.26.163.175 - - [22/Nov/2008:02:38:00 -0500] "GET / HTTP/1.1" 200 7219 www.liteos.net "-" "Mozilla/5.0 (Windows; U; Windows NT 6.0; en-US; rv:1.9.0.4) Gecko/2008102920 Firefox/3.0.4" "-"
156.26.163.175 - - [22/Nov/2008:02:38:00 -0500] "GET /favicon.ico HTTP/1.1" 200 3638 www.liteos.net "-" "Mozilla/5.0 (Windows; U; Windows NT 6.0; en-US; rv:1.9.0.4) Gecko/2008102920 Firefox/3.0.4" "-"
156.26.163.175 - - [22/Nov/2008:02:38:00 -0500] "GET /css/liteos.css HTTP/1.1" 200 4971 www.liteos.net "http://www.liteos.net/" "Mozilla/5.0 (Windows; U; Windows NT 6.0; en-US; rv:1.9.0.4) Gecko/2008102920 Firefox/3.0.4" "-"
156.26.163.175 - - [22/Nov/2008:02:38:00 -0500] "GET /css/outer-box-bg.gif HTTP/1.1" 200 763 www.liteos.net "http://www.liteos.net/css/liteos.css" "Mozilla/5.0 (Windows; U; Windows NT 6.0; en-US; rv:1.9.0.4) Gecko/2008102920 Firefox/3.0.4" "-"
156.26.163.175 - - [22/Nov/2008:02:38:00 -0500] "GET /img/liteos_banner.jpg HTTP/1.1" 200 90334 www.liteos.net "http://www.liteos.net/" "Mozilla/5.0 (Windows; U; Windows NT 6.0; en-US; rv:1.9.0.4) Gecko/2008102920 Firefox/3.0.4" "-"
156.26.163.175 - - [22/Nov/2008:02:38:04 -0500] "GET /info/download.html HTTP/1.1" 200 4914 www.liteos.net "http://www.liteos.net/" "Mozilla/5.0 (Windows; U; Windows NT 6.0; en-US; rv:1.9.0.4) Gecko/2008102920 Firefox/3.0.4" "-"
156.26.163.175 - - [22/Nov/2008:02:38:05 -0500] "GET /info/linux-penguin.jpg HTTP/1.1" 200 20748 www.liteos.net "http://www.liteos.net/info/download.html" "Mozilla/5.0 (Windows; U; Windows NT 6.0; en-US; rv:1.9.0.4) Gecko/2008102920 Firefox/3.0.4" "-"
156.26.163.175 - - [22/Nov/2008:02:38:05 -0500] "GET /css/li-brown.png HTTP/1.1" 200 141 www.liteos.net "http://www.liteos.net/css/liteos.css" "Mozilla/5.0 (Windows; U; Windows NT 6.0; en-US; rv:1.9.0.4) Gecko/2008102920 Firefox/3.0.4" "-"
156.26.163.175 - - [22/Nov/2008:02:38:05 -0500] "GET /css/hr_gray.png HTTP/1.1" 200 132 www.liteos.net "http://www.liteos.net/css/liteos.css" "Mozilla/5.0 (Windows; U; Windows NT 6.0; en-US; rv:1.9.0.4) Gecko/2008102920 Firefox/3.0.4" "-"
156.26.163.175 - - [22/Nov/2008:02:38:05 -0500] "GET /img/icon.jpg HTTP/1.1" 200 90334 www.liteos.net "http://www.liteos.net/info/download.html" "Mozilla/5.0 (Windows; U; Windows NT 6.0; en-US; rv:1.9.0.4) Gecko/2008102920 Firefox/3.0.4" "-"
156.26.163.175 - - [22/Nov/2008:02:38:05 -0500] "GET /info/windows_logo.jpg HTTP/1.1" 200 78007 www.liteos.net "http://www.liteos.net/info/download.html" "Mozilla/5.0 (Windows; U; Windows NT 6.0; en-US; rv:1.9.0.4) Gecko/2008102920 Firefox/3.0.4" "-"
156.26.163.175 - - [22/Nov/2008:02:38:05 -0500] "GET /info/screenshot_cygwin.jpg HTTP/1.1" 200 185594 www.liteos.net "http://www.liteos.net/info/download.html" "Mozilla/5.0 (Windows; U; Windows NT 6.0; en-US; rv:1.9.0.4) Gecko/2008102920 Firefox/3.0.4" "-"
156.26.163.175 - - [22/Nov/2008:02:40:00 -0500] "GET /contact/contact.html HTTP/1.1" 200 8065 www.liteos.net "http://www.liteos.net/" "Mozilla/5.0 (Windows; U; Windows NT 6.0; en-US; rv:1.9.0.4) Gecko/2008102920 Firefox/3.0.4" "-"
156.26.163.216 - - [22/Nov/2008:02:44:45 -0500] "GET / HTTP/1.1" 200 7219 www.liteos.net "http://www.google.com/search?q=liteOS&ie=utf-8&oe=utf-8&aq=t&rls=org.mozilla:en-US:official&client=firefox-a" "Mozilla/5.0 (Windows; U; Windows NT 6.0; en-US; rv:1.8.1.18) Gecko/20081029 Firefox/2.0.0.18" "-"
156.26.163.216 - - [22/Nov/2008:02:44:45 -0500] "GET /css/liteos.css HTTP/1.1" 200 4971 www.liteos.net "http://www.liteos.net/" "Mozilla/5.0 (Windows; U; Windows NT 6.0; en-US; rv:1.8.1.18) Gecko/20081029 Firefox/2.0.0.18" "-"
156.26.163.216 - - [22/Nov/2008:02:44:45 -0500] "GET /favicon.ico HTTP/1.1" 200 3638 www.liteos.net "-" "Mozilla/5.0 (Windows; U; Windows NT 6.0; en-US; rv:1.8.1.18) Gecko/20081029 Firefox/2.0.0.18" "-"
156.26.163.216 - - [22/Nov/2008:02:44:46 -0500] "GET /css/outer-box-bg.gif HTTP/1.1" 200 763 www.liteos.net "http://www.liteos.net/css/liteos.css" "Mozilla/5.0 (Windows; U; Windows NT 6.0; en-US; rv:1.8.1.18) Gecko/20081029 Firefox/2.0.0.18" "-"
156.26.163.216 - - [22/Nov/2008:02:44:46 -0500] "GET /img/liteos_banner.jpg HTTP/1.1" 200 90334 www.liteos.net "http://www.liteos.net/" "Mozilla/5.0 (Windows; U; Windows NT 6.0; en-US; rv:1.8.1.18) Gecko/20081029 Firefox/2.0.0.18" "-"
156.26.163.216 - - [22/Nov/2008:02:44:51 -0500] "GET /contact/contact.html HTTP/1.1" 200 8065 www.liteos.net "http://www.liteos.net/" "Mozilla/5.0 (Windows; U; Windows NT 6.0; en-US; rv:1.8.1.18) Gecko/20081029 Firefox/2.0.0.18" "-"
156.26.163.216 - - [22/Nov/2008:02:44:52 -0500] "GET /css/hr_gray.png HTTP/1.1" 200 132 www.liteos.net "http://www.liteos.net/css/liteos.css" "Mozilla/5.0 (Windows; U; Windows NT 6.0; en-US; rv:1.8.1.18) Gecko/20081029 Firefox/2.0.0.18" "-"
156.26.163.216 - - [22/Nov/2008:02:44:52 -0500] "GET /img/icon.jpg HTTP/1.1" 200 90334 www.liteos.net "http://www.liteos.net/contact/contact.html" "Mozilla/5.0 (Windows; U; Windows NT 6.0; en-US; rv:1.8.1.18) Gecko/20081029 Firefox/2.0.0.18" "-"
156.26.163.175 - - [22/Nov/2008:02:45:02 -0500] "GET /info/people.html HTTP/1.1" 200 10363 www.liteos.net "http://www.liteos.net/info/download.html" "Mozilla/5.0 (Windows; U; Windows NT 6.0; en-US; rv:1.9.0.4) Gecko/2008102920 Firefox/3.0.4" "-"
156.26.163.175 - - [22/Nov/2008:02:45:11 -0500] "GET / HTTP/1.1" 200 - www.liteos.net "http://www.cs.uiuc.edu/homes/qcao2/" "Mozilla/5.0 (Windows; U; Windows NT 6.0; en-US; rv:1.9.0.4) Gecko/2008102920 Firefox/3.0.4" "-"
156.26.163.216 - - [22/Nov/2008:02:51:57 -0500] "GET /info/people.html HTTP/1.1" 200 10363 www.liteos.net "http://www.liteos.net/contact/contact.html" "Mozilla/5.0 (Windows; U; Windows NT 6.0; en-US; rv:1.8.1.18) Gecko/20081029 Firefox/2.0.0.18" "-"
156.26.163.216 - - [22/Nov/2008:02:52:08 -0500] "GET /info/about.html HTTP/1.1" 200 6820 www.liteos.net "http://www.liteos.net/info/people.html" "Mozilla/5.0 (Windows; U; Windows NT 6.0; en-US; rv:1.8.1.18) Gecko/20081029 Firefox/2.0.0.18" "-"
156.26.163.216 - - [22/Nov/2008:02:52:08 -0500] "GET /css/li-brown.png HTTP/1.1" 200 141 www.liteos.net "http://www.liteos.net/css/liteos.css" "Mozilla/5.0 (Windows; U; Windows NT 6.0; en-US; rv:1.8.1.18) Gecko/20081029 Firefox/2.0.0.18" "-"
156.26.163.216 - - [22/Nov/2008:02:53:05 -0500] "GET /info/news.html HTTP/1.1" 200 4886 www.liteos.net "http://www.liteos.net/info/about.html" "Mozilla/5.0 (Windows; U; Windows NT 6.0; en-US; rv:1.8.1.18) Gecko/20081029 Firefox/2.0.0.18" "-"
156.26.163.216 - - [22/Nov/2008:02:53:05 -0500] "GET /info/download.html HTTP/1.1" 200 4914 www.liteos.net "http://www.liteos.net/info/news.html" "Mozilla/5.0 (Windows; U; Windows NT 6.0; en-US; rv:1.8.1.18) Gecko/20081029 Firefox/2.0.0.18" "-"
156.26.163.216 - - [22/Nov/2008:02:53:06 -0500] "GET /info/linux-penguin.jpg HTTP/1.1" 200 20748 www.liteos.net "http://www.liteos.net/info/download.html" "Mozilla/5.0 (Windows; U; Windows NT 6.0; en-US; rv:1.8.1.18) Gecko/20081029 Firefox/2.0.0.18" "-"
156.26.163.216 - - [22/Nov/2008:02:53:06 -0500] "GET /info/windows_logo.jpg HTTP/1.1" 200 78007 www.liteos.net "http://www.liteos.net/info/download.html" "Mozilla/5.0 (Windows; U; Windows NT 6.0; en-US; rv:1.8.1.18) Gecko/20081029 Firefox/2.0.0.18" "-"
156.26.163.216 - - [22/Nov/2008:02:53:06 -0500] "GET /info/screenshot_cygwin.jpg HTTP/1.1" 200 185594 www.liteos.net "http://www.liteos.net/info/download.html" "Mozilla/5.0 (Windows; U; Windows NT 6.0; en-US; rv:1.8.1.18) Gecko/20081029 Firefox/2.0.0.18" "-"
156.26.163.216 - - [22/Nov/2008:02:53:09 -0500] "GET /gallery/screenshots.html HTTP/1.1" 200 5536 www.liteos.net "http://www.liteos.net/info/people.html" "Mozilla/5.0 (Windows; U; Windows NT 6.0; en-US; rv:1.8.1.18) Gecko/20081029 Firefox/2.0.0.18" "-"
156.26.163.216 - - [22/Nov/2008:02:53:09 -0500] "GET /img/directory.PNG HTTP/1.1" 200 18388 www.liteos.net "http://www.liteos.net/gallery/screenshots.html" "Mozilla/5.0 (Windows; U; Windows NT 6.0; en-US; rv:1.8.1.18) Gecko/20081029 Firefox/2.0.0.18" "-"
156.26.163.216 - - [22/Nov/2008:02:53:10 -0500] "GET /img/list.PNG HTTP/1.1" 200 70811 www.liteos.net "http://www.liteos.net/gallery/screenshots.html" "Mozilla/5.0 (Windows; U; Windows NT 6.0; en-US; rv:1.8.1.18) Gecko/20081029 Firefox/2.0.0.18" "-"
156.26.163.216 - - [22/Nov/2008:02:53:10 -0500] "GET /img/cpdata.PNG HTTP/1.1" 200 16697 www.liteos.net "http://www.liteos.net/gallery/screenshots.html" "Mozilla/5.0 (Windows; U; Windows NT 6.0; en-US; rv:1.8.1.18) Gecko/20081029 Firefox/2.0.0.18" "-"
156.26.163.216 - - [22/Nov/2008:02:53:10 -0500] "GET /img/commands.PNG HTTP/1.1" 200 58026 www.liteos.net "http://www.liteos.net/gallery/screenshots.html" "Mozilla/5.0 (Windows; U; Windows NT 6.0; en-US; rv:1.8.1.18) Gecko/20081029 Firefox/2.0.0.18" "-"
156.26.163.216 - - [22/Nov/2008:02:53:10 -0500] "GET /img/cpdata2.PNG HTTP/1.1" 200 116583 www.liteos.net "http://www.liteos.net/gallery/screenshots.html" "Mozilla/5.0 (Windows; U; Windows NT 6.0; en-US; rv:1.8.1.18) Gecko/20081029 Firefox/2.0.0.18" "-"
156.26.163.216 - - [22/Nov/2008:02:53:10 -0500] "GET /img/sensor.PNG HTTP/1.1" 200 77915 www.liteos.net "http://www.liteos.net/gallery/screenshots.html" "Mozilla/5.0 (Windows; U; Windows NT 6.0; en-US; rv:1.8.1.18) Gecko/20081029 Firefox/2.0.0.18" "-"
156.26.163.216 - - [22/Nov/2008:02:53:10 -0500] "GET /img/blink.PNG HTTP/1.1" 200 18276 www.liteos.net "http://www.liteos.net/gallery/screenshots.html" "Mozilla/5.0 (Windows; U; Windows NT 6.0; en-US; rv:1.8.1.18) Gecko/20081029 Firefox/2.0.0.18" "-"
156.26.163.216 - - [22/Nov/2008:02:53:10 -0500] "GET /img/sense.PNG HTTP/1.1" 200 24035 www.liteos.net "http://www.liteos.net/gallery/screenshots.html" "Mozilla/5.0 (Windows; U; Windows NT 6.0; en-US; rv:1.8.1.18) Gecko/20081029 Firefox/2.0.0.18" "-"
156.26.163.216 - - [22/Nov/2008:02:53:43 -0500] "GET /contact/contact.html HTTP/1.1" 304 - www.liteos.net "http://www.liteos.net/" "Mozilla/5.0 (Windows; U; Windows NT 6.0; en-US; rv:1.8.1.18) Gecko/20081029 Firefox/2.0.0.18" "-"
156.26.163.216 - - [22/Nov/2008:02:58:17 -0500] "GET /info/people.html HTTP/1.1" 304 - www.liteos.net "http://www.google.com/search?q=LiteOS&ie=utf-8&oe=utf-8&aq=t&rls=org.mozilla:en-US:official&client=firefox-a" "Mozilla/5.0 (Windows; U; Windows NT 6.0; en-US; rv:1.8.1.18) Gecko/20081029 Firefox/2.0.0.18" "-"
156.26.163.216 - - [22/Nov/2008:02:58:20 -0500] "GET / HTTP/1.1" 200 - www.liteos.net "http://www.google.com/search?q=LiteOS&ie=utf-8&oe=utf-8&aq=t&rls=org.mozilla:en-US:official&client=firefox-a" "Mozilla/5.0 (Windows; U; Windows NT 6.0; en-US; rv:1.8.1.18) Gecko/20081029 Firefox/2.0.0.18" "-"
156.26.163.216 - - [22/Nov/2008:02:58:41 -0500] "GET /contact/contact.html HTTP/1.1" 304 - www.liteos.net "http://www.liteos.net/" "Mozilla/5.0 (Windows; U; Windows NT 6.0; en-US; rv:1.8.1.18) Gecko/20081029 Firefox/2.0.0.18" "-"
156.26.163.216 - - [22/Nov/2008:02:59:19 -0500] "GET /docs/docs.html HTTP/1.1" 200 10172 www.liteos.net "http://www.liteos.net/contact/contact.html" "Mozilla/5.0 (Windows; U; Windows NT 6.0; en-US; rv:1.8.1.18) Gecko/20081029 Firefox/2.0.0.18" "-"
208.80.194.49 - - [22/Nov/2008:03:31:36 -0500] "GET / HTTP/1.0" 200 7219 www.liteos.net "-" "Mozilla/4.0 (compatible; MSIE 7.0; Windows NT 5.1; bgft; IEMB3)" "-"
65.55.217.41 - - [22/Nov/2008:04:46:29 -0500] "GET /robots.txt HTTP/1.1" 404 2291 www.liteos.net "-" "msnbot-media/1.1 (+http://search.msn.com/msnbot.htm)" "-"
65.55.217.41 - - [22/Nov/2008:04:46:29 -0500] "GET / HTTP/1.1" 200 7219 www.liteos.net "-" "msnbot-media/1.1 (+http://search.msn.com/msnbot.htm)" "-"
203.160.1.38 - - [22/Nov/2008:04:50:36 -0500] "GET / HTTP/1.1" 200 7219 www.liteos.net "-" "Mozilla/4.0 (compatible; MSIE 7.0; Windows NT 5.1)" "222.252.158.91"
203.160.1.38 - - [22/Nov/2008:04:50:37 -0500] "GET /css/liteos.css HTTP/1.1" 200 4971 www.liteos.net "http://www.liteos.net/" "Mozilla/4.0 (compatible; MSIE 7.0; Windows NT 5.1)" "222.252.158.91"
203.160.1.38 - - [22/Nov/2008:04:50:38 -0500] "GET /css/liteos.css HTTP/1.1" 304 - www.liteos.net "http://www.liteos.net/" "Mozilla/4.0 (compatible; MSIE 7.0; Windows NT 5.1)" "222.252.158.91"
203.160.1.38 - - [22/Nov/2008:04:50:39 -0500] "GET /css/outer-box-bg.gif HTTP/1.1" 200 763 www.liteos.net "http://www.liteos.net/" "Mozilla/4.0 (compatible; MSIE 7.0; Windows NT 5.1)" "222.252.158.91"
203.160.1.38 - - [22/Nov/2008:04:50:51 -0500] "GET /img/liteos_banner.jpg HTTP/1.1" 200 90334 www.liteos.net "http://www.liteos.net/" "Mozilla/4.0 (compatible; MSIE 7.0; Windows NT 5.1)" "222.252.158.91"
203.160.1.38 - - [22/Nov/2008:04:50:55 -0500] "GET /favicon.ico HTTP/1.1" 200 3638 www.liteos.net "-" "Mozilla/4.0 (compatible; MSIE 7.0; Windows NT 5.1)" "222.252.158.91"
119.63.193.55 - - [22/Nov/2008:05:05:12 -0500] "GET / HTTP/1.1" 200 7219 www.liteos.net "-" "Baiduspider+(+http://www.baidu.com/search/spider_jp.html)" "-"
65.55.217.60 - - [22/Nov/2008:05:21:27 -0500] "GET /robots.txt HTTP/1.1" 404 2291 www.liteos.net "-" "msnbot-media/1.1 (+http://search.msn.com/msnbot.htm)" "-"
65.55.217.60 - - [22/Nov/2008:05:21:28 -0500] "GET /img/liteos_banner.jpg HTTP/1.1" 200 90334 www.liteos.net "-" "msnbot-media/1.1 (+http://search.msn.com/msnbot.htm)" "-"
208.80.194.54 - - [22/Nov/2008:06:20:48 -0500] "GET / HTTP/1.0" 200 7219 liteos.net "-" "Mozilla/4.0 (compatible; MSIE 7.0; Windows NT 5.1; iebar; acc=ventura5; acc=none; .NET CLR 1.1.4322)" "-"
65.55.217.41 - - [22/Nov/2008:06:25:18 -0500] "GET /info/download.html HTTP/1.1" 200 4914 www.liteos.net "-" "msnbot-media/1.1 (+http://search.msn.com/msnbot.htm)" "-"
65.55.217.60 - - [22/Nov/2008:06:43:34 -0500] "GET /img/icon.jpg HTTP/1.1" 200 90334 www.liteos.net "-" "msnbot-media/1.1 (+http://search.msn.com/msnbot.htm)" "-"
212.227.101.190 - - [22/Nov/2008:08:36:44 -0500] "HEAD / HTTP/1.1" 200 0 www.liteos.net "-" "GT::WWW/1.026" "-"
119.63.193.55 - - [22/Nov/2008:09:07:16 -0500] "GET / HTTP/1.1" 200 7219 www.liteos.net "-" "Baiduspider+(+http://www.baidu.com/search/spider_jp.html)" "-"
66.235.124.40 - - [22/Nov/2008:09:30:50 -0500] "GET /robots.txt HTTP/1.0" 404 2291 www.liteos.net "-" "Mozilla/5.0 (compatible; Ask Jeeves/Teoma; +http://about.ask.com/en/docs/about/webmasters.shtml)" "-"
66.235.124.40 - - [22/Nov/2008:09:30:50 -0500] "GET /docs/docs.html HTTP/1.0" 200 10172 www.liteos.net "-" "Mozilla/5.0 (compatible; Ask Jeeves/Teoma; +http://about.ask.com/en/docs/about/webmasters.shtml)" "-"
38.108.180.117 - - [22/Nov/2008:09:55:44 -0500] "GET /robots.txt HTTP/1.1" 404 2291 www.liteos.net "-" "Mozilla/5.0 (compatible; ScoutJet; +http://www.scoutjet.com/)" "-"
38.108.180.117 - - [22/Nov/2008:09:55:44 -0500] "GET /contact/contact.html HTTP/1.1" 200 8065 www.liteos.net "-" "Mozilla/5.0 (compatible; ScoutJet; +http://www.scoutjet.com/)" "-"
38.108.180.117 - - [22/Nov/2008:09:55:46 -0500] "GET /favicon.ico HTTP/1.1" 200 3638 www.liteos.net "-" "Mozilla/5.0 (compatible; ScoutJet; +http://www.scoutjet.com/)" "-"
220.181.61.199 - - [22/Nov/2008:11:50:28 -0500] "GET /robots.txt HTTP/1.1" 404 2291 www.liteos.net "-" "-" "-"
220.181.61.199 - - [22/Nov/2008:11:50:39 -0500] "GET / HTTP/1.1" 200 - www.liteos.net "-" "Sogou web spider/4.0(+http://www.sogou.com/docs/help/webmasters.htm#07)" "-"
66.235.124.40 - - [22/Nov/2008:11:52:05 -0500] "GET /info/about.html HTTP/1.0" 200 6820 www.liteos.net "-" "Mozilla/5.0 (compatible; Ask Jeeves/Teoma; +http://about.ask.com/en/docs/about/webmasters.shtml)" "-"
119.63.193.56 - - [22/Nov/2008:11:59:35 -0500] "GET /robots.txt HTTP/1.1" 404 2291 www.liteos.net "-" "Baiduspider+(+http://www.baidu.com/search/spider_jp.html)" "-"
66.249.70.209 - - [22/Nov/2008:12:07:35 -0500] "GET /robots.txt HTTP/1.1" 404 2291 www.liteos.net "-" "Mozilla/5.0 (compatible; Googlebot/2.1; +http://www.google.com/bot.html)" "-"
66.249.70.209 - - [22/Nov/2008:12:07:35 -0500] "GET /docs/docs.html HTTP/1.1" 200 10172 www.liteos.net "-" "Mozilla/5.0 (compatible; Googlebot/2.1; +http://www.google.com/bot.html)" "-"
119.63.193.55 - - [22/Nov/2008:13:08:39 -0500] "GET / HTTP/1.1" 200 7219 www.liteos.net "-" "Baiduspider+(+http://www.baidu.com/search/spider_jp.html)" "-"
208.80.194.29 - - [22/Nov/2008:13:26:14 -0500] "GET / HTTP/1.0" 200 7219 www.liteos.net "-" "Mozilla/4.0 (compatible; MSIE 7.0; Windows NT 5.1; FunWebProducts; .NET CLR 1.0.3705; Comcast; Comcast)" "-"
67.195.37.93 - - [22/Nov/2008:14:58:44 -0500] "GET /robots.txt HTTP/1.0" 404 2291 www.liteos.net "-" "Mozilla/5.0 (compatible; Yahoo! Slurp; http://help.yahoo.com/help/us/ysearch/slurp)" "-"
67.195.37.93 - - [22/Nov/2008:14:58:45 -0500] "GET /docs/LiteOS_ApplicationNote101.pdf HTTP/1.0" 200 380601 www.liteos.net "-" "Mozilla/5.0 (compatible; Yahoo! Slurp/3.0; http://help.yahoo.com/help/us/ysearch/slurp)" "-"
64.88.164.196 - - [22/Nov/2008:16:14:45 -0500] "GET /robots.txt HTTP/1.0" 404 2291 www.liteos.net "-" "SapphireWebCrawler/Nutch-1.0-dev (Sapphire Web Crawler using Nutch; http://boston.lti.cs.cmu.edu/crawler/; mhoy@cs.cmu.edu)" "-"
64.88.164.196 - - [22/Nov/2008:16:14:45 -0500] "GET / HTTP/1.0" 200 7219 www.liteos.net "-" "SapphireWebCrawler/Nutch-1.0-dev (Sapphire Web Crawler using Nutch; http://boston.lti.cs.cmu.edu/crawler/; mhoy@cs.cmu.edu)" "-"
66.249.70.209 - - [22/Nov/2008:16:24:17 -0500] "GET /docs/LiteOS_Programming_Guide.pdf HTTP/1.1" 304 - www.liteos.net "-" "Mozilla/5.0 (compatible; Googlebot/2.1; +http://www.google.com/bot.html)" "-"
119.63.193.55 - - [22/Nov/2008:17:06:24 -0500] "GET / HTTP/1.1" 200 7219 www.liteos.net "-" "Baiduspider+(+http://www.baidu.com/search/spider_jp.html)" "-"
66.249.70.209 - - [22/Nov/2008:17:17:49 -0500] "GET /index.html HTTP/1.1" 301 247 www.liteos.net "-" "Mozilla/5.0 (compatible; Googlebot/2.1; +http://www.google.com/bot.html)" "-"
66.249.70.209 - - [22/Nov/2008:17:17:50 -0500] "GET /index.htm HTTP/1.1" 200 7219 www.liteos.net "-" "Mozilla/5.0 (compatible; Googlebot/2.1; +http://www.google.com/bot.html)" "-"
66.249.70.209 - - [22/Nov/2008:17:31:13 -0500] "GET / HTTP/1.1" 200 7219 www.liteos.net "-" "Mozilla/5.0 (compatible; Googlebot/2.1; +http://www.google.com/bot.html)" "-"
66.235.124.40 - - [22/Nov/2008:17:42:11 -0500] "GET / HTTP/1.0" 200 7219 www.liteos.net "-" "Mozilla/5.0 (compatible; Ask Jeeves/Teoma; +http://about.ask.com/en/docs/about/webmasters.shtml)" "-"
65.55.217.57 - - [22/Nov/2008:17:52:15 -0500] "GET /robots.txt HTTP/1.1" 404 2291 www.liteos.net "-" "msnbot-media/1.1 (+http://search.msn.com/msnbot.htm)" "-"
65.55.217.57 - - [22/Nov/2008:17:52:16 -0500] "GET /info/screenshot_cygwin.jpg HTTP/1.1" 200 185594 www.liteos.net "-" "msnbot-media/1.1 (+http://search.msn.com/msnbot.htm)" "-"
64.88.164.196 - - [22/Nov/2008:18:04:25 -0500] "GET /robots.txt HTTP/1.0" 404 2291 www.liteos.net "-" "SapphireWebCrawler/Nutch-1.0-dev (Sapphire Web Crawler using Nutch; http://boston.lti.cs.cmu.edu/crawler/; mhoy@cs.cmu.edu)" "-"
64.88.164.196 - - [22/Nov/2008:18:04:25 -0500] "GET / HTTP/1.0" 200 7219 www.liteos.net "-" "SapphireWebCrawler/Nutch-1.0-dev (Sapphire Web Crawler using Nutch; http://boston.lti.cs.cmu.edu/crawler/; mhoy@cs.cmu.edu)" "-"
64.88.164.196 - - [22/Nov/2008:18:04:25 -0500] "GET /img/liteos_banner.jpg HTTP/1.1" 200 90334 www.liteos.net "-" "SapphireWebCrawler/1.0 (Sapphire Web Crawler using Nutch; http://boston.lti.cs.cmu.edu/crawler/; mhoy@cs.cmu.edu)" "-"
64.88.164.196 - - [22/Nov/2008:18:46:22 -0500] "GET /robots.txt HTTP/1.0" 404 2291 www.liteos.net "-" "SapphireWebCrawler/Nutch-1.0-dev (Sapphire Web Crawler using Nutch; http://boston.lti.cs.cmu.edu/crawler/; mhoy@cs.cmu.edu)" "-"
64.88.164.196 - - [22/Nov/2008:18:46:22 -0500] "GET / HTTP/1.0" 200 7219 www.liteos.net "-" "SapphireWebCrawler/Nutch-1.0-dev (Sapphire Web Crawler using Nutch; http://boston.lti.cs.cmu.edu/crawler/; mhoy@cs.cmu.edu)" "-"
64.88.164.196 - - [22/Nov/2008:18:46:22 -0500] "GET /img/liteos_banner.jpg HTTP/1.1" 200 90334 www.liteos.net "-" "SapphireWebCrawler/1.0 (Sapphire Web Crawler using Nutch; http://boston.lti.cs.cmu.edu/crawler/; mhoy@cs.cmu.edu)" "-"
65.55.217.54 - - [22/Nov/2008:19:36:35 -0500] "GET /robots.txt HTTP/1.1" 404 2291 www.liteos.net "-" "msnbot-media/1.1 (+http://search.msn.com/msnbot.htm)" "-"
65.55.217.54 - - [22/Nov/2008:19:36:35 -0500] "GET /info/linux-penguin.jpg HTTP/1.1" 200 20748 www.liteos.net "-" "msnbot-media/1.1 (+http://search.msn.com/msnbot.htm)" "-"
66.249.70.209 - - [22/Nov/2008:20:51:05 -0500] "GET /info/people.html HTTP/1.1" 200 10363 www.liteos.net "-" "Mozilla/5.0 (compatible; Googlebot/2.1; +http://www.google.com/bot.html)" "-"
119.63.193.55 - - [22/Nov/2008:21:06:32 -0500] "GET / HTTP/1.1" 200 7219 www.liteos.net "-" "Baiduspider+(+http://www.baidu.com/search/spider_jp.html)" "-"
143.89.188.6 - - [22/Nov/2008:21:28:43 -0500] "GET / HTTP/1.0" 200 - www.liteos.net "http://search.yahoo.com/search?p=liteos&ei=utf-8&fr=b2ie7" "Mozilla/4.0 (compatible; MSIE 7.0; Windows NT 5.1; .NET CLR 1.0.3705; .NET CLR 1.1.4322; .NET CLR 2.0.50727; InfoPath.1; .NET CLR 3.0.04506.30; .NET CLR 3.0.04506.648)" "143.89.128.106, 143.89.41.238"
143.89.188.6 - - [22/Nov/2008:21:28:44 -0500] "GET /img/liteos_banner.jpg HTTP/1.0" 304 - www.liteos.net "http://www.liteos.net/" "Mozilla/4.0 (compatible; MSIE 7.0; Windows NT 5.1; .NET CLR 1.0.3705; .NET CLR 1.1.4322; .NET CLR 2.0.50727; InfoPath.1; .NET CLR 3.0.04506.30; .NET CLR 3.0.04506.648)" "143.89.128.106, 143.89.41.238"
143.89.188.6 - - [22/Nov/2008:21:28:44 -0500] "GET /css/liteos.css HTTP/1.0" 304 - www.liteos.net "http://www.liteos.net/" "Mozilla/4.0 (compatible; MSIE 7.0; Windows NT 5.1; .NET CLR 1.0.3705; .NET CLR 1.1.4322; .NET CLR 2.0.50727; InfoPath.1; .NET CLR 3.0.04506.30; .NET CLR 3.0.04506.648)" "143.89.128.106, 143.89.41.238"
143.89.188.6 - - [22/Nov/2008:21:28:44 -0500] "GET /css/outer-box-bg.gif HTTP/1.0" 304 - www.liteos.net "http://www.liteos.net/" "Mozilla/4.0 (compatible; MSIE 7.0; Windows NT 5.1; .NET CLR 1.0.3705; .NET CLR 1.1.4322; .NET CLR 2.0.50727; InfoPath.1; .NET CLR 3.0.04506.30; .NET CLR 3.0.04506.648)" "143.89.128.106, 143.89.41.238"
143.89.188.6 - - [22/Nov/2008:21:28:48 -0500] "GET /docs/docs.html HTTP/1.0" 304 - www.liteos.net "http://www.liteos.net/" "Mozilla/4.0 (compatible; MSIE 7.0; Windows NT 5.1; .NET CLR 1.0.3705; .NET CLR 1.1.4322; .NET CLR 2.0.50727; InfoPath.1; .NET CLR 3.0.04506.30; .NET CLR 3.0.04506.648)" "143.89.128.106, 143.89.41.238"
143.89.188.6 - - [22/Nov/2008:21:28:48 -0500] "GET /img/icon.jpg HTTP/1.0" 304 - www.liteos.net "http://www.liteos.net/docs/docs.html" "Mozilla/4.0 (compatible; MSIE 7.0; Windows NT 5.1; .NET CLR 1.0.3705; .NET CLR 1.1.4322; .NET CLR 2.0.50727; InfoPath.1; .NET CLR 3.0.04506.30; .NET CLR 3.0.04506.648)" "143.89.128.106, 143.89.41.238"
143.89.188.6 - - [22/Nov/2008:21:28:48 -0500] "GET /css/li-brown.png HTTP/1.0" 304 - www.liteos.net "http://www.liteos.net/docs/docs.html" "Mozilla/4.0 (compatible; MSIE 7.0; Windows NT 5.1; .NET CLR 1.0.3705; .NET CLR 1.1.4322; .NET CLR 2.0.50727; InfoPath.1; .NET CLR 3.0.04506.30; .NET CLR 3.0.04506.648)" "143.89.128.106, 143.89.41.238"
143.89.188.6 - - [22/Nov/2008:21:28:48 -0500] "GET /css/hr_gray.png HTTP/1.0" 304 - www.liteos.net "http://www.liteos.net/docs/docs.html" "Mozilla/4.0 (compatible; MSIE 7.0; Windows NT 5.1; .NET CLR 1.0.3705; .NET CLR 1.1.4322; .NET CLR 2.0.50727; InfoPath.1; .NET CLR 3.0.04506.30; .NET CLR 3.0.04506.648)" "143.89.128.106, 143.89.41.238"
38.108.180.117 - - [22/Nov/2008:21:36:39 -0500] "GET /robots.txt HTTP/1.1" 404 2291 www.liteos.net "-" "Mozilla/5.0 (compatible; ScoutJet; +http://www.scoutjet.com/)" "-"
38.108.180.117 - - [22/Nov/2008:21:36:40 -0500] "GET /docs/docs.html HTTP/1.1" 200 10172 www.liteos.net "-" "Mozilla/5.0 (compatible; ScoutJet; +http://www.scoutjet.com/)" "-"
38.108.180.117 - - [22/Nov/2008:21:36:42 -0500] "GET /favicon.ico HTTP/1.1" 200 3638 www.liteos.net "-" "Mozilla/5.0 (compatible; ScoutJet; +http://www.scoutjet.com/)" "-"
64.88.164.196 - - [22/Nov/2008:22:11:06 -0500] "GET /robots.txt HTTP/1.0" 404 2291 www.liteos.net "-" "SapphireWebCrawler/Nutch-1.0-dev (Sapphire Web Crawler using Nutch; http://boston.lti.cs.cmu.edu/crawler/; mhoy@cs.cmu.edu)" "-"
64.88.164.196 - - [22/Nov/2008:22:11:06 -0500] "GET / HTTP/1.0" 200 7219 www.liteos.net "-" "SapphireWebCrawler/Nutch-1.0-dev (Sapphire Web Crawler using Nutch; http://boston.lti.cs.cmu.edu/crawler/; mhoy@cs.cmu.edu)" "-"
64.88.164.196 - - [22/Nov/2008:22:11:06 -0500] "GET /img/liteos_banner.jpg HTTP/1.0" 200 90334 www.liteos.net "-" "SapphireWebCrawler/1.0 (Sapphire Web Crawler using Nutch; http://boston.lti.cs.cmu.edu/crawler/; mhoy@cs.cmu.edu)" "-"
64.88.164.196 - - [22/Nov/2008:23:28:43 -0500] "GET /robots.txt HTTP/1.0" 404 2291 www.liteos.net "-" "SapphireWebCrawler/Nutch-1.0-dev (Sapphire Web Crawler using Nutch; http://boston.lti.cs.cmu.edu/crawler/; mhoy@cs.cmu.edu)" "-"
64.88.164.196 - - [22/Nov/2008:23:28:44 -0500] "GET / HTTP/1.0" 200 7219 www.liteos.net "-" "SapphireWebCrawler/Nutch-1.0-dev (Sapphire Web Crawler using Nutch; http://boston.lti.cs.cmu.edu/crawler/; mhoy@cs.cmu.edu)" "-"
64.88.164.196 - - [22/Nov/2008:23:28:44 -0500] "GET /img/liteos_banner.jpg HTTP/1.0" 200 90334 www.liteos.net "-" "SapphireWebCrawler/1.0 (Sapphire Web Crawler using Nutch; http://boston.lti.cs.cmu.edu/crawler/; mhoy@cs.cmu.edu)" "-"
65.55.217.63 - - [23/Nov/2008:00:51:22 -0500] "GET /robots.txt HTTP/1.1" 404 2291 www.liteos.net "-" "msnbot-media/1.1 (+http://search.msn.com/msnbot.htm)" "-"
65.55.217.63 - - [23/Nov/2008:00:51:22 -0500] "GET /info/windows_logo.jpg HTTP/1.1" 200 78007 www.liteos.net "-" "msnbot-media/1.1 (+http://search.msn.com/msnbot.htm)" "-"
64.88.164.196 - - [23/Nov/2008:01:06:31 -0500] "GET /robots.txt HTTP/1.0" 404 2291 www.liteos.net "-" "SapphireWebCrawler/Nutch-1.0-dev (Sapphire Web Crawler using Nutch; http://boston.lti.cs.cmu.edu/crawler/; mhoy@cs.cmu.edu)" "-"
64.88.164.196 - - [23/Nov/2008:01:06:31 -0500] "GET / HTTP/1.0" 200 7219 www.liteos.net "-" "SapphireWebCrawler/Nutch-1.0-dev (Sapphire Web Crawler using Nutch; http://boston.lti.cs.cmu.edu/crawler/; mhoy@cs.cmu.edu)" "-"
64.88.164.196 - - [23/Nov/2008:01:06:32 -0500] "GET /img/liteos_banner.jpg HTTP/1.0" 200 90334 www.liteos.net "-" "SapphireWebCrawler/1.0 (Sapphire Web Crawler using Nutch; http://boston.lti.cs.cmu.edu/crawler/; mhoy@cs.cmu.edu)" "-"
119.63.193.55 - - [23/Nov/2008:01:09:17 -0500] "GET / HTTP/1.1" 200 7219 www.liteos.net "-" "Baiduspider+(+http://www.baidu.com/search/spider_jp.html)" "-"
64.88.164.196 - - [23/Nov/2008:02:53:55 -0500] "GET /robots.txt HTTP/1.0" 404 2291 www.liteos.net "-" "SapphireWebCrawler/Nutch-1.0-dev (Sapphire Web Crawler using Nutch; http://boston.lti.cs.cmu.edu/crawler/; mhoy@cs.cmu.edu)" "-"
68.102.41.36 - - [23/Nov/2008:03:30:06 -0500] "GET / HTTP/1.1" 200 7219 www.liteos.net "-" "Mozilla/4.0 (compatible; MSIE 7.0; Windows NT 5.1; InfoPath.2; .NET CLR 2.0.50727; .NET CLR 3.0.04506.648; .NET CLR 3.5.21022)" "-"
68.102.41.36 - - [23/Nov/2008:03:30:07 -0500] "GET /css/liteos.css HTTP/1.1" 200 4971 www.liteos.net "http://www.liteos.net/" "Mozilla/4.0 (compatible; MSIE 7.0; Windows NT 5.1; InfoPath.2; .NET CLR 2.0.50727; .NET CLR 3.0.04506.648; .NET CLR 3.5.21022)" "-"
68.102.41.36 - - [23/Nov/2008:03:30:07 -0500] "GET /css/outer-box-bg.gif HTTP/1.1" 200 763 www.liteos.net "http://www.liteos.net/" "Mozilla/4.0 (compatible; MSIE 7.0; Windows NT 5.1; InfoPath.2; .NET CLR 2.0.50727; .NET CLR 3.0.04506.648; .NET CLR 3.5.21022)" "-"
68.102.41.36 - - [23/Nov/2008:03:30:08 -0500] "GET /img/liteos_banner.jpg HTTP/1.1" 200 90334 www.liteos.net "http://www.liteos.net/" "Mozilla/4.0 (compatible; MSIE 7.0; Windows NT 5.1; InfoPath.2; .NET CLR 2.0.50727; .NET CLR 3.0.04506.648; .NET CLR 3.5.21022)" "-"
68.102.41.36 - - [23/Nov/2008:03:30:08 -0500] "GET /favicon.ico HTTP/1.1" 200 3638 www.liteos.net "-" "Mozilla/4.0 (compatible; MSIE 7.0; Windows NT 5.1; InfoPath.2; .NET CLR 2.0.50727; .NET CLR 3.0.04506.648; .NET CLR 3.5.21022)" "-"
68.102.41.36 - - [23/Nov/2008:03:30:09 -0500] "GET /docs/docs.html HTTP/1.1" 200 10172 www.liteos.net "http://www.liteos.net/" "Mozilla/4.0 (compatible; MSIE 7.0; Windows NT 5.1; InfoPath.2; .NET CLR 2.0.50727; .NET CLR 3.0.04506.648; .NET CLR 3.5.21022)" "-"
68.102.41.36 - - [23/Nov/2008:03:30:10 -0500] "GET /css/liteos.css HTTP/1.1" 304 - www.liteos.net "http://www.liteos.net/docs/docs.html" "Mozilla/4.0 (compatible; MSIE 7.0; Windows NT 5.1; InfoPath.2; .NET CLR 2.0.50727; .NET CLR 3.0.04506.648; .NET CLR 3.5.21022)" "-"
68.102.41.36 - - [23/Nov/2008:03:30:10 -0500] "GET /css/outer-box-bg.gif HTTP/1.1" 304 - www.liteos.net "http://www.liteos.net/docs/docs.html" "Mozilla/4.0 (compatible; MSIE 7.0; Windows NT 5.1; InfoPath.2; .NET CLR 2.0.50727; .NET CLR 3.0.04506.648; .NET CLR 3.5.21022)" "-"
68.102.41.36 - - [23/Nov/2008:03:30:10 -0500] "GET /css/hr_gray.png HTTP/1.1" 200 132 www.liteos.net "http://www.liteos.net/docs/docs.html" "Mozilla/4.0 (compatible; MSIE 7.0; Windows NT 5.1; InfoPath.2; .NET CLR 2.0.50727; .NET CLR 3.0.04506.648; .NET CLR 3.5.21022)" "-"
68.102.41.36 - - [23/Nov/2008:03:30:10 -0500] "GET /img/icon.jpg HTTP/1.1" 200 90334 www.liteos.net "http://www.liteos.net/docs/docs.html" "Mozilla/4.0 (compatible; MSIE 7.0; Windows NT 5.1; InfoPath.2; .NET CLR 2.0.50727; .NET CLR 3.0.04506.648; .NET CLR 3.5.21022)" "-"
68.102.41.36 - - [23/Nov/2008:03:30:10 -0500] "GET /css/li-brown.png HTTP/1.1" 200 141 www.liteos.net "http://www.liteos.net/docs/docs.html" "Mozilla/4.0 (compatible; MSIE 7.0; Windows NT 5.1; InfoPath.2; .NET CLR 2.0.50727; .NET CLR 3.0.04506.648; .NET CLR 3.5.21022)" "-"
68.102.41.36 - - [23/Nov/2008:03:30:31 -0500] "GET /docs/LiteOS_User_Guide.pdf HTTP/1.1" 200 1438920 www.liteos.net "http://www.liteos.net/docs/docs.html" "Mozilla/4.0 (compatible; MSIE 7.0; Windows NT 5.1; InfoPath.2; .NET CLR 2.0.50727; .NET CLR 3.0.04506.648; .NET CLR 3.5.21022)" "-"
72.30.78.247 - - [23/Nov/2008:03:31:49 -0500] "GET /robots.txt HTTP/1.0" 404 2291 www.liteos.net "-" "Mozilla/5.0 (compatible; Yahoo! Slurp; http://help.yahoo.com/help/us/ysearch/slurp)" "-"
72.30.78.247 - - [23/Nov/2008:03:31:50 -0500] "GET /docs/releasenotes.txt HTTP/1.0" 200 5298 www.liteos.net "-" "Mozilla/5.0 (compatible; Yahoo! Slurp; http://help.yahoo.com/help/us/ysearch/slurp)" "-"
220.181.61.192 - - [23/Nov/2008:04:14:23 -0500] "GET / HTTP/1.1" 200 7219 www.liteos.net "-" "Sogou web spider/4.0(+http://www.sogou.com/docs/help/webmasters.htm#07)" "-"
119.63.193.55 - - [23/Nov/2008:05:08:39 -0500] "GET / HTTP/1.1" 200 7219 www.liteos.net "-" "Baiduspider+(+http://www.baidu.com/search/spider_jp.html)" "-"
68.102.41.36 - - [23/Nov/2008:06:31:22 -0500] "GET / HTTP/1.1" 200 7219 www.liteos.net "-" "Mozilla/5.0 (Windows; U; Windows NT 5.1; en-US; rv:1.9.0.3) Gecko/2008092417 Firefox/3.0.3" "-"
68.102.41.36 - - [23/Nov/2008:06:31:23 -0500] "GET /css/liteos.css HTTP/1.1" 200 4971 www.liteos.net "http://www.liteos.net/" "Mozilla/5.0 (Windows; U; Windows NT 5.1; en-US; rv:1.9.0.3) Gecko/2008092417 Firefox/3.0.3" "-"
68.102.41.36 - - [23/Nov/2008:06:31:23 -0500] "GET /favicon.ico HTTP/1.1" 200 3638 www.liteos.net "-" "Mozilla/5.0 (Windows; U; Windows NT 5.1; en-US; rv:1.9.0.3) Gecko/2008092417 Firefox/3.0.3" "-"
68.102.41.36 - - [23/Nov/2008:06:31:23 -0500] "GET /css/outer-box-bg.gif HTTP/1.1" 200 763 www.liteos.net "http://www.liteos.net/css/liteos.css" "Mozilla/5.0 (Windows; U; Windows NT 5.1; en-US; rv:1.9.0.3) Gecko/2008092417 Firefox/3.0.3" "-"
68.102.41.36 - - [23/Nov/2008:06:31:23 -0500] "GET /img/liteos_banner.jpg HTTP/1.1" 200 90334 www.liteos.net "http://www.liteos.net/" "Mozilla/5.0 (Windows; U; Windows NT 5.1; en-US; rv:1.9.0.3) Gecko/2008092417 Firefox/3.0.3" "-"
68.102.41.36 - - [23/Nov/2008:06:31:25 -0500] "GET /info/download.html HTTP/1.1" 200 4914 www.liteos.net "http://www.liteos.net/" "Mozilla/5.0 (Windows; U; Windows NT 5.1; en-US; rv:1.9.0.3) Gecko/2008092417 Firefox/3.0.3" "-"
68.102.41.36 - - [23/Nov/2008:06:31:25 -0500] "GET /css/hr_gray.png HTTP/1.1" 200 132 www.liteos.net "http://www.liteos.net/css/liteos.css" "Mozilla/5.0 (Windows; U; Windows NT 5.1; en-US; rv:1.9.0.3) Gecko/2008092417 Firefox/3.0.3" "-"
68.102.41.36 - - [23/Nov/2008:06:31:25 -0500] "GET /css/li-brown.png HTTP/1.1" 200 141 www.liteos.net "http://www.liteos.net/css/liteos.css" "Mozilla/5.0 (Windows; U; Windows NT 5.1; en-US; rv:1.9.0.3) Gecko/2008092417 Firefox/3.0.3" "-"
68.102.41.36 - - [23/Nov/2008:06:31:25 -0500] "GET /info/linux-penguin.jpg HTTP/1.1" 200 20748 www.liteos.net "http://www.liteos.net/info/download.html" "Mozilla/5.0 (Windows; U; Windows NT 5.1; en-US; rv:1.9.0.3) Gecko/2008092417 Firefox/3.0.3" "-"
68.102.41.36 - - [23/Nov/2008:06:31:25 -0500] "GET /img/icon.jpg HTTP/1.1" 200 90334 www.liteos.net "http://www.liteos.net/info/download.html" "Mozilla/5.0 (Windows; U; Windows NT 5.1; en-US; rv:1.9.0.3) Gecko/2008092417 Firefox/3.0.3" "-"
68.102.41.36 - - [23/Nov/2008:06:31:26 -0500] "GET /info/windows_logo.jpg HTTP/1.1" 200 78007 www.liteos.net "http://www.liteos.net/info/download.html" "Mozilla/5.0 (Windows; U; Windows NT 5.1; en-US; rv:1.9.0.3) Gecko/2008092417 Firefox/3.0.3" "-"
68.102.41.36 - - [23/Nov/2008:06:31:26 -0500] "GET /info/screenshot_cygwin.jpg HTTP/1.1" 200 185594 www.liteos.net "http://www.liteos.net/info/download.html" "Mozilla/5.0 (Windows; U; Windows NT 5.1; en-US; rv:1.9.0.3) Gecko/2008092417 Firefox/3.0.3" "-"
68.102.41.36 - - [23/Nov/2008:06:34:21 -0500] "GET /Software/LiteOSSetup.exe HTTP/1.1" 200 34249769 www.liteos.net "http://www.liteos.net/info/download.html" "Mozilla/5.0 (Windows; U; Windows NT 5.1; en-US; rv:1.9.0.3) Gecko/2008092417 Firefox/3.0.3" "-"
66.235.124.40 - - [23/Nov/2008:07:06:14 -0500] "GET /robots.txt HTTP/1.0" 404 2291 www.liteos.net "-" "Mozilla/5.0 (compatible; Ask Jeeves/Teoma; +http://about.ask.com/en/docs/about/webmasters.shtml)" "-"
66.235.124.40 - - [23/Nov/2008:07:06:14 -0500] "GET /info/download.html HTTP/1.0" 200 4914 www.liteos.net "-" "Mozilla/5.0 (compatible; Ask Jeeves/Teoma; +http://about.ask.com/en/docs/about/webmasters.shtml)" "-"
85.197.21.139 - - [23/Nov/2008:08:09:29 -0500] "GET / HTTP/1.1" 200 7219 www.liteos.net "http://www.google.com/search?q=LiteOS&sourceid=navclient-ff&ie=UTF-8&rlz=1B3GGGL_enDE301DE301" "Mozilla/5.0 (Windows; U; Windows NT 5.1; en-US; rv:1.9.0.4) Gecko/2008102920 Firefox/3.0.4" "-"
85.197.21.139 - - [23/Nov/2008:08:09:29 -0500] "GET /css/liteos.css HTTP/1.1" 200 4971 www.liteos.net "http://www.liteos.net/" "Mozilla/5.0 (Windows; U; Windows NT 5.1; en-US; rv:1.9.0.4) Gecko/2008102920 Firefox/3.0.4" "-"
85.197.21.139 - - [23/Nov/2008:08:09:29 -0500] "GET /favicon.ico HTTP/1.1" 200 3638 www.liteos.net "-" "Mozilla/5.0 (Windows; U; Windows NT 5.1; en-US; rv:1.9.0.4) Gecko/2008102920 Firefox/3.0.4" "-"
85.197.21.139 - - [23/Nov/2008:08:09:30 -0500] "GET /favicon.ico HTTP/1.1" 200 3638 www.liteos.net "-" "Mozilla/5.0 (compatible; Google Desktop)" "-"
85.197.21.139 - - [23/Nov/2008:08:09:30 -0500] "GET /css/outer-box-bg.gif HTTP/1.1" 200 763 www.liteos.net "http://www.liteos.net/css/liteos.css" "Mozilla/5.0 (Windows; U; Windows NT 5.1; en-US; rv:1.9.0.4) Gecko/2008102920 Firefox/3.0.4" "-"
85.197.21.139 - - [23/Nov/2008:08:09:31 -0500] "GET /img/liteos_banner.jpg HTTP/1.1" 200 90334 www.liteos.net "http://www.liteos.net/" "Mozilla/5.0 (Windows; U; Windows NT 5.1; en-US; rv:1.9.0.4) Gecko/2008102920 Firefox/3.0.4" "-"
85.197.21.139 - - [23/Nov/2008:08:16:34 -0500] "GET /info/about.html HTTP/1.1" 200 6820 www.liteos.net "http://www.liteos.net/" "Mozilla/5.0 (Windows; U; Windows NT 5.1; en-US; rv:1.9.0.4) Gecko/2008102920 Firefox/3.0.4" "-"
85.197.21.139 - - [23/Nov/2008:08:16:35 -0500] "GET /css/li-brown.png HTTP/1.1" 200 141 www.liteos.net "http://www.liteos.net/css/liteos.css" "Mozilla/5.0 (Windows; U; Windows NT 5.1; en-US; rv:1.9.0.4) Gecko/2008102920 Firefox/3.0.4" "-"
85.197.21.139 - - [23/Nov/2008:08:16:35 -0500] "GET /css/hr_gray.png HTTP/1.1" 200 132 www.liteos.net "http://www.liteos.net/css/liteos.css" "Mozilla/5.0 (Windows; U; Windows NT 5.1; en-US; rv:1.9.0.4) Gecko/2008102920 Firefox/3.0.4" "-"
85.197.21.139 - - [23/Nov/2008:08:16:36 -0500] "GET /img/icon.jpg HTTP/1.1" 200 90334 www.liteos.net "http://www.liteos.net/info/about.html" "Mozilla/5.0 (Windows; U; Windows NT 5.1; en-US; rv:1.9.0.4) Gecko/2008102920 Firefox/3.0.4" "-"
119.63.193.55 - - [23/Nov/2008:09:07:18 -0500] "GET / HTTP/1.1" 200 7219 www.liteos.net "-" "Baiduspider+(+http://www.baidu.com/search/spider_jp.html)" "-"
72.30.78.247 - - [23/Nov/2008:09:11:11 -0500] "GET /Software/LiteOSSetup.exe HTTP/1.0" 200 34249769 www.liteos.net "-" "Mozilla/5.0 (compatible; Yahoo! Slurp; http://help.yahoo.com/help/us/ysearch/slurp)" "-"
190.51.242.113 - - [23/Nov/2008:09:29:00 -0500] "GET /info/people.html HTTP/1.1" 200 10363 www.liteos.net "http://www.google.com.ar/search?hl=es&q=liteos&meta=" "Mozilla/4.0 (compatible; MSIE 6.0; Windows NT 5.1; SV1; Alexa Toolbar; MEGAUPLOAD 2.0; .NET CLR 1.1.4322; .NET CLR 2.0.50727)" "-"
190.51.242.113 - - [23/Nov/2008:09:29:01 -0500] "GET /css/liteos.css HTTP/1.1" 200 4971 www.liteos.net "http://www.liteos.net/info/people.html" "Mozilla/4.0 (compatible; MSIE 6.0; Windows NT 5.1; SV1; Alexa Toolbar; MEGAUPLOAD 2.0; .NET CLR 1.1.4322; .NET CLR 2.0.50727)" "-"
190.51.242.113 - - [23/Nov/2008:09:29:01 -0500] "GET /img/icon.jpg HTTP/1.1" 200 90334 www.liteos.net "http://www.liteos.net/info/people.html" "Mozilla/4.0 (compatible; MSIE 6.0; Windows NT 5.1; SV1; Alexa Toolbar; MEGAUPLOAD 2.0; .NET CLR 1.1.4322; .NET CLR 2.0.50727)" "-"
190.51.242.113 - - [23/Nov/2008:09:29:01 -0500] "GET /css/outer-box-bg.gif HTTP/1.1" 200 763 www.liteos.net "http://www.liteos.net/info/people.html" "Mozilla/4.0 (compatible; MSIE 6.0; Windows NT 5.1; SV1; Alexa Toolbar; MEGAUPLOAD 2.0; .NET CLR 1.1.4322; .NET CLR 2.0.50727)" "-"
190.51.242.113 - - [23/Nov/2008:09:29:02 -0500] "GET /css/hr_gray.png HTTP/1.1" 200 132 www.liteos.net "http://www.liteos.net/info/people.html" "Mozilla/4.0 (compatible; MSIE 6.0; Windows NT 5.1; SV1; Alexa Toolbar; MEGAUPLOAD 2.0; .NET CLR 1.1.4322; .NET CLR 2.0.50727)" "-"
66.235.124.40 - - [23/Nov/2008:10:03:30 -0500] "GET /docs/faq.html HTTP/1.0" 200 11494 www.liteos.net "-" "Mozilla/5.0 (compatible; Ask Jeeves/Teoma; +http://about.ask.com/en/docs/about/webmasters.shtml)" "-"
208.80.194.32 - - [23/Nov/2008:10:11:02 -0500] "GET / HTTP/1.0" 200 7219 liteos.net "-" "Mozilla/4.0 (compatible; MSIE 6.0; Windows NT 5.1; SV1; .NET CLR 2.0.50928)" "-"
201.42.162.124 - - [23/Nov/2008:11:32:11 -0500] "GET /info/people.html HTTP/1.1" 200 10363 www.liteos.net "http://www.google.com.br/search?hl=pt-BR&q=liteos&meta=" "Mozilla/4.0 (compatible; MSIE 7.0; Windows NT 6.0; WOW64; SLCC1; .NET CLR 2.0.50727; .NET CLR 3.0.04506; FDM; Media Center PC 5.0; MEGAUPLOAD 3.0)" "-"
201.42.162.124 - - [23/Nov/2008:11:32:12 -0500] "GET /css/liteos.css HTTP/1.1" 200 4971 www.liteos.net "http://www.liteos.net/info/people.html" "Mozilla/4.0 (compatible; MSIE 7.0; Windows NT 6.0; WOW64; SLCC1; .NET CLR 2.0.50727; .NET CLR 3.0.04506; FDM; Media Center PC 5.0; MEGAUPLOAD 3.0)" "-"
201.42.162.124 - - [23/Nov/2008:11:32:13 -0500] "GET /css/outer-box-bg.gif HTTP/1.1" 200 763 www.liteos.net "http://www.liteos.net/info/people.html" "Mozilla/4.0 (compatible; MSIE 7.0; Windows NT 6.0; WOW64; SLCC1; .NET CLR 2.0.50727; .NET CLR 3.0.04506; FDM; Media Center PC 5.0; MEGAUPLOAD 3.0)" "-"
201.42.162.124 - - [23/Nov/2008:11:32:14 -0500] "GET /css/hr_gray.png HTTP/1.1" 200 132 www.liteos.net "http://www.liteos.net/info/people.html" "Mozilla/4.0 (compatible; MSIE 7.0; Windows NT 6.0; WOW64; SLCC1; .NET CLR 2.0.50727; .NET CLR 3.0.04506; FDM; Media Center PC 5.0; MEGAUPLOAD 3.0)" "-"
201.42.162.124 - - [23/Nov/2008:11:32:14 -0500] "GET /img/icon.jpg HTTP/1.1" 200 90334 www.liteos.net "http://www.liteos.net/info/people.html" "Mozilla/4.0 (compatible; MSIE 7.0; Windows NT 6.0; WOW64; SLCC1; .NET CLR 2.0.50727; .NET CLR 3.0.04506; FDM; Media Center PC 5.0; MEGAUPLOAD 3.0)" "-"
201.42.162.124 - - [23/Nov/2008:11:32:16 -0500] "GET /favicon.ico HTTP/1.1" 200 3638 www.liteos.net "-" "Mozilla/4.0 (compatible; MSIE 7.0; Windows NT 6.0; WOW64; SLCC1; .NET CLR 2.0.50727; .NET CLR 3.0.04506; FDM; Media Center PC 5.0; MEGAUPLOAD 3.0)" "-"
201.42.162.124 - - [23/Nov/2008:11:37:13 -0500] "GET / HTTP/1.1" 200 7219 www.liteos.net "-" "Mozilla/4.0 (compatible; MSIE 7.0; Windows NT 6.0; WOW64; SLCC1; .NET CLR 2.0.50727; .NET CLR 3.0.04506; FDM; Media Center PC 5.0; MEGAUPLOAD 3.0)" "-"
201.42.162.124 - - [23/Nov/2008:11:37:14 -0500] "GET /css/liteos.css HTTP/1.1" 304 - www.liteos.net "http://www.liteos.net/" "Mozilla/4.0 (compatible; MSIE 7.0; Windows NT 6.0; WOW64; SLCC1; .NET CLR 2.0.50727; .NET CLR 3.0.04506; FDM; Media Center PC 5.0; MEGAUPLOAD 3.0)" "-"
201.42.162.124 - - [23/Nov/2008:11:37:14 -0500] "GET /css/outer-box-bg.gif HTTP/1.1" 304 - www.liteos.net "http://www.liteos.net/" "Mozilla/4.0 (compatible; MSIE 7.0; Windows NT 6.0; WOW64; SLCC1; .NET CLR 2.0.50727; .NET CLR 3.0.04506; FDM; Media Center PC 5.0; MEGAUPLOAD 3.0)" "-"
201.42.162.124 - - [23/Nov/2008:11:37:15 -0500] "GET /img/liteos_banner.jpg HTTP/1.1" 200 90334 www.liteos.net "http://www.liteos.net/" "Mozilla/4.0 (compatible; MSIE 7.0; Windows NT 6.0; WOW64; SLCC1; .NET CLR 2.0.50727; .NET CLR 3.0.04506; FDM; Media Center PC 5.0; MEGAUPLOAD 3.0)" "-"
201.42.162.124 - - [23/Nov/2008:11:42:21 -0500] "GET /info/download.html HTTP/1.1" 200 4914 www.liteos.net "http://www.liteos.net/" "Mozilla/4.0 (compatible; MSIE 7.0; Windows NT 6.0; WOW64; SLCC1; .NET CLR 2.0.50727; .NET CLR 3.0.04506; FDM; Media Center PC 5.0; MEGAUPLOAD 3.0)" "-"
201.42.162.124 - - [23/Nov/2008:11:42:22 -0500] "GET /img/icon.jpg HTTP/1.1" 304 - www.liteos.net "http://www.liteos.net/info/download.html" "Mozilla/4.0 (compatible; MSIE 7.0; Windows NT 6.0; WOW64; SLCC1; .NET CLR 2.0.50727; .NET CLR 3.0.04506; FDM; Media Center PC 5.0; MEGAUPLOAD 3.0)" "-"
201.42.162.124 - - [23/Nov/2008:11:42:22 -0500] "GET /css/li-brown.png HTTP/1.1" 200 141 www.liteos.net "http://www.liteos.net/info/download.html" "Mozilla/4.0 (compatible; MSIE 7.0; Windows NT 6.0; WOW64; SLCC1; .NET CLR 2.0.50727; .NET CLR 3.0.04506; FDM; Media Center PC 5.0; MEGAUPLOAD 3.0)" "-"
201.42.162.124 - - [23/Nov/2008:11:42:23 -0500] "GET /info/linux-penguin.jpg HTTP/1.1" 200 20748 www.liteos.net "http://www.liteos.net/info/download.html" "Mozilla/4.0 (compatible; MSIE 7.0; Windows NT 6.0; WOW64; SLCC1; .NET CLR 2.0.50727; .NET CLR 3.0.04506; FDM; Media Center PC 5.0; MEGAUPLOAD 3.0)" "-"
201.42.162.124 - - [23/Nov/2008:11:42:25 -0500] "GET /info/windows_logo.jpg HTTP/1.1" 200 78007 www.liteos.net "http://www.liteos.net/info/download.html" "Mozilla/4.0 (compatible; MSIE 7.0; Windows NT 6.0; WOW64; SLCC1; .NET CLR 2.0.50727; .NET CLR 3.0.04506; FDM; Media Center PC 5.0; MEGAUPLOAD 3.0)" "-"
201.42.162.124 - - [23/Nov/2008:11:42:26 -0500] "GET /css/hr_gray.png HTTP/1.1" 304 - www.liteos.net "http://www.liteos.net/info/download.html" "Mozilla/4.0 (compatible; MSIE 7.0; Windows NT 6.0; WOW64; SLCC1; .NET CLR 2.0.50727; .NET CLR 3.0.04506; FDM; Media Center PC 5.0; MEGAUPLOAD 3.0)" "-"
201.42.162.124 - - [23/Nov/2008:11:42:29 -0500] "GET /info/screenshot_cygwin.jpg HTTP/1.1" 200 185594 www.liteos.net "http://www.liteos.net/info/download.html" "Mozilla/4.0 (compatible; MSIE 7.0; Windows NT 6.0; WOW64; SLCC1; .NET CLR 2.0.50727; .NET CLR 3.0.04506; FDM; Media Center PC 5.0; MEGAUPLOAD 3.0)" "-"
201.42.162.124 - - [23/Nov/2008:11:44:56 -0500] "GET / HTTP/1.1" 200 - www.liteos.net "-" "Mozilla/4.0 (compatible; MSIE 7.0; Windows NT 6.0; WOW64; SLCC1; .NET CLR 2.0.50727; .NET CLR 3.0.04506; FDM; Media Center PC 5.0; MEGAUPLOAD 3.0)" "-"
201.42.162.124 - - [23/Nov/2008:11:44:57 -0500] "GET /img/liteos_banner.jpg HTTP/1.1" 304 - www.liteos.net "http://www.liteos.net/" "Mozilla/4.0 (compatible; MSIE 7.0; Windows NT 6.0; WOW64; SLCC1; .NET CLR 2.0.50727; .NET CLR 3.0.04506; FDM; Media Center PC 5.0; MEGAUPLOAD 3.0)" "-"
201.42.162.124 - - [23/Nov/2008:11:44:57 -0500] "GET /css/liteos.css HTTP/1.1" 304 - www.liteos.net "http://www.liteos.net/" "Mozilla/4.0 (compatible; MSIE 7.0; Windows NT 6.0; WOW64; SLCC1; .NET CLR 2.0.50727; .NET CLR 3.0.04506; FDM; Media Center PC 5.0; MEGAUPLOAD 3.0)" "-"
201.42.162.124 - - [23/Nov/2008:11:44:58 -0500] "GET /css/outer-box-bg.gif HTTP/1.1" 304 - www.liteos.net "http://www.liteos.net/" "Mozilla/4.0 (compatible; MSIE 7.0; Windows NT 6.0; WOW64; SLCC1; .NET CLR 2.0.50727; .NET CLR 3.0.04506; FDM; Media Center PC 5.0; MEGAUPLOAD 3.0)" "-"
212.94.14.38 - - [23/Nov/2008:11:47:12 -0500] "GET / HTTP/1.1" 200 7219 liteos.net "-" "Opera/9.50 (Windows NT 5.1; U; ru)" "-"
212.94.14.38 - - [23/Nov/2008:11:47:12 -0500] "GET /css/liteos.css HTTP/1.1" 200 4971 liteos.net "http://liteos.net/" "Opera/9.50 (Windows NT 5.1; U; ru)" "-"
212.94.14.38 - - [23/Nov/2008:11:47:12 -0500] "GET /favicon.ico HTTP/1.1" 200 3638 liteos.net "http://liteos.net/" "Opera/9.50 (Windows NT 5.1; U; ru)" "-"
212.94.14.38 - - [23/Nov/2008:11:47:13 -0500] "GET /css/outer-box-bg.gif HTTP/1.1" 200 763 liteos.net "http://liteos.net/" "Opera/9.50 (Windows NT 5.1; U; ru)" "-"
212.94.14.38 - - [23/Nov/2008:11:47:14 -0500] "GET /img/liteos_banner.jpg HTTP/1.1" 200 90334 liteos.net "http://liteos.net/" "Opera/9.50 (Windows NT 5.1; U; ru)" "-"
212.94.14.38 - - [23/Nov/2008:11:47:21 -0500] "GET /info/download.html HTTP/1.1" 200 4914 liteos.net "http://liteos.net/" "Opera/9.50 (Windows NT 5.1; U; ru)" "-"
212.94.14.38 - - [23/Nov/2008:11:47:21 -0500] "GET /info/linux-penguin.jpg HTTP/1.1" 200 20748 liteos.net "http://liteos.net/info/download.html" "Opera/9.50 (Windows NT 5.1; U; ru)" "-"
212.94.14.38 - - [23/Nov/2008:11:47:22 -0500] "GET /css/li-brown.png HTTP/1.1" 200 141 liteos.net "http://liteos.net/info/download.html" "Opera/9.50 (Windows NT 5.1; U; ru)" "-"
212.94.14.38 - - [23/Nov/2008:11:47:22 -0500] "GET /css/hr_gray.png HTTP/1.1" 200 132 liteos.net "http://liteos.net/info/download.html" "Opera/9.50 (Windows NT 5.1; U; ru)" "-"
212.94.14.38 - - [23/Nov/2008:11:47:23 -0500] "GET /info/windows_logo.jpg HTTP/1.1" 200 78007 liteos.net "http://liteos.net/info/download.html" "Opera/9.50 (Windows NT 5.1; U; ru)" "-"
212.94.14.38 - - [23/Nov/2008:11:47:23 -0500] "GET /img/icon.jpg HTTP/1.1" 200 90334 liteos.net "http://liteos.net/info/download.html" "Opera/9.50 (Windows NT 5.1; U; ru)" "-"
212.94.14.38 - - [23/Nov/2008:11:47:25 -0500] "GET /info/screenshot_cygwin.jpg HTTP/1.1" 200 92061 liteos.net "http://liteos.net/info/download.html" "Opera/9.50 (Windows NT 5.1; U; ru)" "-"
212.94.14.38 - - [23/Nov/2008:11:47:27 -0500] "GET /info/screenshot_cygwin.jpg HTTP/1.1" 200 185594 liteos.net "http://liteos.net/info/download.html" "Opera/9.50 (Windows NT 5.1; U; ru)" "-"
201.42.162.124 - - [23/Nov/2008:11:54:35 -0500] "GET /Software/LiteOSSetup.exe HTTP/1.1" 200 34249769 www.liteos.net "http://www.liteos.net/info/download.html" "Mozilla/4.0 (compatible; MSIE 7.0; Windows NT 6.0; WOW64; SLCC1; .NET CLR 2.0.50727; .NET CLR 3.0.04506; FDM; Media Center PC 5.0; MEGAUPLOAD 3.0)" "-"
119.63.193.56 - - [23/Nov/2008:12:06:31 -0500] "GET /robots.txt HTTP/1.1" 404 2291 www.liteos.net "-" "Baiduspider+(+http://www.baidu.com/search/spider_jp.html)" "-"
212.94.14.38 - - [23/Nov/2008:12:15:42 -0500] "GET /Software/LiteOSSetup.exe HTTP/1.1" 200 34249769 liteos.net "http://liteos.net/info/download.html" "Opera/9.50 (Windows NT 5.1; U; ru)" "-"
38.108.180.117 - - [23/Nov/2008:13:07:01 -0500] "GET /robots.txt HTTP/1.1" 404 2291 www.liteos.net "-" "Mozilla/5.0 (compatible; ScoutJet; +http://www.scoutjet.com/)" "-"
38.108.180.117 - - [23/Nov/2008:13:07:02 -0500] "GET /info/people.html HTTP/1.1" 200 10363 www.liteos.net "-" "Mozilla/5.0 (compatible; ScoutJet; +http://www.scoutjet.com/)" "-"
38.108.180.117 - - [23/Nov/2008:13:07:03 -0500] "GET /favicon.ico HTTP/1.1" 200 3638 www.liteos.net "-" "Mozilla/5.0 (compatible; ScoutJet; +http://www.scoutjet.com/)" "-"
119.63.193.55 - - [23/Nov/2008:13:08:38 -0500] "GET / HTTP/1.1" 200 7219 www.liteos.net "-" "Baiduspider+(+http://www.baidu.com/search/spider_jp.html)" "-"
94.162.237.238 - - [23/Nov/2008:14:17:40 -0500] "GET /info/people.html HTTP/1.1" 200 10363 www.liteos.net "http://www.google.it/search?hl=it&client=firefox-a&rls=org.mozilla%3Ait%3Aofficial&hs=NKf&q=liteOs&btnG=Cerca&meta=&aq=f&oq=" "Mozilla/5.0 (Windows; U; Windows NT 5.1; it; rv:1.9.0.3) Gecko/2008092417 Firefox/3.0.3" "-"
94.162.237.238 - - [23/Nov/2008:14:17:49 -0500] "GET / HTTP/1.1" 200 7219 www.liteos.net "http://www.google.it/search?hl=it&client=firefox-a&rls=org.mozilla%3Ait%3Aofficial&hs=NKf&q=liteOs&btnG=Cerca&meta=&aq=f&oq=" "Mozilla/5.0 (Windows; U; Windows NT 5.1; it; rv:1.9.0.3) Gecko/2008092417 Firefox/3.0.3" "-"
94.162.237.238 - - [23/Nov/2008:14:18:02 -0500] "GET /favicon.ico HTTP/1.1" 200 3638 www.liteos.net "-" "Mozilla/5.0 (Windows; U; Windows NT 5.1; it; rv:1.9.0.3) Gecko/2008092417 Firefox/3.0.3" "-"
94.162.237.238 - - [23/Nov/2008:14:18:02 -0500] "GET / HTTP/1.1" 200 1971 www.liteos.net "http://www.google.it/search?hl=it&client=firefox-a&rls=org.mozilla%3Ait%3Aofficial&hs=NKf&q=liteOs&btnG=Cerca&meta=&aq=f&oq=" "Mozilla/5.0 (Windows; U; Windows NT 5.1; it; rv:1.9.0.3) Gecko/2008092417 Firefox/3.0.3" "-"
94.162.237.238 - - [23/Nov/2008:14:18:04 -0500] "GET /favicon.ico HTTP/1.1" 200 3638 www.liteos.net "-" "Mozilla/5.0 (Windows; U; Windows NT 5.1; it; rv:1.9.0.3) Gecko/2008092417 Firefox/3.0.3" "-"
94.162.237.238 - - [23/Nov/2008:14:18:08 -0500] "GET /css/liteos.css HTTP/1.1" 200 4971 www.liteos.net "http://www.liteos.net/" "Mozilla/5.0 (Windows; U; Windows NT 5.1; it; rv:1.9.0.3) Gecko/2008092417 Firefox/3.0.3" "-"
