208.189.46.63 - - [02/Jan/2009:00:53:56 -0500] "GET /css/hr_gray.png HTTP/1.1" 200 132 www.liteos.net "http://www.liteos.net/css/liteos.css" "Mozilla/5.0 (Windows; U; Windows NT 5.1; en-US; rv:1.9.0.5) Gecko/2008120122 Firefox/3.0.5 (.NET CLR 3.5.30729)" "-"
208.189.46.63 - - [02/Jan/2009:00:53:56 -0500] "GET /img/icon.jpg HTTP/1.1" 200 90334 www.liteos.net "http://www.liteos.net/info/people.html" "Mozilla/5.0 (Windows; U; Windows NT 5.1; en-US; rv:1.9.0.5) Gecko/2008120122 Firefox/3.0.5 (.NET CLR 3.5.30729)" "-"
208.189.46.63 - - [02/Jan/2009:00:55:31 -0500] "GET /docs/docs.html HTTP/1.1" 200 10172 www.liteos.net "http://www.liteos.net/" "Mozilla/5.0 (Windows; U; Windows NT 5.1; en-US; rv:1.9.0.5) Gecko/2008120122 Firefox/3.0.5 (.NET CLR 3.5.30729)" "-"
208.189.46.63 - - [02/Jan/2009:01:10:15 -0500] "GET / HTTP/1.1" 200 7219 www.liteos.net "-" "Mozilla/5.0 (Windows; U; Windows NT 5.1; en-US; rv:1.9.0.5) Gecko/2008120122 Firefox/3.0.5 (.NET CLR 3.5.30729)" "-"
208.189.46.63 - - [02/Jan/2009:01:10:16 -0500] "GET /favicon.ico HTTP/1.1" 200 3638 www.liteos.net "-" "Mozilla/5.0 (Windows; U; Windows NT 5.1; en-US; rv:1.9.0.5) Gecko/2008120122 Firefox/3.0.5 (.NET CLR 3.5.30729)" "-"
208.189.46.63 - - [02/Jan/2009:01:10:16 -0500] "GET /css/liteos.css HTTP/1.1" 200 4971 www.liteos.net "http://www.liteos.net/" "Mozilla/5.0 (Windows; U; Windows NT 5.1; en-US; rv:1.9.0.5) Gecko/2008120122 Firefox/3.0.5 (.NET CLR 3.5.30729)" "-"
208.189.46.63 - - [02/Jan/2009:01:10:16 -0500] "GET /css/outer-box-bg.gif HTTP/1.1" 200 763 www.liteos.net "http://www.liteos.net/css/liteos.css" "Mozilla/5.0 (Windows; U; Windows NT 5.1; en-US; rv:1.9.0.5) Gecko/2008120122 Firefox/3.0.5 (.NET CLR 3.5.30729)" "-"
208.189.46.63 - - [02/Jan/2009:01:10:17 -0500] "GET /img/liteos_banner.jpg HTTP/1.1" 200 90334 www.liteos.net "http://www.liteos.net/" "Mozilla/5.0 (Windows; U; Windows NT 5.1; en-US; rv:1.9.0.5) Gecko/2008120122 Firefox/3.0.5 (.NET CLR 3.5.30729)" "-"
208.189.46.63 - - [02/Jan/2009:01:10:25 -0500] "GET /docs/docs.html HTTP/1.1" 200 10172 www.liteos.net "http://www.liteos.net/" "Mozilla/5.0 (Windows; U; Windows NT 5.1; en-US; rv:1.9.0.5) Gecko/2008120122 Firefox/3.0.5 (.NET CLR 3.5.30729)" "-"
208.189.46.63 - - [02/Jan/2009:01:10:25 -0500] "GET /css/hr_gray.png HTTP/1.1" 200 132 www.liteos.net "http://www.liteos.net/css/liteos.css" "Mozilla/5.0 (Windows; U; Windows NT 5.1; en-US; rv:1.9.0.5) Gecko/2008120122 Firefox/3.0.5 (.NET CLR 3.5.30729)" "-"
208.189.46.63 - - [02/Jan/2009:01:10:26 -0500] "GET /img/icon.jpg HTTP/1.1" 200 90334 www.liteos.net "http://www.liteos.net/docs/docs.html" "Mozilla/5.0 (Windows; U; Windows NT 5.1; en-US; rv:1.9.0.5) Gecko/2008120122 Firefox/3.0.5 (.NET CLR 3.5.30729)" "-"
208.189.46.63 - - [02/Jan/2009:01:10:29 -0500] "GET /info/people.html HTTP/1.1" 200 10363 www.liteos.net "http://www.liteos.net/" "Mozilla/5.0 (Windows; U; Windows NT 5.1; en-US; rv:1.9.0.5) Gecko/2008120122 Firefox/3.0.5 (.NET CLR 3.5.30729)" "-"
65.55.104.14 - - [02/Jan/2009:01:18:55 -0500] "GET /robots.txt HTTP/1.1" 404 2291 www.liteos.net "-" "msnbot/1.1 (+http://search.msn.com/msnbot.htm)" "-"
65.55.104.14 - - [02/Jan/2009:01:18:58 -0500] "GET / HTTP/1.1" 200 7219 www.liteos.net "-" "msnbot/1.1 (+http://search.msn.com/msnbot.htm)" "-"
98.228.62.14 - - [02/Jan/2009:01:30:46 -0500] "GET / HTTP/1.1" 200 7219 www.liteos.net "-" "Mozilla/5.0 (Windows; U; Windows NT 6.0; en-US; rv:1.9.0.5) Gecko/2008120122 Firefox/3.0.5" "-"
98.228.62.14 - - [02/Jan/2009:01:30:46 -0500] "GET /favicon.ico HTTP/1.1" 200 3638 www.liteos.net "-" "Mozilla/5.0 (Windows; U; Windows NT 6.0; en-US; rv:1.9.0.5) Gecko/2008120122 Firefox/3.0.5" "-"
98.228.62.14 - - [02/Jan/2009:01:30:46 -0500] "GET /css/liteos.css HTTP/1.1" 200 4971 www.liteos.net "http://www.liteos.net/" "Mozilla/5.0 (Windows; U; Windows NT 6.0; en-US; rv:1.9.0.5) Gecko/2008120122 Firefox/3.0.5" "-"
98.228.62.14 - - [02/Jan/2009:01:30:46 -0500] "GET /css/outer-box-bg.gif HTTP/1.1" 200 763 www.liteos.net "http://www.liteos.net/css/liteos.css" "Mozilla/5.0 (Windows; U; Windows NT 6.0; en-US; rv:1.9.0.5) Gecko/2008120122 Firefox/3.0.5" "-"
98.228.62.14 - - [02/Jan/2009:01:30:46 -0500] "GET /img/liteos_banner.jpg HTTP/1.1" 200 90334 www.liteos.net "http://www.liteos.net/" "Mozilla/5.0 (Windows; U; Windows NT 6.0; en-US; rv:1.9.0.5) Gecko/2008120122 Firefox/3.0.5" "-"
69.112.62.102 - - [02/Jan/2009:01:57:07 -0500] "GET /docs/SENSYS_2008.pdf HTTP/1.1" 206 3555 www.liteos.net "http://www.liteos.net/docs/SENSYS_2008.pdf" "Mozilla/5.0 (Windows; U; Windows NT 6.0; en-US) AppleWebKit/525.19 (KHTML, like Gecko) Chrome/1.0.154.36 Safari/525.19" "-"
69.112.62.102 - - [02/Jan/2009:01:57:07 -0500] "GET /docs/SENSYS_2008.pdf HTTP/1.1" 200 370196 www.liteos.net "http://www.liteos.net/docs/docs.html" "Mozilla/5.0 (Windows; U; Windows NT 6.0; en-US) AppleWebKit/525.19 (KHTML, like Gecko) Chrome/1.0.154.36 Safari/525.19" "-"
69.112.62.102 - - [02/Jan/2009:01:57:08 -0500] "GET /docs/SENSYS_2008.pdf HTTP/1.1" 206 47105 www.liteos.net "http://www.liteos.net/docs/SENSYS_2008.pdf" "Mozilla/5.0 (Windows; U; Windows NT 6.0; en-US) AppleWebKit/525.19 (KHTML, like Gecko) Chrome/1.0.154.36 Safari/525.19" "-"
69.112.62.102 - - [02/Jan/2009:01:57:08 -0500] "GET /docs/SENSYS_2008.pdf HTTP/1.1" 206 3146 www.liteos.net "http://www.liteos.net/docs/SENSYS_2008.pdf" "Mozilla/5.0 (Windows; U; Windows NT 6.0; en-US) AppleWebKit/525.19 (KHTML, like Gecko) Chrome/1.0.154.36 Safari/525.19" "-"
69.112.62.102 - - [02/Jan/2009:01:57:08 -0500] "GET /docs/SENSYS_2008.pdf HTTP/1.1" 206 1304 www.liteos.net "http://www.liteos.net/docs/SENSYS_2008.pdf" "Mozilla/5.0 (Windows; U; Windows NT 6.0; en-US) AppleWebKit/525.19 (KHTML, like Gecko) Chrome/1.0.154.36 Safari/525.19" "-"
69.112.62.102 - - [02/Jan/2009:01:57:08 -0500] "GET /docs/SENSYS_2008.pdf HTTP/1.1" 206 435 www.liteos.net "http://www.liteos.net/docs/SENSYS_2008.pdf" "Mozilla/5.0 (Windows; U; Windows NT 6.0; en-US) AppleWebKit/525.19 (KHTML, like Gecko) Chrome/1.0.154.36 Safari/525.19" "-"
69.112.62.102 - - [02/Jan/2009:01:57:08 -0500] "GET /docs/SENSYS_2008.pdf HTTP/1.1" 206 617 www.liteos.net "http://www.liteos.net/docs/SENSYS_2008.pdf" "Mozilla/5.0 (Windows; U; Windows NT 6.0; en-US) AppleWebKit/525.19 (KHTML, like Gecko) Chrome/1.0.154.36 Safari/525.19" "-"
69.112.62.102 - - [02/Jan/2009:01:57:08 -0500] "GET /docs/SENSYS_2008.pdf HTTP/1.1" 206 18756 www.liteos.net "http://www.liteos.net/docs/SENSYS_2008.pdf" "Mozilla/5.0 (Windows; U; Windows NT 6.0; en-US) AppleWebKit/525.19 (KHTML, like Gecko) Chrome/1.0.154.36 Safari/525.19" "-"
69.112.62.102 - - [02/Jan/2009:01:57:08 -0500] "GET /docs/SENSYS_2008.pdf HTTP/1.1" 206 12060 www.liteos.net "http://www.liteos.net/docs/SENSYS_2008.pdf" "Mozilla/5.0 (Windows; U; Windows NT 6.0; en-US) AppleWebKit/525.19 (KHTML, like Gecko) Chrome/1.0.154.36 Safari/525.19" "-"
69.112.62.102 - - [02/Jan/2009:01:57:08 -0500] "GET /docs/SENSYS_2008.pdf HTTP/1.1" 206 21686 www.liteos.net "http://www.liteos.net/docs/SENSYS_2008.pdf" "Mozilla/5.0 (Windows; U; Windows NT 6.0; en-US) AppleWebKit/525.19 (KHTML, like Gecko) Chrome/1.0.154.36 Safari/525.19" "-"
69.112.62.102 - - [02/Jan/2009:01:57:08 -0500] "GET /docs/SENSYS_2008.pdf HTTP/1.1" 206 28887 www.liteos.net "http://www.liteos.net/docs/SENSYS_2008.pdf" "Mozilla/5.0 (Windows; U; Windows NT 6.0; en-US) AppleWebKit/525.19 (KHTML, like Gecko) Chrome/1.0.154.36 Safari/525.19" "-"
69.112.62.102 - - [02/Jan/2009:01:57:08 -0500] "GET /docs/SENSYS_2008.pdf HTTP/1.1" 206 12062 www.liteos.net "http://www.liteos.net/docs/SENSYS_2008.pdf" "Mozilla/5.0 (Windows; U; Windows NT 6.0; en-US) AppleWebKit/525.19 (KHTML, like Gecko) Chrome/1.0.154.36 Safari/525.19" "-"
69.112.62.102 - - [02/Jan/2009:01:57:09 -0500] "GET /docs/SENSYS_2008.pdf HTTP/1.1" 206 4312 www.liteos.net "http://www.liteos.net/docs/SENSYS_2008.pdf" "Mozilla/5.0 (Windows; U; Windows NT 6.0; en-US) AppleWebKit/525.19 (KHTML, like Gecko) Chrome/1.0.154.36 Safari/525.19" "-"
69.112.62.102 - - [02/Jan/2009:01:57:09 -0500] "GET /docs/SENSYS_2008.pdf HTTP/1.1" 206 11627 www.liteos.net "http://www.liteos.net/docs/SENSYS_2008.pdf" "Mozilla/5.0 (Windows; U; Windows NT 6.0; en-US) AppleWebKit/525.19 (KHTML, like Gecko) Chrome/1.0.154.36 Safari/525.19" "-"
69.112.62.102 - - [02/Jan/2009:01:57:09 -0500] "GET /docs/SENSYS_2008.pdf HTTP/1.1" 206 61155 www.liteos.net "http://www.liteos.net/docs/SENSYS_2008.pdf" "Mozilla/5.0 (Windows; U; Windows NT 6.0; en-US) AppleWebKit/525.19 (KHTML, like Gecko) Chrome/1.0.154.36 Safari/525.19" "-"
69.112.62.102 - - [02/Jan/2009:01:57:09 -0500] "GET /docs/SENSYS_2008.pdf HTTP/1.1" 206 48922 www.liteos.net "http://www.liteos.net/docs/SENSYS_2008.pdf" "Mozilla/5.0 (Windows; U; Windows NT 6.0; en-US) AppleWebKit/525.19 (KHTML, like Gecko) Chrome/1.0.154.36 Safari/525.19" "-"
69.112.62.102 - - [02/Jan/2009:01:57:09 -0500] "GET /docs/SENSYS_2008.pdf HTTP/1.1" 206 26386 www.liteos.net "http://www.liteos.net/docs/SENSYS_2008.pdf" "Mozilla/5.0 (Windows; U; Windows NT 6.0; en-US) AppleWebKit/525.19 (KHTML, like Gecko) Chrome/1.0.154.36 Safari/525.19" "-"
69.112.62.102 - - [02/Jan/2009:01:57:09 -0500] "GET /docs/SENSYS_2008.pdf HTTP/1.1" 206 35885 www.liteos.net "http://www.liteos.net/docs/SENSYS_2008.pdf" "Mozilla/5.0 (Windows; U; Windows NT 6.0; en-US) AppleWebKit/525.19 (KHTML, like Gecko) Chrome/1.0.154.36 Safari/525.19" "-"
69.112.62.102 - - [02/Jan/2009:01:57:10 -0500] "GET /docs/SENSYS_2008.pdf HTTP/1.1" 206 21491 www.liteos.net "http://www.liteos.net/docs/SENSYS_2008.pdf" "Mozilla/5.0 (Windows; U; Windows NT 6.0; en-US) AppleWebKit/525.19 (KHTML, like Gecko) Chrome/1.0.154.36 Safari/525.19" "-"
69.112.62.102 - - [02/Jan/2009:01:57:10 -0500] "GET /docs/SENSYS_2008.pdf HTTP/1.1" 206 16969 www.liteos.net "http://www.liteos.net/docs/SENSYS_2008.pdf" "Mozilla/5.0 (Windows; U; Windows NT 6.0; en-US) AppleWebKit/525.19 (KHTML, like Gecko) Chrome/1.0.154.36 Safari/525.19" "-"
69.112.62.102 - - [02/Jan/2009:01:58:08 -0500] "GET /docs/IPSN_2008.pdf HTTP/1.1" 206 3552 www.liteos.net "http://www.liteos.net/docs/IPSN_2008.pdf" "Mozilla/5.0 (Windows; U; Windows NT 6.0; en-US) AppleWebKit/525.19 (KHTML, like Gecko) Chrome/1.0.154.36 Safari/525.19" "-"
69.112.62.102 - - [02/Jan/2009:01:58:08 -0500] "GET /docs/IPSN_2008.pdf HTTP/1.1" 206 4303 www.liteos.net "http://www.liteos.net/docs/IPSN_2008.pdf" "Mozilla/5.0 (Windows; U; Windows NT 6.0; en-US) AppleWebKit/525.19 (KHTML, like Gecko) Chrome/1.0.154.36 Safari/525.19" "-"
69.112.62.102 - - [02/Jan/2009:01:58:09 -0500] "GET /docs/IPSN_2008.pdf HTTP/1.1" 200 527541 www.liteos.net "http://www.liteos.net/docs/docs.html" "Mozilla/5.0 (Windows; U; Windows NT 6.0; en-US) AppleWebKit/525.19 (KHTML, like Gecko) Chrome/1.0.154.36 Safari/525.19" "-"
69.112.62.102 - - [02/Jan/2009:01:58:09 -0500] "GET /docs/IPSN_2008.pdf HTTP/1.1" 206 519550 www.liteos.net "http://www.liteos.net/docs/IPSN_2008.pdf" "Mozilla/5.0 (Windows; U; Windows NT 6.0; en-US) AppleWebKit/525.19 (KHTML, like Gecko) Chrome/1.0.154.36 Safari/525.19" "-"
208.189.46.63 - - [02/Jan/2009:03:31:50 -0500] "GET / HTTP/1.1" 200 7219 www.liteos.net "http://www.google.com/search?q=liteOS&ie=utf-8&oe=utf-8&aq=t&rls=org.mozilla:en-US:official&client=firefox-a" "Mozilla/5.0 (Windows; U; Windows NT 5.1; en-US; rv:1.9.0.5) Gecko/2008120122 Firefox/3.0.5 (.NET CLR 3.5.30729)" "-"
208.189.46.63 - - [02/Jan/2009:03:31:51 -0500] "GET /favicon.ico HTTP/1.1" 200 3638 www.liteos.net "-" "Mozilla/5.0 (Windows; U; Windows NT 5.1; en-US; rv:1.9.0.5) Gecko/2008120122 Firefox/3.0.5 (.NET CLR 3.5.30729)" "-"
208.189.46.63 - - [02/Jan/2009:03:31:51 -0500] "GET /css/liteos.css HTTP/1.1" 200 4971 www.liteos.net "http://www.liteos.net/" "Mozilla/5.0 (Windows; U; Windows NT 5.1; en-US; rv:1.9.0.5) Gecko/2008120122 Firefox/3.0.5 (.NET CLR 3.5.30729)" "-"
208.189.46.63 - - [02/Jan/2009:03:31:51 -0500] "GET /css/outer-box-bg.gif HTTP/1.1" 200 763 www.liteos.net "http://www.liteos.net/css/liteos.css" "Mozilla/5.0 (Windows; U; Windows NT 5.1; en-US; rv:1.9.0.5) Gecko/2008120122 Firefox/3.0.5 (.NET CLR 3.5.30729)" "-"
208.189.46.63 - - [02/Jan/2009:03:31:51 -0500] "GET /img/liteos_banner.jpg HTTP/1.1" 200 90334 www.liteos.net "http://www.liteos.net/" "Mozilla/5.0 (Windows; U; Windows NT 5.1; en-US; rv:1.9.0.5) Gecko/2008120122 Firefox/3.0.5 (.NET CLR 3.5.30729)" "-"
208.189.46.63 - - [02/Jan/2009:03:31:51 -0500] "GET /info/people.html HTTP/1.1" 200 10363 www.liteos.net "http://www.google.com/search?q=liteOS&ie=utf-8&oe=utf-8&aq=t&rls=org.mozilla:en-US:official&client=firefox-a" "Mozilla/5.0 (Windows; U; Windows NT 5.1; en-US; rv:1.9.0.5) Gecko/2008120122 Firefox/3.0.5 (.NET CLR 3.5.30729)" "-"
208.189.46.63 - - [02/Jan/2009:03:31:52 -0500] "GET /css/hr_gray.png HTTP/1.1" 200 132 www.liteos.net "http://www.liteos.net/css/liteos.css" "Mozilla/5.0 (Windows; U; Windows NT 5.1; en-US; rv:1.9.0.5) Gecko/2008120122 Firefox/3.0.5 (.NET CLR 3.5.30729)" "-"
208.189.46.63 - - [02/Jan/2009:03:31:52 -0500] "GET /img/icon.jpg HTTP/1.1" 200 90334 www.liteos.net "http://www.liteos.net/info/people.html" "Mozilla/5.0 (Windows; U; Windows NT 5.1; en-US; rv:1.9.0.5) Gecko/2008120122 Firefox/3.0.5 (.NET CLR 3.5.30729)" "-"
208.189.46.63 - - [02/Jan/2009:03:32:58 -0500] "GET /info/news.html HTTP/1.1" 200 4886 www.liteos.net "http://www.liteos.net/" "Mozilla/5.0 (Windows; U; Windows NT 5.1; en-US; rv:1.9.0.5) Gecko/2008120122 Firefox/3.0.5 (.NET CLR 3.5.30729)" "-"
208.189.46.63 - - [02/Jan/2009:03:32:58 -0500] "GET /css/li-brown.png HTTP/1.1" 200 141 www.liteos.net "http://www.liteos.net/css/liteos.css" "Mozilla/5.0 (Windows; U; Windows NT 5.1; en-US; rv:1.9.0.5) Gecko/2008120122 Firefox/3.0.5 (.NET CLR 3.5.30729)" "-"
208.189.46.63 - - [02/Jan/2009:03:32:59 -0500] "GET /info/about.html HTTP/1.1" 200 6820 www.liteos.net "http://www.liteos.net/" "Mozilla/5.0 (Windows; U; Windows NT 5.1; en-US; rv:1.9.0.5) Gecko/2008120122 Firefox/3.0.5 (.NET CLR 3.5.30729)" "-"
208.189.46.63 - - [02/Jan/2009:03:33:17 -0500] "GET /contact/contact.html HTTP/1.1" 200 8065 www.liteos.net "http://www.liteos.net/info/people.html" "Mozilla/5.0 (Windows; U; Windows NT 5.1; en-US; rv:1.9.0.5) Gecko/2008120122 Firefox/3.0.5 (.NET CLR 3.5.30729)" "-"
208.189.46.63 - - [02/Jan/2009:03:33:46 -0500] "GET /docs/docs.html HTTP/1.1" 200 10172 www.liteos.net "http://www.liteos.net/" "Mozilla/5.0 (Windows; U; Windows NT 5.1; en-US; rv:1.9.0.5) Gecko/2008120122 Firefox/3.0.5 (.NET CLR 3.5.30729)" "-"
65.55.104.14 - - [02/Jan/2009:03:56:51 -0500] "GET /info/about.html HTTP/1.1" 200 6820 www.liteos.net "-" "msnbot/1.1 (+http://search.msn.com/msnbot.htm)" "-"
65.55.104.14 - - [02/Jan/2009:03:56:53 -0500] "GET /info/people.html HTTP/1.1" 200 10363 www.liteos.net "-" "msnbot/1.1 (+http://search.msn.com/msnbot.htm)" "-"
65.55.104.14 - - [02/Jan/2009:04:57:39 -0500] "GET /index.html HTTP/1.1" 301 247 www.liteos.net "-" "msnbot/1.1 (+http://search.msn.com/msnbot.htm)" "-"
119.63.193.55 - - [02/Jan/2009:05:08:44 -0500] "GET / HTTP/1.1" 200 7219 www.liteos.net "-" "Baiduspider+(+http://www.baidu.com/search/spider_jp.html)" "-"
193.47.80.40 - - [02/Jan/2009:05:29:54 -0500] "GET / HTTP/1.1" 200 - liteos.net "-" "Mozilla/5.0 (compatible; Exabot/3.0; +http://www.exabot.com/go/robot)" "-"
94.127.24.183 - - [02/Jan/2009:05:40:05 -0500] "GET / HTTP/1.1" 200 7219 www.liteos.net "http://www.google.si/search?q=liteos&ie=utf-8&oe=utf-8&aq=t&rls=org.mozilla:en-US:official&client=firefox-a" "Mozilla/5.0 (Windows; U; Windows NT 5.1; en-US; rv:1.9.0.5) Gecko/2008120122 Firefox/3.0.5 (.NET CLR 3.5.30729)" "-"
94.127.24.183 - - [02/Jan/2009:05:40:08 -0500] "GET /favicon.ico HTTP/1.1" 200 3638 www.liteos.net "-" "Mozilla/5.0 (Windows; U; Windows NT 5.1; en-US; rv:1.9.0.5) Gecko/2008120122 Firefox/3.0.5 (.NET CLR 3.5.30729)" "-"
94.127.24.183 - - [02/Jan/2009:05:40:08 -0500] "GET /css/liteos.css HTTP/1.1" 200 4971 www.liteos.net "http://www.liteos.net/" "Mozilla/5.0 (Windows; U; Windows NT 5.1; en-US; rv:1.9.0.5) Gecko/2008120122 Firefox/3.0.5 (.NET CLR 3.5.30729)" "-"
94.127.24.183 - - [02/Jan/2009:05:40:26 -0500] "GET /css/outer-box-bg.gif HTTP/1.1" 200 763 www.liteos.net "http://www.liteos.net/css/liteos.css" "Mozilla/5.0 (Windows; U; Windows NT 5.1; en-US; rv:1.9.0.5) Gecko/2008120122 Firefox/3.0.5 (.NET CLR 3.5.30729)" "-"
94.127.24.183 - - [02/Jan/2009:05:41:19 -0500] "GET /img/liteos_banner.jpg HTTP/1.1" 200 35322 www.liteos.net "http://www.liteos.net/" "Mozilla/5.0 (Windows; U; Windows NT 5.1; en-US; rv:1.9.0.5) Gecko/2008120122 Firefox/3.0.5 (.NET CLR 3.5.30729)" "-"
208.115.111.250 - - [02/Jan/2009:05:41:30 -0500] "GET /robots.txt HTTP/1.1" 404 2291 www.liteos.net "-" "Mozilla/5.0 (compatible; DotBot/1.1; http://www.dotnetdotcom.org/, crawler@dotnetdotcom.org)" "-"
65.55.104.14 - - [02/Jan/2009:05:41:31 -0500] "GET /info/WWW.SELAVO.COM HTTP/1.1" 404 2300 www.liteos.net "-" "msnbot/1.1 (+http://search.msn.com/msnbot.htm)" "-"
65.55.104.14 - - [02/Jan/2009:05:44:22 -0500] "GET /info/research.microsoft.com/%7Eliqian HTTP/1.1" 404 2316 www.liteos.net "-" "msnbot/1.1 (+http://search.msn.com/msnbot.htm)" "-"
221.218.164.221 - - [02/Jan/2009:06:25:07 -0500] "GET /favicon.ico HTTP/1.1" 200 3638 www.liteos.net "-" "Mozilla/5.0 (Windows; U; Windows NT 5.1; zh-CN; rv:1.9.0.5) Gecko/2008120122 Firefox/3.0.5" "-"
67.195.37.97 - - [02/Jan/2009:07:10:10 -0500] "GET /robots.txt HTTP/1.0" 404 2291 www.liteos.net "-" "Mozilla/5.0 (compatible; Yahoo! Slurp; http://help.yahoo.com/help/us/ysearch/slurp)" "-"
67.195.37.97 - - [02/Jan/2009:07:10:10 -0500] "GET /contact/contact.html HTTP/1.0" 200 8065 www.liteos.net "-" "Mozilla/5.0 (compatible; Yahoo! Slurp/3.0; http://help.yahoo.com/help/us/ysearch/slurp)" "-"
67.195.37.97 - - [02/Jan/2009:07:10:10 -0500] "GET /css/liteos.css HTTP/1.0" 200 4971 www.liteos.net "http://www.liteos.net/contact/contact.html" "Mozilla/5.0 (compatible; Yahoo! Slurp/3.0; http://help.yahoo.com/help/us/ysearch/slurp)" "-"
67.195.37.97 - - [02/Jan/2009:08:11:12 -0500] "GET /info/people.html HTTP/1.0" 200 10363 www.liteos.net "-" "Mozilla/5.0 (compatible; Yahoo! Slurp/3.0; http://help.yahoo.com/help/us/ysearch/slurp)" "-"
67.195.37.97 - - [02/Jan/2009:08:11:13 -0500] "GET /css/liteos.css HTTP/1.0" 304 - www.liteos.net "http://www.liteos.net/info/people.html" "Mozilla/5.0 (compatible; Yahoo! Slurp/3.0; http://help.yahoo.com/help/us/ysearch/slurp)" "-"
208.115.111.250 - - [02/Jan/2009:08:21:56 -0500] "GET /robots.txt HTTP/1.1" 404 2291 www.liteos.net "-" "Mozilla/5.0 (compatible; DotBot/1.1; http://www.dotnetdotcom.org/, crawler@dotnetdotcom.org)" "-"
208.115.111.250 - - [02/Jan/2009:08:49:25 -0500] "GET / HTTP/1.1" 200 7219 www.liteos.net "-" "Mozilla/5.0 (compatible; DotBot/1.1; http://www.dotnetdotcom.org/, crawler@dotnetdotcom.org)" "-"
208.115.111.250 - - [02/Jan/2009:08:49:30 -0500] "GET /contact/contact.html HTTP/1.1" 200 8065 www.liteos.net "-" "Mozilla/5.0 (compatible; DotBot/1.1; http://www.dotnetdotcom.org/, crawler@dotnetdotcom.org)" "-"
208.115.111.250 - - [02/Jan/2009:08:49:34 -0500] "GET /docs/docs.html HTTP/1.1" 200 10172 www.liteos.net "-" "Mozilla/5.0 (compatible; DotBot/1.1; http://www.dotnetdotcom.org/, crawler@dotnetdotcom.org)" "-"
208.115.111.250 - - [02/Jan/2009:08:49:39 -0500] "GET /docs/faq.html HTTP/1.1" 200 11494 www.liteos.net "-" "Mozilla/5.0 (compatible; DotBot/1.1; http://www.dotnetdotcom.org/, crawler@dotnetdotcom.org)" "-"
208.115.111.250 - - [02/Jan/2009:08:49:44 -0500] "GET /docs/releasenotes.txt HTTP/1.1" 200 5298 www.liteos.net "-" "Mozilla/5.0 (compatible; DotBot/1.1; http://www.dotnetdotcom.org/, crawler@dotnetdotcom.org)" "-"
67.195.37.97 - - [02/Jan/2009:09:00:28 -0500] "GET /index.htm HTTP/1.0" 200 7219 www.liteos.net "-" "Mozilla/5.0 (compatible; Yahoo! Slurp; http://help.yahoo.com/help/us/ysearch/slurp)" "-"
72.30.79.111 - - [02/Jan/2009:09:06:51 -0500] "GET /robots.txt HTTP/1.0" 404 2291 www.liteos.net "-" "Mozilla/5.0 (compatible; Yahoo! Slurp; http://help.yahoo.com/help/us/ysearch/slurp)" "-"
72.30.79.111 - - [02/Jan/2009:09:06:51 -0500] "GET /docs/docs.html HTTP/1.0" 200 10172 www.liteos.net "-" "Mozilla/5.0 (compatible; Yahoo! Slurp; http://help.yahoo.com/help/us/ysearch/slurp)" "-"
72.30.79.111 - - [02/Jan/2009:09:08:59 -0500] "GET /docs/releasenotes.txt HTTP/1.0" 200 5298 www.liteos.net "-" "Mozilla/5.0 (compatible; Yahoo! Slurp; http://help.yahoo.com/help/us/ysearch/slurp)" "-"
67.195.37.97 - - [02/Jan/2009:10:01:33 -0500] "GET /contact/contact.html HTTP/1.0" 304 - www.liteos.net "-" "Mozilla/5.0 (compatible; Yahoo! Slurp; http://help.yahoo.com/help/us/ysearch/slurp)" "-"
72.30.79.111 - - [02/Jan/2009:11:14:47 -0500] "GET /docs/LiteOS_Programming_Guide.pdf HTTP/1.0" 200 809080 www.liteos.net "-" "Mozilla/5.0 (compatible; Yahoo! Slurp; http://help.yahoo.com/help/us/ysearch/slurp)" "-"
208.115.111.250 - - [02/Jan/2009:11:23:16 -0500] "GET /gallery/roadmap.html HTTP/1.1" 200 21486 www.liteos.net "-" "Mozilla/5.0 (compatible; DotBot/1.1; http://www.dotnetdotcom.org/, crawler@dotnetdotcom.org)" "-"
208.115.111.250 - - [02/Jan/2009:11:23:21 -0500] "GET /gallery/screenshots.html HTTP/1.1" 200 5536 www.liteos.net "-" "Mozilla/5.0 (compatible; DotBot/1.1; http://www.dotnetdotcom.org/, crawler@dotnetdotcom.org)" "-"
208.115.111.250 - - [02/Jan/2009:11:23:25 -0500] "GET /index.htm HTTP/1.1" 200 7219 www.liteos.net "-" "Mozilla/5.0 (compatible; DotBot/1.1; http://www.dotnetdotcom.org/, crawler@dotnetdotcom.org)" "-"
208.115.111.250 - - [02/Jan/2009:11:23:29 -0500] "GET /index.html HTTP/1.1" 301 247 www.liteos.net "-" "Mozilla/5.0 (compatible; DotBot/1.1; http://www.dotnetdotcom.org/, crawler@dotnetdotcom.org)" "-"
208.115.111.250 - - [02/Jan/2009:11:23:34 -0500] "GET /info/WWW.SELAVO.COM HTTP/1.1" 404 2300 www.liteos.net "-" "Mozilla/5.0 (compatible; DotBot/1.1; http://www.dotnetdotcom.org/, crawler@dotnetdotcom.org)" "-"
208.115.111.250 - - [02/Jan/2009:11:23:38 -0500] "GET /info/about.html HTTP/1.1" 200 6820 www.liteos.net "-" "Mozilla/5.0 (compatible; DotBot/1.1; http://www.dotnetdotcom.org/, crawler@dotnetdotcom.org)" "-"
208.115.111.250 - - [02/Jan/2009:11:23:42 -0500] "GET /info/download.html HTTP/1.1" 200 4914 www.liteos.net "-" "Mozilla/5.0 (compatible; DotBot/1.1; http://www.dotnetdotcom.org/, crawler@dotnetdotcom.org)" "-"
208.115.111.250 - - [02/Jan/2009:11:23:45 -0500] "GET /info/news.html HTTP/1.1" 200 4886 www.liteos.net "-" "Mozilla/5.0 (compatible; DotBot/1.1; http://www.dotnetdotcom.org/, crawler@dotnetdotcom.org)" "-"
208.115.111.250 - - [02/Jan/2009:11:23:51 -0500] "GET /info/people.html HTTP/1.1" 200 10363 www.liteos.net "-" "Mozilla/5.0 (compatible; DotBot/1.1; http://www.dotnetdotcom.org/, crawler@dotnetdotcom.org)" "-"
208.115.111.250 - - [02/Jan/2009:11:23:56 -0500] "GET /info/research.microsoft.com/%7Eliqian HTTP/1.1" 404 2316 www.liteos.net "-" "Mozilla/5.0 (compatible; DotBot/1.1; http://www.dotnetdotcom.org/, crawler@dotnetdotcom.org)" "-"
72.30.79.111 - - [02/Jan/2009:11:28:22 -0500] "GET /info/people.html HTTP/1.0" 200 10363 www.liteos.net "-" "Mozilla/5.0 (compatible; Yahoo! Slurp; http://help.yahoo.com/help/us/ysearch/slurp)" "-"
119.63.193.56 - - [02/Jan/2009:12:08:07 -0500] "GET /robots.txt HTTP/1.1" 404 2291 www.liteos.net "-" "Baiduspider+(+http://www.baidu.com/search/spider_jp.html)" "-"
119.63.193.55 - - [02/Jan/2009:13:09:06 -0500] "GET / HTTP/1.1" 200 7219 www.liteos.net "-" "Baiduspider+(+http://www.baidu.com/search/spider_jp.html)" "-"
72.30.79.111 - - [02/Jan/2009:13:22:55 -0500] "GET /docs/IPSN_2008.pdf HTTP/1.0" 200 527541 www.liteos.net "-" "Mozilla/5.0 (compatible; Yahoo! Slurp; http://help.yahoo.com/help/us/ysearch/slurp)" "-"
72.30.79.111 - - [02/Jan/2009:13:46:44 -0500] "GET /index.html HTTP/1.0" 301 235 www.liteos.net "-" "Mozilla/5.0 (compatible; Yahoo! Slurp; http://help.yahoo.com/help/us/ysearch/slurp)" "-"
72.30.79.111 - - [02/Jan/2009:13:46:45 -0500] "GET /index.htm HTTP/1.0" 200 7219 www.liteos.net "-" "Mozilla/5.0 (compatible; Yahoo! Slurp; http://help.yahoo.com/help/us/ysearch/slurp)" "-"
72.30.79.111 - - [02/Jan/2009:14:27:16 -0500] "GET / HTTP/1.0" 200 7219 www.liteos.net "-" "Mozilla/5.0 (compatible; Yahoo! Slurp; http://help.yahoo.com/help/us/ysearch/slurp)" "-"
72.30.79.107 - - [02/Jan/2009:16:18:51 -0500] "GET /robots.txt HTTP/1.0" 404 2287 liteos.net "-" "Mozilla/5.0 (compatible; Yahoo! Slurp; http://help.yahoo.com/help/us/ysearch/slurp)" "-"
72.30.79.107 - - [02/Jan/2009:16:18:52 -0500] "GET /info/news.html HTTP/1.0" 200 4886 liteos.net "-" "Mozilla/5.0 (compatible; Yahoo! Slurp; http://help.yahoo.com/help/us/ysearch/slurp)" "-"
208.80.194.49 - - [02/Jan/2009:17:58:47 -0500] "GET / HTTP/1.0" 200 7219 www.liteos.net "-" "Mozilla/4.0 (compatible; MSIE 7.0; Windows NT 5.1; FunWebProducts; MathPlayer 2.0; .NET CLR 2.0.50727)" "-"
65.55.208.243 - - [02/Jan/2009:18:35:40 -0500] "GET /robots.txt HTTP/1.1" 404 2287 liteos.net "-" "msnbot/1.1 (+http://search.msn.com/msnbot.htm)" "-"
65.55.208.243 - - [02/Jan/2009:18:35:40 -0500] "GET /docs/LiteOS_ApplicationNote103.pdf HTTP/1.1" 304 - liteos.net "-" "msnbot/1.1 (+http://search.msn.com/msnbot.htm)" "-"
66.249.71.11 - - [02/Jan/2009:19:14:30 -0500] "GET /robots.txt HTTP/1.1" 404 2291 www.liteos.net "-" "Mozilla/5.0 (compatible; Googlebot/2.1; +http://www.google.com/bot.html)" "-"
66.249.71.11 - - [02/Jan/2009:19:14:30 -0500] "GET /docs/SENSYS_2008.pdf HTTP/1.1" 304 - www.liteos.net "-" "Mozilla/5.0 (compatible; Googlebot/2.1; +http://www.google.com/bot.html)" "-"
66.249.71.11 - - [02/Jan/2009:19:15:46 -0500] "GET /docs/releasenotes.txt HTTP/1.1" 200 5298 www.liteos.net "-" "Mozilla/5.0 (compatible; Googlebot/2.1; +http://www.google.com/bot.html)" "-"
65.55.208.241 - - [02/Jan/2009:19:44:47 -0500] "GET /robots.txt HTTP/1.1" 404 2287 liteos.net "-" "msnbot/1.1 (+http://search.msn.com/msnbot.htm)" "-"
65.55.208.241 - - [02/Jan/2009:19:44:47 -0500] "GET /docs/RTSS_2008.pdf HTTP/1.1" 304 - liteos.net "-" "msnbot/1.1 (+http://search.msn.com/msnbot.htm)" "-"
65.55.208.232 - - [02/Jan/2009:20:31:39 -0500] "GET /robots.txt HTTP/1.1" 404 2287 liteos.net "-" "msnbot/1.1 (+http://search.msn.com/msnbot.htm)" "-"
65.55.208.232 - - [02/Jan/2009:20:31:39 -0500] "GET /docs/IPSN_2008_Demopaper.pdf HTTP/1.1" 304 - liteos.net "-" "msnbot/1.1 (+http://search.msn.com/msnbot.htm)" "-"
67.195.37.97 - - [02/Jan/2009:20:34:14 -0500] "GET /robots.txt HTTP/1.0" 404 2291 www.liteos.net "-" "Mozilla/5.0 (compatible; Yahoo! Slurp; http://help.yahoo.com/help/us/ysearch/slurp)" "-"
67.195.37.97 - - [02/Jan/2009:20:34:14 -0500] "GET /index.html HTTP/1.0" 301 235 www.liteos.net "-" "Mozilla/5.0 (compatible; Yahoo! Slurp/3.0; http://help.yahoo.com/help/us/ysearch/slurp)" "-"
67.195.37.97 - - [02/Jan/2009:20:34:24 -0500] "GET /index.htm HTTP/1.0" 304 - www.liteos.net "-" "Mozilla/5.0 (compatible; Yahoo! Slurp/3.0; http://help.yahoo.com/help/us/ysearch/slurp)" "-"
67.195.37.97 - - [02/Jan/2009:20:34:24 -0500] "GET /css/liteos.css HTTP/1.0" 304 - www.liteos.net "http://www.liteos.net/index.htm" "Mozilla/5.0 (compatible; Yahoo! Slurp/3.0; http://help.yahoo.com/help/us/ysearch/slurp)" "-"
208.80.194.120 - - [02/Jan/2009:20:37:11 -0500] "GET / HTTP/1.0" 200 7219 liteos.net "-" "Mozilla/4.0 (compatible; MSIE 6.0; Windows NT 5.1; {A53E843E-6A18-B561-7141-8E4D47EE7D91})" "-"
119.63.193.55 - - [02/Jan/2009:21:08:55 -0500] "GET / HTTP/1.1" 200 7219 www.liteos.net "-" "Baiduspider+(+http://www.baidu.com/search/spider_jp.html)" "-"
72.30.79.111 - - [02/Jan/2009:21:16:16 -0500] "GET /robots.txt HTTP/1.0" 404 2291 www.liteos.net "-" "Mozilla/5.0 (compatible; Yahoo! Slurp; http://help.yahoo.com/help/us/ysearch/slurp)" "-"
72.30.79.111 - - [02/Jan/2009:21:16:17 -0500] "GET /info/about.html HTTP/1.0" 200 6820 www.liteos.net "-" "Mozilla/5.0 (compatible; Yahoo! Slurp; http://help.yahoo.com/help/us/ysearch/slurp)" "-"
72.30.79.111 - - [02/Jan/2009:21:31:41 -0500] "GET /docs/faq.html HTTP/1.0" 200 11494 www.liteos.net "-" "Mozilla/5.0 (compatible; Yahoo! Slurp; http://help.yahoo.com/help/us/ysearch/slurp)" "-"
65.55.37.174 - - [02/Jan/2009:21:36:39 -0500] "GET /robots.txt HTTP/1.1" 404 2291 www.liteos.net "-" "msnbot-media/1.1 (+http://search.msn.com/msnbot.htm)" "-"
65.55.37.174 - - [02/Jan/2009:21:36:39 -0500] "GET /index.htm HTTP/1.1" 200 7219 www.liteos.net "-" "msnbot-media/1.1 (+http://search.msn.com/msnbot.htm)" "-"
72.30.79.111 - - [02/Jan/2009:22:38:48 -0500] "GET /docs/IPSN_2008_Demopaper.pdf HTTP/1.0" 200 79121 www.liteos.net "-" "Mozilla/5.0 (compatible; Yahoo! Slurp; http://help.yahoo.com/help/us/ysearch/slurp)" "-"
64.88.164.198 - - [02/Jan/2009:23:55:49 -0500] "GET /robots.txt HTTP/1.0" 404 2291 www.liteos.net "-" "SapphireWebCrawler/Nutch-1.0-dev (Sapphire Web Crawler using Nutch; http://boston.lti.cs.cmu.edu/crawler/; mhoy@cs.cmu.edu)" "-"
64.1.215.162 - - [03/Jan/2009:01:23:33 -0500] "GET /robots.txt HTTP/1.0" 404 2291 www.liteos.net "-" "Mozilla/5.0 (Twiceler-0.9 http://www.cuil.com/twiceler/robot.html)" "-"
65.55.208.244 - - [03/Jan/2009:02:30:15 -0500] "GET /robots.txt HTTP/1.1" 404 2287 liteos.net "-" "msnbot/1.1 (+http://search.msn.com/msnbot.htm)" "-"
65.55.208.244 - - [03/Jan/2009:02:30:15 -0500] "GET /docs/faq.html HTTP/1.1" 304 - liteos.net "-" "msnbot/1.1 (+http://search.msn.com/msnbot.htm)" "-"
61.247.222.54 - - [03/Jan/2009:02:58:37 -0500] "GET /robots.txt HTTP/1.1" 404 2291 www.liteos.net "-" "Yeti/1.0 (NHN Corp.; http://help.naver.com/robots/)" "-"
61.247.222.54 - - [03/Jan/2009:02:58:38 -0500] "GET /info/about.html HTTP/1.1" 200 6820 www.liteos.net "-" "Yeti/1.0 (NHN Corp.; http://help.naver.com/robots/)" "-"
61.247.222.46 - - [03/Jan/2009:02:59:04 -0500] "GET /css/liteos.css HTTP/1.1" 200 4971 www.liteos.net "-" "Yeti/1.0 (NHN Corp.; http://help.naver.com/robots/)" "-"
72.30.79.107 - - [03/Jan/2009:04:31:39 -0500] "GET /robots.txt HTTP/1.0" 404 2287 liteos.net "-" "Mozilla/5.0 (compatible; Yahoo! Slurp; http://help.yahoo.com/help/us/ysearch/slurp)" "-"
72.30.79.107 - - [03/Jan/2009:04:31:39 -0500] "GET /info/download.html HTTP/1.0" 200 4914 liteos.net "-" "Mozilla/5.0 (compatible; Yahoo! Slurp; http://help.yahoo.com/help/us/ysearch/slurp)" "-"
119.63.193.55 - - [03/Jan/2009:05:07:52 -0500] "GET / HTTP/1.1" 200 7219 www.liteos.net "-" "Baiduspider+(+http://www.baidu.com/search/spider_jp.html)" "-"
67.195.37.97 - - [03/Jan/2009:05:58:21 -0500] "GET /robots.txt HTTP/1.0" 404 2291 www.liteos.net "-" "Mozilla/5.0 (compatible; Yahoo! Slurp; http://help.yahoo.com/help/us/ysearch/slurp)" "-"
67.195.37.97 - - [03/Jan/2009:05:58:22 -0500] "GET /docs/docs.html HTTP/1.0" 200 10172 www.liteos.net "-" "Mozilla/5.0 (compatible; Yahoo! Slurp; http://help.yahoo.com/help/us/ysearch/slurp)" "-"
72.30.79.111 - - [03/Jan/2009:06:28:30 -0500] "GET /robots.txt HTTP/1.0" 404 2291 www.liteos.net "-" "Mozilla/5.0 (compatible; Yahoo! Slurp; http://help.yahoo.com/help/us/ysearch/slurp)" "-"
72.30.79.111 - - [03/Jan/2009:06:28:30 -0500] "GET /index.htm HTTP/1.0" 304 - www.liteos.net "-" "Mozilla/5.0 (compatible; Yahoo! Slurp; http://help.yahoo.com/help/us/ysearch/slurp)" "-"
125.160.103.37 - - [03/Jan/2009:08:30:45 -0500] "GET /info/download.html HTTP/1.1" 200 4914 www.liteos.net "http://blog.xbow.com/" "Mozilla/5.0 (Windows; U; Windows NT 5.1; en-US; rv:1.9.0.5) Gecko/2008120122 Firefox/3.0.5" "-"
125.160.103.37 - - [03/Jan/2009:08:30:46 -0500] "GET /css/liteos.css HTTP/1.1" 200 4971 www.liteos.net "http://www.liteos.net/info/download.html" "Mozilla/5.0 (Windows; U; Windows NT 5.1; en-US; rv:1.9.0.5) Gecko/2008120122 Firefox/3.0.5" "-"
125.160.103.37 - - [03/Jan/2009:08:30:47 -0500] "GET /css/outer-box-bg.gif HTTP/1.1" 200 763 www.liteos.net "http://www.liteos.net/css/liteos.css" "Mozilla/5.0 (Windows; U; Windows NT 5.1; en-US; rv:1.9.0.5) Gecko/2008120122 Firefox/3.0.5" "-"
125.160.103.37 - - [03/Jan/2009:08:30:47 -0500] "GET /css/li-brown.png HTTP/1.1" 200 141 www.liteos.net "http://www.liteos.net/css/liteos.css" "Mozilla/5.0 (Windows; U; Windows NT 5.1; en-US; rv:1.9.0.5) Gecko/2008120122 Firefox/3.0.5" "-"
125.160.103.37 - - [03/Jan/2009:08:30:48 -0500] "GET /css/hr_gray.png HTTP/1.1" 200 132 www.liteos.net "http://www.liteos.net/css/liteos.css" "Mozilla/5.0 (Windows; U; Windows NT 5.1; en-US; rv:1.9.0.5) Gecko/2008120122 Firefox/3.0.5" "-"
125.160.103.37 - - [03/Jan/2009:08:30:48 -0500] "GET /info/linux-penguin.jpg HTTP/1.1" 200 20748 www.liteos.net "http://www.liteos.net/info/download.html" "Mozilla/5.0 (Windows; U; Windows NT 5.1; en-US; rv:1.9.0.5) Gecko/2008120122 Firefox/3.0.5" "-"
125.160.103.37 - - [03/Jan/2009:08:30:49 -0500] "GET /info/windows_logo.jpg HTTP/1.1" 200 78007 www.liteos.net "http://www.liteos.net/info/download.html" "Mozilla/5.0 (Windows; U; Windows NT 5.1; en-US; rv:1.9.0.5) Gecko/2008120122 Firefox/3.0.5" "-"
125.160.103.37 - - [03/Jan/2009:08:30:49 -0500] "GET /img/icon.jpg HTTP/1.1" 200 90334 www.liteos.net "http://www.liteos.net/info/download.html" "Mozilla/5.0 (Windows; U; Windows NT 5.1; en-US; rv:1.9.0.5) Gecko/2008120122 Firefox/3.0.5" "-"
125.160.103.37 - - [03/Jan/2009:08:30:56 -0500] "GET /info/screenshot_cygwin.jpg HTTP/1.1" 200 185594 www.liteos.net "http://www.liteos.net/info/download.html" "Mozilla/5.0 (Windows; U; Windows NT 5.1; en-US; rv:1.9.0.5) Gecko/2008120122 Firefox/3.0.5" "-"
125.160.103.37 - - [03/Jan/2009:08:30:58 -0500] "GET /favicon.ico HTTP/1.1" 200 3638 www.liteos.net "-" "Mozilla/5.0 (Windows; U; Windows NT 5.1; en-US; rv:1.9.0.5) Gecko/2008120122 Firefox/3.0.5" "-"
125.160.103.37 - - [03/Jan/2009:08:39:54 -0500] "GET /Software/LiteOS.tar.gz HTTP/1.1" 200 2443142 www.liteos.net "http://www.liteos.net/info/download.html" "Mozilla/5.0 (Windows; U; Windows NT 5.1; en-US; rv:1.9.0.5) Gecko/2008120122 Firefox/3.0.5" "-"
72.36.115.86 - - [03/Jan/2009:08:54:00 -0500] "GET /robots.txt HTTP/1.1" 404 2291 www.liteos.net "-" "CazoodleBot/0.0.2 (http://www.cazoodle.com/contact.php; cbot@cazoodle.com)" "-"
72.30.79.111 - - [03/Jan/2009:09:02:05 -0500] "GET /docs/out.html HTTP/1.0" 404 2294 www.liteos.net "-" "Mozilla/5.0 (compatible; Yahoo! Slurp; http://help.yahoo.com/help/us/ysearch/slurp)" "-"
65.55.104.158 - - [03/Jan/2009:10:26:12 -0500] "GET /robots.txt HTTP/1.1" 404 2291 www.liteos.net "-" "msnbot/1.1 (+http://search.msn.com/msnbot.htm)" "-"
65.55.104.158 - - [03/Jan/2009:10:26:13 -0500] "GET / HTTP/1.1" 200 - www.liteos.net "-" "msnbot/1.1 (+http://search.msn.com/msnbot.htm)" "-"
67.195.37.97 - - [03/Jan/2009:11:28:47 -0500] "GET /index.htm HTTP/1.0" 200 7219 www.liteos.net "-" "Mozilla/5.0 (compatible; Yahoo! Slurp/3.0; http://help.yahoo.com/help/us/ysearch/slurp)" "-"
67.195.37.97 - - [03/Jan/2009:11:28:47 -0500] "GET /css/liteos.css HTTP/1.0" 200 4971 www.liteos.net "http://www.liteos.net/index.htm" "Mozilla/5.0 (compatible; Yahoo! Slurp/3.0; http://help.yahoo.com/help/us/ysearch/slurp)" "-"
65.55.208.236 - - [03/Jan/2009:11:32:12 -0500] "GET /robots.txt HTTP/1.1" 404 2287 liteos.net "-" "msnbot/1.1 (+http://search.msn.com/msnbot.htm)" "-"
65.55.208.236 - - [03/Jan/2009:11:32:12 -0500] "GET /docs/LiteOS_Programming_Guide.pdf HTTP/1.1" 304 - liteos.net "-" "msnbot/1.1 (+http://search.msn.com/msnbot.htm)" "-"
65.55.208.236 - - [03/Jan/2009:11:32:12 -0500] "GET /docs/SENSYS_2008.pdf HTTP/1.1" 304 - liteos.net "-" "msnbot/1.1 (+http://search.msn.com/msnbot.htm)" "-"
65.55.208.236 - - [03/Jan/2009:11:32:12 -0500] "GET /docs/LiteOS_ApplicationNote101.pdf HTTP/1.1" 304 - liteos.net "-" "msnbot/1.1 (+http://search.msn.com/msnbot.htm)" "-"
65.55.208.234 - - [03/Jan/2009:11:33:15 -0500] "GET /robots.txt HTTP/1.1" 404 2287 liteos.net "-" "msnbot/1.1 (+http://search.msn.com/msnbot.htm)" "-"
65.55.208.234 - - [03/Jan/2009:11:33:15 -0500] "GET /docs/LiteOS_ApplicationNote102.pdf HTTP/1.1" 304 - liteos.net "-" "msnbot/1.1 (+http://search.msn.com/msnbot.htm)" "-"
67.195.37.97 - - [03/Jan/2009:11:46:17 -0500] "GET /info/people.html HTTP/1.0" 200 10363 www.liteos.net "-" "Mozilla/5.0 (compatible; Yahoo! Slurp; http://help.yahoo.com/help/us/ysearch/slurp)" "-"
65.55.104.158 - - [03/Jan/2009:11:50:42 -0500] "GET /info/download.html HTTP/1.1" 304 - www.liteos.net "-" "msnbot/1.1 (+http://search.msn.com/msnbot.htm)" "-"
65.55.104.158 - - [03/Jan/2009:12:00:39 -0500] "GET /docs/docs.html HTTP/1.1" 304 - www.liteos.net "-" "msnbot/1.1 (+http://search.msn.com/msnbot.htm)" "-"
65.55.104.158 - - [03/Jan/2009:12:00:40 -0500] "GET /info/people.html HTTP/1.1" 304 - www.liteos.net "-" "msnbot/1.1 (+http://search.msn.com/msnbot.htm)" "-"
65.55.104.158 - - [03/Jan/2009:12:00:43 -0500] "GET /info/about.html HTTP/1.1" 304 - www.liteos.net "-" "msnbot/1.1 (+http://search.msn.com/msnbot.htm)" "-"
67.195.37.97 - - [03/Jan/2009:12:15:27 -0500] "GET /info/research.microsoft.com/%7Eliqian HTTP/1.0" 404 2316 www.liteos.net "-" "Mozilla/5.0 (compatible; Yahoo! Slurp; http://help.yahoo.com/help/us/ysearch/slurp)" "-"
119.63.193.56 - - [03/Jan/2009:12:19:04 -0500] "GET /robots.txt HTTP/1.1" 404 2291 www.liteos.net "-" "Baiduspider+(+http://www.baidu.com/search/spider_jp.html)" "-"
217.151.224.30 - - [03/Jan/2009:12:46:35 -0500] "GET / HTTP/1.1" 200 7219 www.liteos.net "-" "Opera/9.63 (Windows NT 5.1; U; ru) Presto/2.1.1" "-"
217.151.224.30 - - [03/Jan/2009:12:46:36 -0500] "GET /css/liteos.css HTTP/1.1" 200 4971 www.liteos.net "http://www.liteos.net/" "Opera/9.63 (Windows NT 5.1; U; ru) Presto/2.1.1" "-"
217.151.224.30 - - [03/Jan/2009:12:46:37 -0500] "GET /favicon.ico HTTP/1.1" 200 3638 www.liteos.net "http://www.liteos.net/" "Opera/9.63 (Windows NT 5.1; U; ru) Presto/2.1.1" "-"
217.151.224.30 - - [03/Jan/2009:12:46:38 -0500] "GET /css/outer-box-bg.gif HTTP/1.1" 200 763 www.liteos.net "http://www.liteos.net/" "Opera/9.63 (Windows NT 5.1; U; ru) Presto/2.1.1" "-"
217.151.224.30 - - [03/Jan/2009:12:46:44 -0500] "GET /img/liteos_banner.jpg HTTP/1.1" 200 90334 www.liteos.net "http://www.liteos.net/" "Opera/9.63 (Windows NT 5.1; U; ru) Presto/2.1.1" "-"
217.151.224.30 - - [03/Jan/2009:12:46:54 -0500] "GET /info/download.html HTTP/1.1" 200 4914 www.liteos.net "http://www.liteos.net/" "Opera/9.63 (Windows NT 5.1; U; ru) Presto/2.1.1" "-"
217.151.224.30 - - [03/Jan/2009:12:46:55 -0500] "GET /css/li-brown.png HTTP/1.1" 200 141 www.liteos.net "http://www.liteos.net/info/download.html" "Opera/9.63 (Windows NT 5.1; U; ru) Presto/2.1.1" "-"
217.151.224.30 - - [03/Jan/2009:12:46:55 -0500] "GET /info/linux-penguin.jpg HTTP/1.1" 200 20748 www.liteos.net "http://www.liteos.net/info/download.html" "Opera/9.63 (Windows NT 5.1; U; ru) Presto/2.1.1" "-"
217.151.224.30 - - [03/Jan/2009:12:46:56 -0500] "GET /img/icon.jpg HTTP/1.1" 200 90334 www.liteos.net "http://www.liteos.net/info/download.html" "Opera/9.63 (Windows NT 5.1; U; ru) Presto/2.1.1" "-"
217.151.224.30 - - [03/Jan/2009:12:46:56 -0500] "GET /css/hr_gray.png HTTP/1.1" 200 132 www.liteos.net "http://www.liteos.net/info/download.html" "Opera/9.63 (Windows NT 5.1; U; ru) Presto/2.1.1" "-"
217.151.224.30 - - [03/Jan/2009:12:46:56 -0500] "GET /info/windows_logo.jpg HTTP/1.1" 200 78007 www.liteos.net "http://www.liteos.net/info/download.html" "Opera/9.63 (Windows NT 5.1; U; ru) Presto/2.1.1" "-"
217.151.224.30 - - [03/Jan/2009:12:46:57 -0500] "GET /info/screenshot_cygwin.jpg HTTP/1.1" 200 185594 www.liteos.net "http://www.liteos.net/info/download.html" "Opera/9.63 (Windows NT 5.1; U; ru) Presto/2.1.1" "-"
217.151.224.30 - - [03/Jan/2009:12:46:58 -0500] "GET /info/screenshot_cygwin.jpg HTTP/1.1" 200 149817 www.liteos.net "http://www.liteos.net/info/download.html" "Opera/9.63 (Windows NT 5.1; U; ru) Presto/2.1.1" "-"
119.63.193.55 - - [03/Jan/2009:13:06:56 -0500] "GET / HTTP/1.1" 200 7219 www.liteos.net "-" "Baiduspider+(+http://www.baidu.com/search/spider_jp.html)" "-"
65.55.208.237 - - [03/Jan/2009:13:08:23 -0500] "GET /robots.txt HTTP/1.1" 404 2287 liteos.net "-" "msnbot/1.1 (+http://search.msn.com/msnbot.htm)" "-"
65.55.208.237 - - [03/Jan/2009:13:08:23 -0500] "GET /docs/releasenotes.txt HTTP/1.1" 304 - liteos.net "-" "msnbot/1.1 (+http://search.msn.com/msnbot.htm)" "-"
65.55.232.14 - - [03/Jan/2009:13:25:35 -0500] "GET /robots.txt HTTP/1.1" 404 2291 www.liteos.net "-" "msnbot/1.1 (+http://search.msn.com/msnbot.htm)" "-"
65.55.232.14 - - [03/Jan/2009:13:25:36 -0500] "GET /index.htm HTTP/1.1" 304 - www.liteos.net "-" "msnbot/1.1 (+http://search.msn.com/msnbot.htm)" "-"
65.55.104.158 - - [03/Jan/2009:13:37:37 -0500] "GET /index.html HTTP/1.1" 301 247 www.liteos.net "-" "msnbot/1.1 (+http://search.msn.com/msnbot.htm)" "-"
71.191.35.128 - - [03/Jan/2009:13:47:17 -0500] "GET / HTTP/1.1" 200 7219 www.liteos.net "http://www.google.com/search?rlz=1C1CHMI_en-USUS295US301&sourceid=chrome&ie=UTF-8&q=LiteOS" "Mozilla/5.0 (Windows; U; Windows NT 6.0; en-US) AppleWebKit/525.19 (KHTML, like Gecko) Chrome/1.0.154.42 Safari/525.19" "-"
71.191.35.128 - - [03/Jan/2009:13:47:17 -0500] "GET /css/liteos.css HTTP/1.1" 200 4971 www.liteos.net "http://www.liteos.net/" "Mozilla/5.0 (Windows; U; Windows NT 6.0; en-US) AppleWebKit/525.19 (KHTML, like Gecko) Chrome/1.0.154.42 Safari/525.19" "-"
71.191.35.128 - - [03/Jan/2009:13:47:17 -0500] "GET /css/outer-box-bg.gif HTTP/1.1" 200 763 www.liteos.net "http://www.liteos.net/" "Mozilla/5.0 (Windows; U; Windows NT 6.0; en-US) AppleWebKit/525.19 (KHTML, like Gecko) Chrome/1.0.154.42 Safari/525.19" "-"
71.191.35.128 - - [03/Jan/2009:13:47:17 -0500] "GET /img/liteos_banner.jpg HTTP/1.1" 200 90334 www.liteos.net "http://www.liteos.net/" "Mozilla/5.0 (Windows; U; Windows NT 6.0; en-US) AppleWebKit/525.19 (KHTML, like Gecko) Chrome/1.0.154.42 Safari/525.19" "-"
71.191.35.128 - - [03/Jan/2009:13:47:17 -0500] "GET /favicon.ico HTTP/1.1" 200 3638 www.liteos.net "-" "Mozilla/5.0 (Windows; U; Windows NT 6.0; en-US) AppleWebKit/525.19 (KHTML, like Gecko) Chrome/1.0.154.42 Safari/525.19" "-"
65.55.104.158 - - [03/Jan/2009:14:33:09 -0500] "GET /docs/releasenotes.txt HTTP/1.1" 200 5298 www.liteos.net "-" "msnbot/1.1 (+http://search.msn.com/msnbot.htm)" "-"
65.55.104.158 - - [03/Jan/2009:14:33:10 -0500] "GET /docs/LiteOS_ApplicationNote103.pdf HTTP/1.1" 200 289517 www.liteos.net "-" "msnbot/1.1 (+http://search.msn.com/msnbot.htm)" "-"
65.55.104.158 - - [03/Jan/2009:14:33:12 -0500] "GET /docs/LiteOS_User_Guide.pdf HTTP/1.1" 200 1438920 www.liteos.net "-" "msnbot/1.1 (+http://search.msn.com/msnbot.htm)" "-"
65.55.104.158 - - [03/Jan/2009:14:33:48 -0500] "GET /docs/RTSS_2008.pdf HTTP/1.1" 200 302743 www.liteos.net "-" "msnbot/1.1 (+http://search.msn.com/msnbot.htm)" "-"
65.55.104.158 - - [03/Jan/2009:14:34:34 -0500] "GET /docs/faq.html HTTP/1.1" 200 11494 www.liteos.net "-" "msnbot/1.1 (+http://search.msn.com/msnbot.htm)" "-"
65.55.208.231 - - [03/Jan/2009:16:35:56 -0500] "GET /robots.txt HTTP/1.1" 404 2287 liteos.net "-" "msnbot/1.1 (+http://search.msn.com/msnbot.htm)" "-"
65.55.208.231 - - [03/Jan/2009:16:35:56 -0500] "GET /docs/LiteOS_User_Guide.pdf HTTP/1.1" 304 - liteos.net "-" "msnbot/1.1 (+http://search.msn.com/msnbot.htm)" "-"
72.30.79.111 - - [03/Jan/2009:16:56:36 -0500] "GET /docs/RTSS_2008.pdf HTTP/1.0" 200 302743 www.liteos.net "-" "Mozilla/5.0 (compatible; Yahoo! Slurp; http://help.yahoo.com/help/us/ysearch/slurp)" "-"
144.85.144.249 - - [03/Jan/2009:17:37:46 -0500] "GET / HTTP/1.1" 200 7219 www.liteos.net "http://www.google.ch/search?q=liteos&ie=utf-8&oe=utf-8&aq=t&rls=org.mozilla:en-US:official&client=firefox-a" "Mozilla/5.0 (Windows; U; Windows NT 5.1; en-US; rv:1.9.0.5) Gecko/2008120122 Firefox/3.0.5 (.NET CLR 3.5.30729)" "-"
144.85.144.249 - - [03/Jan/2009:17:37:46 -0500] "GET /favicon.ico HTTP/1.1" 200 3638 www.liteos.net "-" "Mozilla/5.0 (Windows; U; Windows NT 5.1; en-US; rv:1.9.0.5) Gecko/2008120122 Firefox/3.0.5 (.NET CLR 3.5.30729)" "-"
144.85.144.249 - - [03/Jan/2009:17:37:46 -0500] "GET /css/liteos.css HTTP/1.1" 200 4971 www.liteos.net "http://www.liteos.net/" "Mozilla/5.0 (Windows; U; Windows NT 5.1; en-US; rv:1.9.0.5) Gecko/2008120122 Firefox/3.0.5 (.NET CLR 3.5.30729)" "-"
144.85.144.249 - - [03/Jan/2009:17:37:46 -0500] "GET /css/outer-box-bg.gif HTTP/1.1" 200 763 www.liteos.net "http://www.liteos.net/css/liteos.css" "Mozilla/5.0 (Windows; U; Windows NT 5.1; en-US; rv:1.9.0.5) Gecko/2008120122 Firefox/3.0.5 (.NET CLR 3.5.30729)" "-"
144.85.144.249 - - [03/Jan/2009:17:37:47 -0500] "GET /img/liteos_banner.jpg HTTP/1.1" 200 90334 www.liteos.net "http://www.liteos.net/" "Mozilla/5.0 (Windows; U; Windows NT 5.1; en-US; rv:1.9.0.5) Gecko/2008120122 Firefox/3.0.5 (.NET CLR 3.5.30729)" "-"
144.85.144.249 - - [03/Jan/2009:17:37:54 -0500] "GET /info/about.html HTTP/1.1" 200 6820 www.liteos.net "http://www.liteos.net/" "Mozilla/5.0 (Windows; U; Windows NT 5.1; en-US; rv:1.9.0.5) Gecko/2008120122 Firefox/3.0.5 (.NET CLR 3.5.30729)" "-"
144.85.144.249 - - [03/Jan/2009:17:37:55 -0500] "GET /css/li-brown.png HTTP/1.1" 200 141 www.liteos.net "http://www.liteos.net/css/liteos.css" "Mozilla/5.0 (Windows; U; Windows NT 5.1; en-US; rv:1.9.0.5) Gecko/2008120122 Firefox/3.0.5 (.NET CLR 3.5.30729)" "-"
144.85.144.249 - - [03/Jan/2009:17:37:55 -0500] "GET /css/hr_gray.png HTTP/1.1" 200 132 www.liteos.net "http://www.liteos.net/css/liteos.css" "Mozilla/5.0 (Windows; U; Windows NT 5.1; en-US; rv:1.9.0.5) Gecko/2008120122 Firefox/3.0.5 (.NET CLR 3.5.30729)" "-"
144.85.144.249 - - [03/Jan/2009:17:37:56 -0500] "GET /img/icon.jpg HTTP/1.1" 200 90334 www.liteos.net "http://www.liteos.net/info/about.html" "Mozilla/5.0 (Windows; U; Windows NT 5.1; en-US; rv:1.9.0.5) Gecko/2008120122 Firefox/3.0.5 (.NET CLR 3.5.30729)" "-"
144.85.144.249 - - [03/Jan/2009:17:38:11 -0500] "GET /info/download.html HTTP/1.1" 200 4914 www.liteos.net "http://www.liteos.net/" "Mozilla/5.0 (Windows; U; Windows NT 5.1; en-US; rv:1.9.0.5) Gecko/2008120122 Firefox/3.0.5 (.NET CLR 3.5.30729)" "-"
144.85.144.249 - - [03/Jan/2009:17:38:12 -0500] "GET /info/linux-penguin.jpg HTTP/1.1" 200 20748 www.liteos.net "http://www.liteos.net/info/download.html" "Mozilla/5.0 (Windows; U; Windows NT 5.1; en-US; rv:1.9.0.5) Gecko/2008120122 Firefox/3.0.5 (.NET CLR 3.5.30729)" "-"
144.85.144.249 - - [03/Jan/2009:17:38:13 -0500] "GET /info/windows_logo.jpg HTTP/1.1" 200 78007 www.liteos.net "http://www.liteos.net/info/download.html" "Mozilla/5.0 (Windows; U; Windows NT 5.1; en-US; rv:1.9.0.5) Gecko/2008120122 Firefox/3.0.5 (.NET CLR 3.5.30729)" "-"
144.85.144.249 - - [03/Jan/2009:17:38:14 -0500] "GET /info/screenshot_cygwin.jpg HTTP/1.1" 200 185594 www.liteos.net "http://www.liteos.net/info/download.html" "Mozilla/5.0 (Windows; U; Windows NT 5.1; en-US; rv:1.9.0.5) Gecko/2008120122 Firefox/3.0.5 (.NET CLR 3.5.30729)" "-"
72.30.79.111 - - [03/Jan/2009:17:38:51 -0500] "GET /robots.txt HTTP/1.0" 404 2291 www.liteos.net "-" "Mozilla/5.0 (compatible; Yahoo! Slurp; http://help.yahoo.com/help/us/ysearch/slurp)" "-"
72.30.79.111 - - [03/Jan/2009:17:38:51 -0500] "GET /gallery/screenshots.html HTTP/1.0" 200 5536 www.liteos.net "-" "Mozilla/5.0 (compatible; Yahoo! Slurp; http://help.yahoo.com/help/us/ysearch/slurp)" "-"
144.85.144.249 - - [03/Jan/2009:17:42:34 -0500] "GET /docs/docs.html HTTP/1.1" 200 10172 www.liteos.net "http://www.liteos.net/" "Mozilla/5.0 (Windows; U; Windows NT 5.1; en-US; rv:1.9.0.5) Gecko/2008120122 Firefox/3.0.5 (.NET CLR 3.5.30729)" "-"
66.249.71.12 - - [03/Jan/2009:18:06:48 -0500] "GET /robots.txt HTTP/1.1" 404 2291 www.liteos.net "-" "Mozilla/5.0 (compatible; Googlebot/2.1; +http://www.google.com/bot.html)" "-"
66.249.71.12 - - [03/Jan/2009:18:06:48 -0500] "GET /docs/LiteOS_Programming_Guide_0.31.pdf HTTP/1.1" 200 758580 www.liteos.net "-" "Mozilla/5.0 (compatible; Googlebot/2.1; +http://www.google.com/bot.html)" "-"
208.80.194.51 - - [03/Jan/2009:18:36:40 -0500] "GET / HTTP/1.0" 200 7219 www.liteos.net "-" "Mozilla/4.0 (compatible; MSIE 7.0; Windows NT 5.1; FunWebProducts; YPC 3.2.0; .NET CLR 1.1.4322; SpamBlockerUtility 4.6.1)" "-"
66.249.71.12 - - [03/Jan/2009:19:04:05 -0500] "GET /index.html HTTP/1.1" 301 247 www.liteos.net "-" "Mozilla/5.0 (compatible; Googlebot/2.1; +http://www.google.com/bot.html)" "-"
66.249.71.10 - - [03/Jan/2009:19:04:07 -0500] "GET /index.htm HTTP/1.1" 200 7219 www.liteos.net "-" "Mozilla/5.0 (compatible; Googlebot/2.1; +http://www.google.com/bot.html)" "-"
67.195.37.97 - - [03/Jan/2009:19:09:22 -0500] "GET /info/about.html HTTP/1.0" 200 6820 www.liteos.net "-" "Mozilla/5.0 (compatible; Yahoo! Slurp/3.0; http://help.yahoo.com/help/us/ysearch/slurp)" "-"
67.195.37.97 - - [03/Jan/2009:19:09:22 -0500] "GET /css/liteos.css HTTP/1.0" 304 - www.liteos.net "http://www.liteos.net/info/about.html" "Mozilla/5.0 (compatible; Yahoo! Slurp/3.0; http://help.yahoo.com/help/us/ysearch/slurp)" "-"
66.249.71.10 - - [03/Jan/2009:20:07:19 -0500] "GET / HTTP/1.1" 200 7219 www.liteos.net "-" "Mozilla/5.0 (compatible; Googlebot/2.1; +http://www.google.com/bot.html)" "-"
208.80.194.43 - - [03/Jan/2009:20:27:41 -0500] "GET / HTTP/1.0" 200 7219 liteos.net "-" "Mozilla/4.0 (compatible; MSIE 7.0; America Online Browser 1.1; rev1.5; Windows NT 5.1; FunWebProducts; IEMB3; IEMB3)" "-"
119.63.193.55 - - [03/Jan/2009:21:04:44 -0500] "GET / HTTP/1.1" 200 7219 www.liteos.net "-" "Baiduspider+(+http://www.baidu.com/search/spider_jp.html)" "-"
67.195.37.97 - - [03/Jan/2009:21:23:43 -0500] "GET /info/about.html HTTP/1.0" 304 - www.liteos.net "-" "Mozilla/5.0 (compatible; Yahoo! Slurp/3.0; http://help.yahoo.com/help/us/ysearch/slurp)" "-"
67.195.37.97 - - [03/Jan/2009:21:23:43 -0500] "GET /css/liteos.css HTTP/1.0" 304 - www.liteos.net "http://www.liteos.net/info/about.html" "Mozilla/5.0 (compatible; Yahoo! Slurp/3.0; http://help.yahoo.com/help/us/ysearch/slurp)" "-"
210.72.137.228 - - [03/Jan/2009:22:46:02 -0500] "GET / HTTP/1.0" 200 7219 www.liteos.net "-" "Mozilla/4.0 (compatible; MSIE 7.0; Windows NT 5.1; .NET CLR 1.1.4322; InfoPath.1; .NET CLR 2.0.50727; MAXTHON 2.0)" "-"
210.72.137.228 - - [03/Jan/2009:22:46:03 -0500] "GET /css/liteos.css HTTP/1.0" 200 4971 www.liteos.net "http://www.liteos.net/" "Mozilla/4.0 (compatible; MSIE 7.0; Windows NT 5.1; .NET CLR 1.1.4322; InfoPath.1; .NET CLR 2.0.50727; MAXTHON 2.0)" "-"
