72.202.131.181 - - [26/Oct/2008:01:18:10 -0400] "GET /css/liteos.css HTTP/1.1" 304 - www.liteos.net "http://www.liteos.net/docs/docs.html" "Mozilla/4.0 (compatible; MSIE 7.0; Windows NT 5.1)" "-"
72.202.131.181 - - [26/Oct/2008:01:18:10 -0400] "GET /css/outer-box-bg.gif HTTP/1.1" 304 - www.liteos.net "http://www.liteos.net/docs/docs.html" "Mozilla/4.0 (compatible; MSIE 7.0; Windows NT 5.1)" "-"
72.202.131.181 - - [26/Oct/2008:01:18:11 -0400] "GET /css/hr_gray.png HTTP/1.1" 200 132 www.liteos.net "http://www.liteos.net/docs/docs.html" "Mozilla/4.0 (compatible; MSIE 7.0; Windows NT 5.1)" "-"
72.202.131.181 - - [26/Oct/2008:01:18:11 -0400] "GET /img/icon.jpg HTTP/1.1" 200 90334 www.liteos.net "http://www.liteos.net/docs/docs.html" "Mozilla/4.0 (compatible; MSIE 7.0; Windows NT 5.1)" "-"
72.202.131.181 - - [26/Oct/2008:01:18:11 -0400] "GET /css/li-brown.png HTTP/1.1" 200 141 www.liteos.net "http://www.liteos.net/docs/docs.html" "Mozilla/4.0 (compatible; MSIE 7.0; Windows NT 5.1)" "-"
66.231.188.70 - - [26/Oct/2008:01:46:28 -0400] "GET /robots.txt HTTP/1.0" 404 2291 www.liteos.net "-" "Gigabot/3.0 (http://www.gigablast.com/spider.html)" "-"
66.231.188.70 - - [26/Oct/2008:01:46:28 -0400] "GET /docs/faq.html HTTP/1.0" 200 11494 www.liteos.net "-" "Gigabot/3.0 (http://www.gigablast.com/spider.html)" "-"
119.63.193.55 - - [26/Oct/2008:02:05:31 -0400] "GET / HTTP/1.1" 200 7219 www.liteos.net "-" "Baiduspider+(+http://www.baidu.com/search/spider_jp.html)" "-"
66.231.188.70 - - [26/Oct/2008:03:43:27 -0400] "GET /info/people.html HTTP/1.0" 200 10363 www.liteos.net "-" "Gigabot/3.0 (http://www.gigablast.com/spider.html)" "-"
119.63.193.55 - - [26/Oct/2008:04:06:14 -0400] "GET / HTTP/1.1" 200 7219 www.liteos.net "-" "Baiduspider+(+http://www.baidu.com/search/spider_jp.html)" "-"
116.233.23.181 - - [26/Oct/2008:04:22:37 -0400] "GET / HTTP/1.1" 200 7219 www.liteos.net "http://www.cs.uiuc.edu/homes/zaher/cyberphysical/index.html" "Mozilla/4.0 (compatible; MSIE 6.0; Windows NT 5.1; SV1; .NET CLR 1.1.4322; .NET CLR 2.0.50727)" "-"
116.233.23.181 - - [26/Oct/2008:04:22:38 -0400] "GET /css/liteos.css HTTP/1.1" 200 4971 www.liteos.net "http://www.liteos.net/" "Mozilla/4.0 (compatible; MSIE 6.0; Windows NT 5.1; SV1; .NET CLR 1.1.4322; .NET CLR 2.0.50727)" "-"
116.233.23.181 - - [26/Oct/2008:04:22:39 -0400] "GET /css/outer-box-bg.gif HTTP/1.1" 200 763 www.liteos.net "http://www.liteos.net/" "Mozilla/4.0 (compatible; MSIE 6.0; Windows NT 5.1; SV1; .NET CLR 1.1.4322; .NET CLR 2.0.50727)" "-"
116.233.23.181 - - [26/Oct/2008:04:22:39 -0400] "GET /img/liteos_banner.jpg HTTP/1.1" 200 90334 www.liteos.net "http://www.liteos.net/" "Mozilla/4.0 (compatible; MSIE 6.0; Windows NT 5.1; SV1; .NET CLR 1.1.4322; .NET CLR 2.0.50727)" "-"
119.63.193.55 - - [26/Oct/2008:06:04:36 -0400] "GET / HTTP/1.1" 200 7219 www.liteos.net "-" "Baiduspider+(+http://www.baidu.com/search/spider_jp.html)" "-"
119.63.193.55 - - [26/Oct/2008:08:06:04 -0400] "GET / HTTP/1.1" 200 7219 www.liteos.net "-" "Baiduspider+(+http://www.baidu.com/search/spider_jp.html)" "-"
119.63.193.55 - - [26/Oct/2008:10:06:19 -0400] "GET / HTTP/1.1" 200 7219 www.liteos.net "-" "Baiduspider+(+http://www.baidu.com/search/spider_jp.html)" "-"
212.38.103.86 - - [26/Oct/2008:10:34:36 -0400] "GET / HTTP/1.1" 200 7219 liteos.net "-" "Mozilla/5.0 (compatible; Konqueror/3.5; Linux) KHTML/3.5.10 (like Gecko)" "-"
212.38.103.86 - - [26/Oct/2008:10:34:36 -0400] "GET /css/liteos.css HTTP/1.1" 200 4971 liteos.net "http://liteos.net/" "Mozilla/5.0 (compatible; Konqueror/3.5; Linux) KHTML/3.5.10 (like Gecko)" "-"
212.38.103.86 - - [26/Oct/2008:10:34:37 -0400] "GET /css/outer-box-bg.gif HTTP/1.1" 200 763 liteos.net "http://liteos.net/" "Mozilla/5.0 (compatible; Konqueror/3.5; Linux) KHTML/3.5.10 (like Gecko)" "-"
212.38.103.86 - - [26/Oct/2008:10:34:37 -0400] "GET /css/hr_brown.png HTTP/1.1" 200 132 liteos.net "http://liteos.net/" "Mozilla/5.0 (compatible; Konqueror/3.5; Linux) KHTML/3.5.10 (like Gecko)" "-"
212.38.103.86 - - [26/Oct/2008:10:34:37 -0400] "GET /css/navsep.png HTTP/1.1" 200 140 liteos.net "http://liteos.net/" "Mozilla/5.0 (compatible; Konqueror/3.5; Linux) KHTML/3.5.10 (like Gecko)" "-"
212.38.103.86 - - [26/Oct/2008:10:34:37 -0400] "GET /css/li-brown.png HTTP/1.1" 200 141 liteos.net "http://liteos.net/" "Mozilla/5.0 (compatible; Konqueror/3.5; Linux) KHTML/3.5.10 (like Gecko)" "-"
212.38.103.86 - - [26/Oct/2008:10:34:37 -0400] "GET /img/liteos_banner.jpg HTTP/1.1" 200 90334 liteos.net "http://liteos.net/" "Mozilla/5.0 (compatible; Konqueror/3.5; Linux) KHTML/3.5.10 (like Gecko)" "-"
212.38.103.86 - - [26/Oct/2008:10:34:40 -0400] "GET /css/hr_gray.png HTTP/1.1" 200 132 liteos.net "http://liteos.net/" "Mozilla/5.0 (compatible; Konqueror/3.5; Linux) KHTML/3.5.10 (like Gecko)" "-"
67.195.37.93 - - [26/Oct/2008:10:58:42 -0400] "GET /robots.txt HTTP/1.0" 404 2291 www.liteos.net "-" "Mozilla/5.0 (compatible; Yahoo! Slurp; http://help.yahoo.com/help/us/ysearch/slurp)" "-"
67.195.37.93 - - [26/Oct/2008:10:58:42 -0400] "GET /info/people.html HTTP/1.0" 200 10363 www.liteos.net "-" "Mozilla/5.0 (compatible; Yahoo! Slurp; http://help.yahoo.com/help/us/ysearch/slurp)" "-"
66.231.188.70 - - [26/Oct/2008:11:00:18 -0400] "GET /contact/contact.html HTTP/1.0" 200 8065 www.liteos.net "-" "Gigabot/3.0 (http://www.gigablast.com/spider.html)" "-"
66.231.188.70 - - [26/Oct/2008:11:34:07 -0400] "GET /gallery/screenshots.html HTTP/1.0" 200 5536 www.liteos.net "-" "Gigabot/3.0 (http://www.gigablast.com/spider.html)" "-"
208.80.194.41 - - [26/Oct/2008:11:37:41 -0400] "GET / HTTP/1.0" 200 7219 www.liteos.net "-" "Mozilla/4.0 (compatible; MSIE 6.0; Windows NT 5.1; FunWebProducts; SV1; (R1 1.5); .NET CLR 1.1.4322; .NET CLR 2.0.50727; MSN 9.0;MSN 9.1; MSNbQ002; MSNmen-us; MSNcOTH)" "-"
64.1.215.162 - - [26/Oct/2008:11:48:36 -0400] "GET /robots.txt HTTP/1.0" 404 2291 www.liteos.net "-" "Mozilla/5.0 (Twiceler-0.9 http://www.cuil.com/twiceler/robot.html)" "-"
119.63.193.55 - - [26/Oct/2008:12:08:15 -0400] "GET / HTTP/1.1" 200 7219 www.liteos.net "-" "Baiduspider+(+http://www.baidu.com/search/spider_jp.html)" "-"
24.21.131.23 - - [26/Oct/2008:12:12:02 -0400] "GET / HTTP/1.1" 200 7219 www.liteos.net "http://www.google.com/search?q=liteos&ie=utf-8&oe=utf-8&aq=t&rls=org.mozilla:en-US:official&client=firefox-a" "Mozilla/5.0 (Windows; U; Windows NT 6.0; en-US; rv:1.9.0.3) Gecko/2008092417 Firefox/3.0.3" "-"
24.21.131.23 - - [26/Oct/2008:12:12:02 -0400] "GET /css/liteos.css HTTP/1.1" 200 4971 www.liteos.net "http://www.liteos.net/" "Mozilla/5.0 (Windows; U; Windows NT 6.0; en-US; rv:1.9.0.3) Gecko/2008092417 Firefox/3.0.3" "-"
24.21.131.23 - - [26/Oct/2008:12:12:03 -0400] "GET /css/outer-box-bg.gif HTTP/1.1" 200 763 www.liteos.net "http://www.liteos.net/css/liteos.css" "Mozilla/5.0 (Windows; U; Windows NT 6.0; en-US; rv:1.9.0.3) Gecko/2008092417 Firefox/3.0.3" "-"
24.21.131.23 - - [26/Oct/2008:12:12:03 -0400] "GET /img/liteos_banner.jpg HTTP/1.1" 200 90334 www.liteos.net "http://www.liteos.net/" "Mozilla/5.0 (Windows; U; Windows NT 6.0; en-US; rv:1.9.0.3) Gecko/2008092417 Firefox/3.0.3" "-"
24.21.131.23 - - [26/Oct/2008:12:12:04 -0400] "GET /favicon.ico HTTP/1.1" 200 3638 www.liteos.net "-" "Mozilla/5.0 (Windows; U; Windows NT 6.0; en-US; rv:1.9.0.3) Gecko/2008092417 Firefox/3.0.3" "-"
189.70.166.128 - - [26/Oct/2008:12:32:43 -0400] "GET / HTTP/1.1" 200 7219 www.liteos.net "http://images.google.com.br/imgres?imgurl=http://www.liteos.net/img/liteos_banner.jpg&imgrefurl=http://www.liteos.net/&h=960&w=1771&sz=89&hl=pt-BR&start=34&um=1&usg=__1yYcNJaRmftdXHbTLyqlj7Zz03o=&tbnid=hinuZyOrEo1YaM:&tbnh=81&tbnw=150&prev=/images%3Fq%3Dmib520%26start%3D18%26ndsp%3D18%26um%3D1%26hl%3Dpt-BR%26sa%3DN" "Mozilla/5.0 (Windows; U; Windows NT 6.0; pt-BR; rv:1.9.0.3) Gecko/2008092417 Firefox/3.0.3" "-"
189.70.166.128 - - [26/Oct/2008:12:32:44 -0400] "GET /css/liteos.css HTTP/1.1" 200 4971 www.liteos.net "http://www.liteos.net/" "Mozilla/5.0 (Windows; U; Windows NT 6.0; pt-BR; rv:1.9.0.3) Gecko/2008092417 Firefox/3.0.3" "-"
189.70.166.128 - - [26/Oct/2008:12:32:44 -0400] "GET /css/outer-box-bg.gif HTTP/1.1" 200 763 www.liteos.net "http://www.liteos.net/css/liteos.css" "Mozilla/5.0 (Windows; U; Windows NT 6.0; pt-BR; rv:1.9.0.3) Gecko/2008092417 Firefox/3.0.3" "-"
189.70.166.128 - - [26/Oct/2008:12:32:46 -0400] "GET /img/liteos_banner.jpg HTTP/1.1" 200 90334 www.liteos.net "http://www.liteos.net/" "Mozilla/5.0 (Windows; U; Windows NT 6.0; pt-BR; rv:1.9.0.3) Gecko/2008092417 Firefox/3.0.3" "-"
189.70.166.128 - - [26/Oct/2008:12:33:28 -0400] "GET /info/about.html HTTP/1.1" 200 6820 www.liteos.net "http://www.liteos.net/" "Mozilla/5.0 (Windows; U; Windows NT 6.0; pt-BR; rv:1.9.0.3) Gecko/2008092417 Firefox/3.0.3" "-"
189.70.166.128 - - [26/Oct/2008:12:33:29 -0400] "GET /css/hr_gray.png HTTP/1.1" 200 132 www.liteos.net "http://www.liteos.net/css/liteos.css" "Mozilla/5.0 (Windows; U; Windows NT 6.0; pt-BR; rv:1.9.0.3) Gecko/2008092417 Firefox/3.0.3" "-"
189.70.166.128 - - [26/Oct/2008:12:33:29 -0400] "GET /css/li-brown.png HTTP/1.1" 200 141 www.liteos.net "http://www.liteos.net/css/liteos.css" "Mozilla/5.0 (Windows; U; Windows NT 6.0; pt-BR; rv:1.9.0.3) Gecko/2008092417 Firefox/3.0.3" "-"
189.70.166.128 - - [26/Oct/2008:12:33:30 -0400] "GET /img/icon.jpg HTTP/1.1" 200 90334 www.liteos.net "http://www.liteos.net/info/about.html" "Mozilla/5.0 (Windows; U; Windows NT 6.0; pt-BR; rv:1.9.0.3) Gecko/2008092417 Firefox/3.0.3" "-"
189.70.166.128 - - [26/Oct/2008:12:33:35 -0400] "GET /favicon.ico HTTP/1.1" 200 3638 www.liteos.net "-" "Mozilla/5.0 (Windows; U; Windows NT 6.0; pt-BR; rv:1.9.0.3) Gecko/2008092417 Firefox/3.0.3" "-"
189.70.166.128 - - [26/Oct/2008:12:33:40 -0400] "GET / HTTP/1.1" 200 - www.liteos.net "-" "Mozilla/5.0 (Windows; U; Windows NT 6.0; pt-BR; rv:1.9.0.3) Gecko/2008092417 Firefox/3.0.3" "-"
66.231.188.70 - - [26/Oct/2008:12:34:41 -0400] "GET /robots.txt HTTP/1.0" 404 2291 www.liteos.net "-" "Gigabot/3.0 (http://www.gigablast.com/spider.html)" "-"
66.231.188.70 - - [26/Oct/2008:12:34:41 -0400] "GET /info/research.microsoft.com/%7Eliqian HTTP/1.0" 404 2316 www.liteos.net "-" "Gigabot/3.0 (http://www.gigablast.com/spider.html)" "-"
74.6.18.229 - - [26/Oct/2008:12:40:40 -0400] "GET /robots.txt HTTP/1.0" 404 2291 www.liteos.net "-" "Mozilla/5.0 (compatible; Yahoo! Slurp; http://help.yahoo.com/help/us/ysearch/slurp)" "-"
74.6.18.229 - - [26/Oct/2008:12:40:41 -0400] "GET /contact/contact.html HTTP/1.0" 200 8065 www.liteos.net "-" "Mozilla/5.0 (compatible; Yahoo! Slurp; http://help.yahoo.com/help/us/ysearch/slurp)" "-"
119.63.193.56 - - [26/Oct/2008:12:49:42 -0400] "GET /robots.txt HTTP/1.1" 404 2291 www.liteos.net "-" "Baiduspider+(+http://www.baidu.com/search/spider_jp.html)" "-"
66.231.188.70 - - [26/Oct/2008:13:00:07 -0400] "GET /info/news.html HTTP/1.0" 200 4886 www.liteos.net "-" "Gigabot/3.0 (http://www.gigablast.com/spider.html)" "-"
66.231.188.70 - - [26/Oct/2008:13:59:35 -0400] "GET /favicon.ico HTTP/1.0" 200 3638 www.liteos.net "-" "Gigabot/3.0 (http://www.gigablast.com/spider.html)" "-"
119.63.193.55 - - [26/Oct/2008:14:07:05 -0400] "GET / HTTP/1.1" 200 7219 www.liteos.net "-" "Baiduspider+(+http://www.baidu.com/search/spider_jp.html)" "-"
196.217.105.123 - - [26/Oct/2008:14:29:05 -0400] "GET /info/people.html HTTP/1.1" 200 10363 www.liteos.net "http://www.google.co.ma/search?hl=fr&q=Liteos&btnG=Recherche+Google&meta=" "Mozilla/5.0 (Windows; U; Windows NT 5.1; fr; rv:1.8.1.4) Gecko/20070515 Firefox/2.0.0.4" "-"
196.217.105.123 - - [26/Oct/2008:14:29:07 -0400] "GET /css/liteos.css HTTP/1.1" 200 4971 www.liteos.net "http://www.liteos.net/info/people.html" "Mozilla/5.0 (Windows; U; Windows NT 5.1; fr; rv:1.8.1.4) Gecko/20070515 Firefox/2.0.0.4" "-"
196.217.105.123 - - [26/Oct/2008:14:29:08 -0400] "GET /css/outer-box-bg.gif HTTP/1.1" 200 763 www.liteos.net "http://www.liteos.net/css/liteos.css" "Mozilla/5.0 (Windows; U; Windows NT 5.1; fr; rv:1.8.1.4) Gecko/20070515 Firefox/2.0.0.4" "-"
196.217.105.123 - - [26/Oct/2008:14:29:09 -0400] "GET /css/hr_gray.png HTTP/1.1" 200 132 www.liteos.net "http://www.liteos.net/css/liteos.css" "Mozilla/5.0 (Windows; U; Windows NT 5.1; fr; rv:1.8.1.4) Gecko/20070515 Firefox/2.0.0.4" "-"
196.217.105.123 - - [26/Oct/2008:14:29:10 -0400] "GET /img/icon.jpg HTTP/1.1" 200 90334 www.liteos.net "http://www.liteos.net/info/people.html" "Mozilla/5.0 (Windows; U; Windows NT 5.1; fr; rv:1.8.1.4) Gecko/20070515 Firefox/2.0.0.4" "-"
196.217.105.123 - - [26/Oct/2008:14:29:17 -0400] "GET /favicon.ico HTTP/1.1" 200 3638 www.liteos.net "-" "Mozilla/5.0 (Windows; U; Windows NT 5.1; fr; rv:1.8.1.4) Gecko/20070515 Firefox/2.0.0.4" "-"
196.217.105.123 - - [26/Oct/2008:14:29:27 -0400] "GET /info/download.html HTTP/1.1" 200 4914 www.liteos.net "http://www.liteos.net/info/people.html" "Mozilla/5.0 (Windows; U; Windows NT 5.1; fr; rv:1.8.1.4) Gecko/20070515 Firefox/2.0.0.4" "-"
196.217.105.123 - - [26/Oct/2008:14:29:28 -0400] "GET /css/li-brown.png HTTP/1.1" 200 141 www.liteos.net "http://www.liteos.net/css/liteos.css" "Mozilla/5.0 (Windows; U; Windows NT 5.1; fr; rv:1.8.1.4) Gecko/20070515 Firefox/2.0.0.4" "-"
196.217.105.123 - - [26/Oct/2008:14:29:29 -0400] "GET /info/linux-penguin.jpg HTTP/1.1" 200 20748 www.liteos.net "http://www.liteos.net/info/download.html" "Mozilla/5.0 (Windows; U; Windows NT 5.1; fr; rv:1.8.1.4) Gecko/20070515 Firefox/2.0.0.4" "-"
196.217.105.123 - - [26/Oct/2008:14:29:30 -0400] "GET /info/windows_logo.jpg HTTP/1.1" 200 78007 www.liteos.net "http://www.liteos.net/info/download.html" "Mozilla/5.0 (Windows; U; Windows NT 5.1; fr; rv:1.8.1.4) Gecko/20070515 Firefox/2.0.0.4" "-"
196.217.105.123 - - [26/Oct/2008:14:29:39 -0400] "GET /info/screenshot_cygwin.jpg HTTP/1.1" 200 185594 www.liteos.net "http://www.liteos.net/info/download.html" "Mozilla/5.0 (Windows; U; Windows NT 5.1; fr; rv:1.8.1.4) Gecko/20070515 Firefox/2.0.0.4" "-"
67.195.37.93 - - [26/Oct/2008:14:53:18 -0400] "GET /info/about.html HTTP/1.0" 200 6820 www.liteos.net "-" "Mozilla/5.0 (compatible; Yahoo! Slurp; http://help.yahoo.com/help/us/ysearch/slurp)" "-"
196.217.105.123 - - [26/Oct/2008:15:02:12 -0400] "GET /Software/LiteOSSetup.exe HTTP/1.1" 200 34249769 www.liteos.net "http://www.liteos.net/info/download.html" "Mozilla/5.0 (Windows; U; Windows NT 5.1; fr; rv:1.8.1.4) Gecko/20070515 Firefox/2.0.0.4" "-"
212.38.103.86 - - [26/Oct/2008:15:09:05 -0400] "GET / HTTP/1.1" 200 7219 liteos.net "-" "Mozilla/5.0 (compatible; Konqueror/3.5; Linux) KHTML/3.5.10 (like Gecko)" "-"
212.38.103.86 - - [26/Oct/2008:15:09:06 -0400] "GET /img/liteos_banner.jpg HTTP/1.1" 200 90334 liteos.net "http://liteos.net/" "Mozilla/5.0 (compatible; Konqueror/3.5; Linux) KHTML/3.5.10 (like Gecko)" "-"
212.38.103.86 - - [26/Oct/2008:15:09:10 -0400] "GET /css/liteos.css HTTP/1.1" 200 4971 liteos.net "http://liteos.net/" "Mozilla/5.0 (compatible; Konqueror/3.5; Linux) KHTML/3.5.10 (like Gecko)" "-"
212.38.103.86 - - [26/Oct/2008:15:09:11 -0400] "GET /css/hr_brown.png HTTP/1.1" 200 132 liteos.net "http://liteos.net/" "Mozilla/5.0 (compatible; Konqueror/3.5; Linux) KHTML/3.5.10 (like Gecko)" "-"
212.38.103.86 - - [26/Oct/2008:15:09:11 -0400] "GET /css/li-brown.png HTTP/1.1" 200 141 liteos.net "http://liteos.net/" "Mozilla/5.0 (compatible; Konqueror/3.5; Linux) KHTML/3.5.10 (like Gecko)" "-"
212.38.103.86 - - [26/Oct/2008:15:09:11 -0400] "GET /css/outer-box-bg.gif HTTP/1.1" 200 763 liteos.net "http://liteos.net/" "Mozilla/5.0 (compatible; Konqueror/3.5; Linux) KHTML/3.5.10 (like Gecko)" "-"
212.38.103.86 - - [26/Oct/2008:15:09:11 -0400] "GET /css/hr_gray.png HTTP/1.1" 200 132 liteos.net "http://liteos.net/" "Mozilla/5.0 (compatible; Konqueror/3.5; Linux) KHTML/3.5.10 (like Gecko)" "-"
212.38.103.86 - - [26/Oct/2008:15:09:12 -0400] "GET /css/navsep.png HTTP/1.1" 200 140 liteos.net "http://liteos.net/" "Mozilla/5.0 (compatible; Konqueror/3.5; Linux) KHTML/3.5.10 (like Gecko)" "-"
212.38.103.86 - - [26/Oct/2008:15:09:14 -0400] "GET /info/download.html HTTP/1.1" 200 4914 liteos.net "http://liteos.net/" "Mozilla/5.0 (compatible; Konqueror/3.5; Linux) KHTML/3.5.10 (like Gecko)" "-"
212.38.103.86 - - [26/Oct/2008:15:09:15 -0400] "GET /info/linux-penguin.jpg HTTP/1.1" 200 20748 liteos.net "http://liteos.net/info/download.html" "Mozilla/5.0 (compatible; Konqueror/3.5; Linux) KHTML/3.5.10 (like Gecko)" "-"
212.38.103.86 - - [26/Oct/2008:15:09:15 -0400] "GET /img/icon.jpg HTTP/1.1" 200 90334 liteos.net "http://liteos.net/info/download.html" "Mozilla/5.0 (compatible; Konqueror/3.5; Linux) KHTML/3.5.10 (like Gecko)" "-"
212.38.103.86 - - [26/Oct/2008:15:09:16 -0400] "GET /info/screenshot_cygwin.jpg HTTP/1.1" 200 185594 liteos.net "http://liteos.net/info/download.html" "Mozilla/5.0 (compatible; Konqueror/3.5; Linux) KHTML/3.5.10 (like Gecko)" "-"
212.38.103.86 - - [26/Oct/2008:15:09:17 -0400] "GET /info/windows_logo.jpg HTTP/1.1" 200 78007 liteos.net "http://liteos.net/info/download.html" "Mozilla/5.0 (compatible; Konqueror/3.5; Linux) KHTML/3.5.10 (like Gecko)" "-"
212.38.103.86 - - [26/Oct/2008:15:10:29 -0400] "GET /Software/LiteOS.tar.gz HTTP/1.1" 200 21575680 liteos.net "http://liteos.net/info/download.html" "Mozilla/5.0 (compatible; Konqueror/3.5; Linux) KHTML/3.5.10 (like Gecko)" "-"
212.38.103.83 - - [26/Oct/2008:15:12:10 -0400] "GET / HTTP/1.1" 200 7219 liteos.net "-" "Mozilla/4.0 (compatible; MSIE 7.0; Windows NT 5.1; MRA 4.6 (build 01425); .NET CLR 1.1.4322; .NET CLR 2.0.50727)" "-"
212.38.103.83 - - [26/Oct/2008:15:12:10 -0400] "GET /css/liteos.css HTTP/1.1" 200 4971 liteos.net "http://liteos.net/" "Mozilla/4.0 (compatible; MSIE 7.0; Windows NT 5.1; MRA 4.6 (build 01425); .NET CLR 1.1.4322; .NET CLR 2.0.50727)" "-"
212.38.103.83 - - [26/Oct/2008:15:12:11 -0400] "GET /css/outer-box-bg.gif HTTP/1.1" 200 763 liteos.net "http://liteos.net/" "Mozilla/4.0 (compatible; MSIE 7.0; Windows NT 5.1; MRA 4.6 (build 01425); .NET CLR 1.1.4322; .NET CLR 2.0.50727)" "-"
212.38.103.83 - - [26/Oct/2008:15:12:11 -0400] "GET /img/liteos_banner.jpg HTTP/1.1" 200 90334 liteos.net "http://liteos.net/" "Mozilla/4.0 (compatible; MSIE 7.0; Windows NT 5.1; MRA 4.6 (build 01425); .NET CLR 1.1.4322; .NET CLR 2.0.50727)" "-"
212.38.103.83 - - [26/Oct/2008:15:12:12 -0400] "GET /favicon.ico HTTP/1.1" 200 3638 liteos.net "-" "Mozilla/4.0 (compatible; MSIE 7.0; Windows NT 5.1; MRA 4.6 (build 01425); .NET CLR 1.1.4322; .NET CLR 2.0.50727)" "-"
212.38.103.83 - - [26/Oct/2008:15:12:13 -0400] "GET /info/download.html HTTP/1.1" 200 4914 liteos.net "http://liteos.net/" "Mozilla/4.0 (compatible; MSIE 7.0; Windows NT 5.1; MRA 4.6 (build 01425); .NET CLR 1.1.4322; .NET CLR 2.0.50727)" "-"
212.38.103.83 - - [26/Oct/2008:15:12:15 -0400] "GET /info/windows_logo.jpg HTTP/1.1" 200 78007 liteos.net "http://liteos.net/info/download.html" "Mozilla/4.0 (compatible; MSIE 7.0; Windows NT 5.1; MRA 4.6 (build 01425); .NET CLR 1.1.4322; .NET CLR 2.0.50727)" "-"
212.38.103.83 - - [26/Oct/2008:15:12:15 -0400] "GET /img/icon.jpg HTTP/1.1" 200 90334 liteos.net "http://liteos.net/info/download.html" "Mozilla/4.0 (compatible; MSIE 7.0; Windows NT 5.1; MRA 4.6 (build 01425); .NET CLR 1.1.4322; .NET CLR 2.0.50727)" "-"
212.38.103.83 - - [26/Oct/2008:15:12:15 -0400] "GET /info/linux-penguin.jpg HTTP/1.1" 200 20748 liteos.net "http://liteos.net/info/download.html" "Mozilla/4.0 (compatible; MSIE 7.0; Windows NT 5.1; MRA 4.6 (build 01425); .NET CLR 1.1.4322; .NET CLR 2.0.50727)" "-"
212.38.103.83 - - [26/Oct/2008:15:12:15 -0400] "GET /css/li-brown.png HTTP/1.1" 200 141 liteos.net "http://liteos.net/info/download.html" "Mozilla/4.0 (compatible; MSIE 7.0; Windows NT 5.1; MRA 4.6 (build 01425); .NET CLR 1.1.4322; .NET CLR 2.0.50727)" "-"
212.38.103.83 - - [26/Oct/2008:15:12:16 -0400] "GET /css/hr_gray.png HTTP/1.1" 200 132 liteos.net "http://liteos.net/info/download.html" "Mozilla/4.0 (compatible; MSIE 7.0; Windows NT 5.1; MRA 4.6 (build 01425); .NET CLR 1.1.4322; .NET CLR 2.0.50727)" "-"
212.38.103.83 - - [26/Oct/2008:15:12:16 -0400] "GET /info/screenshot_cygwin.jpg HTTP/1.1" 200 185594 liteos.net "http://liteos.net/info/download.html" "Mozilla/4.0 (compatible; MSIE 7.0; Windows NT 5.1; MRA 4.6 (build 01425); .NET CLR 1.1.4322; .NET CLR 2.0.50727)" "-"
212.38.103.83 - - [26/Oct/2008:15:13:20 -0400] "GET /Software/LiteOS.tar.gz HTTP/1.1" 200 21575680 liteos.net "-" "Mozilla/4.0 (compatible; MSIE 7.0; Windows NT 5.1; MRA 4.6 (build 01425); .NET CLR 1.1.4322; .NET CLR 2.0.50727)" "-"
67.195.37.93 - - [26/Oct/2008:15:31:26 -0400] "GET /docs/docs.html HTTP/1.0" 200 10172 www.liteos.net "-" "Mozilla/5.0 (compatible; Yahoo! Slurp; http://help.yahoo.com/help/us/ysearch/slurp)" "-"
67.195.37.93 - - [26/Oct/2008:15:40:37 -0400] "GET /docs/IPSN_2008.pdf HTTP/1.0" 200 527541 www.liteos.net "-" "Mozilla/5.0 (compatible; Yahoo! Slurp; http://help.yahoo.com/help/us/ysearch/slurp)" "-"
119.63.193.55 - - [26/Oct/2008:16:06:23 -0400] "GET / HTTP/1.1" 200 7219 www.liteos.net "-" "Baiduspider+(+http://www.baidu.com/search/spider_jp.html)" "-"
67.195.37.93 - - [26/Oct/2008:17:01:25 -0400] "GET /robots.txt HTTP/1.0" 404 2291 www.liteos.net "-" "Mozilla/5.0 (compatible; Yahoo! Slurp; http://help.yahoo.com/help/us/ysearch/slurp)" "-"
67.195.37.93 - - [26/Oct/2008:17:01:26 -0400] "GET /docs/LiteOS_ApplicationNote101.pdf HTTP/1.0" 200 380601 www.liteos.net "-" "Mozilla/5.0 (compatible; Yahoo! Slurp; http://help.yahoo.com/help/us/ysearch/slurp)" "-"
156.26.38.136 - - [26/Oct/2008:17:03:38 -0400] "GET / HTTP/1.1" 200 - www.liteos.net "-" "Mozilla/4.0 (compatible; MSIE 7.0; Windows NT 6.0; SLCC1; .NET CLR 2.0.50727; Media Center PC 5.0; .NET CLR 3.0.04506)" "-"
156.26.38.136 - - [26/Oct/2008:17:03:38 -0400] "GET /css/liteos.css HTTP/1.1" 304 - www.liteos.net "http://www.liteos.net/" "Mozilla/4.0 (compatible; MSIE 7.0; Windows NT 6.0; SLCC1; .NET CLR 2.0.50727; Media Center PC 5.0; .NET CLR 3.0.04506)" "-"
156.26.38.136 - - [26/Oct/2008:17:03:38 -0400] "GET /css/outer-box-bg.gif HTTP/1.1" 304 - www.liteos.net "http://www.liteos.net/" "Mozilla/4.0 (compatible; MSIE 7.0; Windows NT 6.0; SLCC1; .NET CLR 2.0.50727; Media Center PC 5.0; .NET CLR 3.0.04506)" "-"
156.26.38.136 - - [26/Oct/2008:17:03:38 -0400] "GET /img/liteos_banner.jpg HTTP/1.1" 304 - www.liteos.net "http://www.liteos.net/" "Mozilla/4.0 (compatible; MSIE 7.0; Windows NT 6.0; SLCC1; .NET CLR 2.0.50727; Media Center PC 5.0; .NET CLR 3.0.04506)" "-"
156.26.38.136 - - [26/Oct/2008:17:03:43 -0400] "GET /contact/contact.html HTTP/1.1" 200 8065 www.liteos.net "http://www.liteos.net/" "Mozilla/4.0 (compatible; MSIE 7.0; Windows NT 6.0; SLCC1; .NET CLR 2.0.50727; Media Center PC 5.0; .NET CLR 3.0.04506)" "-"
156.26.38.136 - - [26/Oct/2008:17:03:43 -0400] "GET /img/icon.jpg HTTP/1.1" 304 - www.liteos.net "http://www.liteos.net/contact/contact.html" "Mozilla/4.0 (compatible; MSIE 7.0; Windows NT 6.0; SLCC1; .NET CLR 2.0.50727; Media Center PC 5.0; .NET CLR 3.0.04506)" "-"
156.26.38.136 - - [26/Oct/2008:17:03:43 -0400] "GET /css/li-brown.png HTTP/1.1" 304 - www.liteos.net "http://www.liteos.net/contact/contact.html" "Mozilla/4.0 (compatible; MSIE 7.0; Windows NT 6.0; SLCC1; .NET CLR 2.0.50727; Media Center PC 5.0; .NET CLR 3.0.04506)" "-"
156.26.38.136 - - [26/Oct/2008:17:03:43 -0400] "GET /css/hr_gray.png HTTP/1.1" 304 - www.liteos.net "http://www.liteos.net/contact/contact.html" "Mozilla/4.0 (compatible; MSIE 7.0; Windows NT 6.0; SLCC1; .NET CLR 2.0.50727; Media Center PC 5.0; .NET CLR 3.0.04506)" "-"
67.195.37.93 - - [26/Oct/2008:17:41:11 -0400] "GET /docs/RTSS_2008.pdf HTTP/1.0" 200 302743 www.liteos.net "-" "Mozilla/5.0 (compatible; Yahoo! Slurp; http://help.yahoo.com/help/us/ysearch/slurp)" "-"
156.26.38.136 - - [26/Oct/2008:17:53:09 -0400] "GET / HTTP/1.1" 200 - www.liteos.net "-" "Mozilla/4.0 (compatible; MSIE 7.0; Windows NT 6.0; SLCC1; .NET CLR 2.0.50727; Media Center PC 5.0; .NET CLR 3.0.04506)" "-"
156.26.38.136 - - [26/Oct/2008:17:53:09 -0400] "GET /css/liteos.css HTTP/1.1" 304 - www.liteos.net "http://www.liteos.net/" "Mozilla/4.0 (compatible; MSIE 7.0; Windows NT 6.0; SLCC1; .NET CLR 2.0.50727; Media Center PC 5.0; .NET CLR 3.0.04506)" "-"
156.26.38.136 - - [26/Oct/2008:17:53:09 -0400] "GET /css/outer-box-bg.gif HTTP/1.1" 304 - www.liteos.net "http://www.liteos.net/" "Mozilla/4.0 (compatible; MSIE 7.0; Windows NT 6.0; SLCC1; .NET CLR 2.0.50727; Media Center PC 5.0; .NET CLR 3.0.04506)" "-"
156.26.38.136 - - [26/Oct/2008:17:53:09 -0400] "GET /img/liteos_banner.jpg HTTP/1.1" 304 - www.liteos.net "http://www.liteos.net/" "Mozilla/4.0 (compatible; MSIE 7.0; Windows NT 6.0; SLCC1; .NET CLR 2.0.50727; Media Center PC 5.0; .NET CLR 3.0.04506)" "-"
156.26.38.136 - - [26/Oct/2008:17:53:11 -0400] "GET /contact/contact.html HTTP/1.1" 304 - www.liteos.net "http://www.liteos.net/" "Mozilla/4.0 (compatible; MSIE 7.0; Windows NT 6.0; SLCC1; .NET CLR 2.0.50727; Media Center PC 5.0; .NET CLR 3.0.04506)" "-"
156.26.38.136 - - [26/Oct/2008:17:53:11 -0400] "GET /img/icon.jpg HTTP/1.1" 304 - www.liteos.net "http://www.liteos.net/contact/contact.html" "Mozilla/4.0 (compatible; MSIE 7.0; Windows NT 6.0; SLCC1; .NET CLR 2.0.50727; Media Center PC 5.0; .NET CLR 3.0.04506)" "-"
156.26.38.136 - - [26/Oct/2008:17:53:11 -0400] "GET /css/li-brown.png HTTP/1.1" 304 - www.liteos.net "http://www.liteos.net/contact/contact.html" "Mozilla/4.0 (compatible; MSIE 7.0; Windows NT 6.0; SLCC1; .NET CLR 2.0.50727; Media Center PC 5.0; .NET CLR 3.0.04506)" "-"
156.26.38.136 - - [26/Oct/2008:17:53:11 -0400] "GET /css/hr_gray.png HTTP/1.1" 304 - www.liteos.net "http://www.liteos.net/contact/contact.html" "Mozilla/4.0 (compatible; MSIE 7.0; Windows NT 6.0; SLCC1; .NET CLR 2.0.50727; Media Center PC 5.0; .NET CLR 3.0.04506)" "-"
156.26.38.136 - - [26/Oct/2008:17:53:17 -0400] "GET /info/people.html HTTP/1.1" 200 10363 www.liteos.net "http://www.liteos.net/contact/contact.html" "Mozilla/4.0 (compatible; MSIE 7.0; Windows NT 6.0; SLCC1; .NET CLR 2.0.50727; Media Center PC 5.0; .NET CLR 3.0.04506)" "-"
119.63.193.55 - - [26/Oct/2008:18:06:14 -0400] "GET / HTTP/1.1" 200 7219 www.liteos.net "-" "Baiduspider+(+http://www.baidu.com/search/spider_jp.html)" "-"
156.26.36.74 - - [26/Oct/2008:18:06:29 -0400] "GET / HTTP/1.1" 200 7219 www.liteos.net "-" "Mozilla/4.0 (compatible; MSIE 7.0; Windows NT 5.1; .NET CLR 2.0.50727)" "-"
156.26.36.74 - - [26/Oct/2008:18:06:29 -0400] "GET /css/liteos.css HTTP/1.1" 200 4971 www.liteos.net "http://www.liteos.net/" "Mozilla/4.0 (compatible; MSIE 7.0; Windows NT 5.1; .NET CLR 2.0.50727)" "-"
156.26.36.74 - - [26/Oct/2008:18:06:30 -0400] "GET /css/outer-box-bg.gif HTTP/1.1" 200 763 www.liteos.net "http://www.liteos.net/" "Mozilla/4.0 (compatible; MSIE 7.0; Windows NT 5.1; .NET CLR 2.0.50727)" "-"
156.26.36.74 - - [26/Oct/2008:18:06:31 -0400] "GET /img/liteos_banner.jpg HTTP/1.1" 200 90334 www.liteos.net "http://www.liteos.net/" "Mozilla/4.0 (compatible; MSIE 7.0; Windows NT 5.1; .NET CLR 2.0.50727)" "-"
156.26.36.74 - - [26/Oct/2008:18:06:32 -0400] "GET /info/download.html HTTP/1.1" 200 4914 www.liteos.net "http://www.liteos.net/" "Mozilla/4.0 (compatible; MSIE 7.0; Windows NT 5.1; .NET CLR 2.0.50727)" "-"
156.26.36.74 - - [26/Oct/2008:18:06:32 -0400] "GET /css/liteos.css HTTP/1.1" 304 - www.liteos.net "http://www.liteos.net/info/download.html" "Mozilla/4.0 (compatible; MSIE 7.0; Windows NT 5.1; .NET CLR 2.0.50727)" "-"
156.26.36.74 - - [26/Oct/2008:18:06:32 -0400] "GET /css/outer-box-bg.gif HTTP/1.1" 304 - www.liteos.net "http://www.liteos.net/info/download.html" "Mozilla/4.0 (compatible; MSIE 7.0; Windows NT 5.1; .NET CLR 2.0.50727)" "-"
156.26.36.74 - - [26/Oct/2008:18:06:33 -0400] "GET /info/windows_logo.jpg HTTP/1.1" 200 78007 www.liteos.net "http://www.liteos.net/info/download.html" "Mozilla/4.0 (compatible; MSIE 7.0; Windows NT 5.1; .NET CLR 2.0.50727)" "-"
156.26.36.74 - - [26/Oct/2008:18:06:34 -0400] "GET /img/icon.jpg HTTP/1.1" 200 90334 www.liteos.net "http://www.liteos.net/info/download.html" "Mozilla/4.0 (compatible; MSIE 7.0; Windows NT 5.1; .NET CLR 2.0.50727)" "-"
156.26.36.74 - - [26/Oct/2008:18:06:34 -0400] "GET /info/linux-penguin.jpg HTTP/1.1" 200 20748 www.liteos.net "http://www.liteos.net/info/download.html" "Mozilla/4.0 (compatible; MSIE 7.0; Windows NT 5.1; .NET CLR 2.0.50727)" "-"
156.26.36.74 - - [26/Oct/2008:18:06:34 -0400] "GET /css/li-brown.png HTTP/1.1" 200 141 www.liteos.net "http://www.liteos.net/info/download.html" "Mozilla/4.0 (compatible; MSIE 7.0; Windows NT 5.1; .NET CLR 2.0.50727)" "-"
156.26.36.74 - - [26/Oct/2008:18:06:35 -0400] "GET /info/screenshot_cygwin.jpg HTTP/1.1" 200 3817 www.liteos.net "http://www.liteos.net/info/download.html" "Mozilla/4.0 (compatible; MSIE 7.0; Windows NT 5.1; .NET CLR 2.0.50727)" "-"
156.26.36.74 - - [26/Oct/2008:18:06:37 -0400] "GET /Software/LiteOSSetup.exe HTTP/1.1" 200 82926 www.liteos.net "http://www.liteos.net/info/download.html" "Mozilla/4.0 (compatible; MSIE 7.0; Windows NT 5.1; .NET CLR 2.0.50727)" "-"
208.80.194.35 - - [26/Oct/2008:18:40:33 -0400] "GET / HTTP/1.0" 200 7219 www.liteos.net "-" "Mozilla/4.0 (compatible; MSIE 7.0; Windows NT 5.1; FunWebProducts; .NET CLR 1.1.4322; .NET CLR 2.0.50727; ImageShack Toolbar 3.0.6)" "-"
67.195.37.93 - - [26/Oct/2008:19:48:13 -0400] "GET /docs/LiteOS_ApplicationNote103.pdf HTTP/1.0" 200 289517 www.liteos.net "-" "Mozilla/5.0 (compatible; Yahoo! Slurp; http://help.yahoo.com/help/us/ysearch/slurp)" "-"
66.231.188.70 - - [26/Oct/2008:19:57:44 -0400] "GET /gallery/roadmap.html HTTP/1.0" 200 21486 www.liteos.net "-" "Gigabot/3.0 (http://www.gigablast.com/spider.html)" "-"
119.63.193.55 - - [26/Oct/2008:20:05:14 -0400] "GET / HTTP/1.1" 200 7219 www.liteos.net "-" "Baiduspider+(+http://www.baidu.com/search/spider_jp.html)" "-"
24.250.40.105 - - [26/Oct/2008:20:46:53 -0400] "GET /info/about.html HTTP/1.1" 200 6820 www.liteos.net "-" "Mozilla/5.0 (Macintosh; U; Intel Mac OS X 10.5; en-US; rv:1.9.0.3) Gecko/2008092414 Firefox/3.0.3" "-"
24.250.40.105 - - [26/Oct/2008:20:46:53 -0400] "GET /css/liteos.css HTTP/1.1" 200 4971 www.liteos.net "http://www.liteos.net/info/about.html" "Mozilla/5.0 (Macintosh; U; Intel Mac OS X 10.5; en-US; rv:1.9.0.3) Gecko/2008092414 Firefox/3.0.3" "-"
24.250.40.105 - - [26/Oct/2008:20:46:57 -0400] "GET /img/icon.jpg HTTP/1.1" 200 90334 www.liteos.net "http://www.liteos.net/info/about.html" "Mozilla/5.0 (Macintosh; U; Intel Mac OS X 10.5; en-US; rv:1.9.0.3) Gecko/2008092414 Firefox/3.0.3" "-"
24.250.40.105 - - [26/Oct/2008:20:46:58 -0400] "GET /css/hr_gray.png HTTP/1.1" 200 132 www.liteos.net "http://www.liteos.net/css/liteos.css" "Mozilla/5.0 (Macintosh; U; Intel Mac OS X 10.5; en-US; rv:1.9.0.3) Gecko/2008092414 Firefox/3.0.3" "-"
24.250.40.105 - - [26/Oct/2008:20:46:58 -0400] "GET /css/outer-box-bg.gif HTTP/1.1" 200 763 www.liteos.net "http://www.liteos.net/css/liteos.css" "Mozilla/5.0 (Macintosh; U; Intel Mac OS X 10.5; en-US; rv:1.9.0.3) Gecko/2008092414 Firefox/3.0.3" "-"
24.250.40.105 - - [26/Oct/2008:20:46:58 -0400] "GET /css/li-brown.png HTTP/1.1" 200 141 www.liteos.net "http://www.liteos.net/css/liteos.css" "Mozilla/5.0 (Macintosh; U; Intel Mac OS X 10.5; en-US; rv:1.9.0.3) Gecko/2008092414 Firefox/3.0.3" "-"
24.250.40.105 - - [26/Oct/2008:20:46:58 -0400] "GET /favicon.ico HTTP/1.1" 200 3638 www.liteos.net "-" "Mozilla/5.0 (Macintosh; U; Intel Mac OS X 10.5; en-US; rv:1.9.0.3) Gecko/2008092414 Firefox/3.0.3" "-"
61.153.150.99 - - [26/Oct/2008:21:34:12 -0400] "GET / HTTP/1.1" 200 7219 www.liteos.net "http://www.google.cn/search?hl=zh-CN&newwindow=1&q=LiteOS&btnG=Google+%E6%90%9C%E7%B4%A2&meta=lr%3D&aq=f&oq=" "Mozilla/4.0 (compatible; MSIE 6.0; Windows NT 5.1; SV1; .NET CLR 2.0.50727)" "-"
61.153.150.99 - - [26/Oct/2008:21:34:12 -0400] "GET /css/liteos.css HTTP/1.1" 200 4971 www.liteos.net "http://www.liteos.net/" "Mozilla/4.0 (compatible; MSIE 6.0; Windows NT 5.1; SV1; .NET CLR 2.0.50727)" "-"
61.153.150.99 - - [26/Oct/2008:21:34:13 -0400] "GET /css/outer-box-bg.gif HTTP/1.1" 200 763 www.liteos.net "http://www.liteos.net/" "Mozilla/4.0 (compatible; MSIE 6.0; Windows NT 5.1; SV1; .NET CLR 2.0.50727)" "-"
61.153.150.99 - - [26/Oct/2008:21:34:28 -0400] "GET /img/liteos_banner.jpg HTTP/1.1" 200 90334 www.liteos.net "http://www.liteos.net/" "Mozilla/4.0 (compatible; MSIE 6.0; Windows NT 5.1; SV1; .NET CLR 2.0.50727)" "-"
61.153.150.99 - - [26/Oct/2008:21:34:49 -0400] "GET /docs/docs.html HTTP/1.1" 200 10172 www.liteos.net "http://www.liteos.net/" "Mozilla/4.0 (compatible; MSIE 6.0; Windows NT 5.1; SV1; .NET CLR 2.0.50727)" "-"
61.153.150.99 - - [26/Oct/2008:21:34:51 -0400] "GET /css/li-brown.png HTTP/1.1" 200 141 www.liteos.net "http://www.liteos.net/docs/docs.html" "Mozilla/4.0 (compatible; MSIE 6.0; Windows NT 5.1; SV1; .NET CLR 2.0.50727)" "-"
61.153.150.99 - - [26/Oct/2008:21:34:51 -0400] "GET /css/hr_gray.png HTTP/1.1" 200 132 www.liteos.net "http://www.liteos.net/docs/docs.html" "Mozilla/4.0 (compatible; MSIE 6.0; Windows NT 5.1; SV1; .NET CLR 2.0.50727)" "-"
61.153.150.99 - - [26/Oct/2008:21:35:06 -0400] "GET /img/icon.jpg HTTP/1.1" 200 90334 www.liteos.net "http://www.liteos.net/docs/docs.html" "Mozilla/4.0 (compatible; MSIE 6.0; Windows NT 5.1; SV1; .NET CLR 2.0.50727)" "-"
61.153.150.99 - - [26/Oct/2008:21:35:41 -0400] "GET /docs/LiteOS_User_Guide.pdf HTTP/1.1" 200 147554 www.liteos.net "http://www.liteos.net/docs/docs.html" "Mozilla/4.0 (compatible; MSIE 6.0; Windows NT 5.1; SV1; .NET CLR 2.0.50727)" "-"
61.153.150.99 - - [26/Oct/2008:21:39:17 -0400] "GET /docs/LiteOS_User_Guide.pdf HTTP/1.1" 206 1355676 www.liteos.net "-" "Mozilla/4.0 (compatible; MSIE 6.0; Windows NT 5.1; SV1; .NET CLR 2.0.50727)" "-"
58.147.21.217 - - [26/Oct/2008:21:46:16 -0400] "GET / HTTP/1.0" 200 7219 www.liteos.net "http://www.google.co.th/search?client=firefox-a&rls=org.mozilla%3Aen-US%3Aofficial&channel=s&hl=th&q=liteos&meta=&btnG=%E0%B8%84%E0%B9%89%E0%B8%99%E0%B8%AB%E0%B8%B2%E0%B9%82%E0%B8%94%E0%B8%A2+Google" "Mozilla/5.0 (Windows; U; Windows NT 5.1; en-US; rv:1.9.0.3) Gecko/2008092417 Firefox/3.0.3" "-"
203.113.116.186 - - [26/Oct/2008:21:46:17 -0400] "GET /css/liteos.css HTTP/1.0" 200 4971 www.liteos.net "http://www.liteos.net/" "Mozilla/5.0 (Windows; U; Windows NT 5.1; en-US; rv:1.9.0.3) Gecko/2008092417 Firefox/3.0.3" "-"
203.113.116.186 - - [26/Oct/2008:21:46:17 -0400] "GET /favicon.ico HTTP/1.0" 200 3638 www.liteos.net "-" "Mozilla/5.0 (Windows; U; Windows NT 5.1; en-US; rv:1.9.0.3) Gecko/2008092417 Firefox/3.0.3" "-"
203.113.116.186 - - [26/Oct/2008:21:46:18 -0400] "GET /css/outer-box-bg.gif HTTP/1.0" 200 763 www.liteos.net "http://www.liteos.net/css/liteos.css" "Mozilla/5.0 (Windows; U; Windows NT 5.1; en-US; rv:1.9.0.3) Gecko/2008092417 Firefox/3.0.3" "-"
58.147.21.217 - - [26/Oct/2008:21:46:19 -0400] "GET /img/liteos_banner.jpg HTTP/1.0" 200 90334 www.liteos.net "http://www.liteos.net/" "Mozilla/5.0 (Windows; U; Windows NT 5.1; en-US; rv:1.9.0.3) Gecko/2008092417 Firefox/3.0.3" "-"
58.147.21.217 - - [26/Oct/2008:21:46:40 -0400] "GET /docs/LiteOS_ApplicationNote101.pdf HTTP/1.0" 200 380601 www.liteos.net "http://www.google.co.th/search?hl=th&client=firefox-a&channel=s&rls=org.mozilla%3Aen-US%3Aofficial&hs=0hw&q=liteos+doc&btnG=%E0%B8%84%E0%B9%89%E0%B8%99%E0%B8%AB%E0%B8%B2&meta=" "Mozilla/5.0 (Windows; U; Windows NT 5.1; en-US; rv:1.9.0.3) Gecko/2008092417 Firefox/3.0.3" "-"
203.113.116.186 - - [26/Oct/2008:21:46:48 -0400] "GET /docs/LiteOS_ApplicationNote101.pdf HTTP/1.0" 206 364424 www.liteos.net "-" "Mozilla/5.0 (Windows; U; Windows NT 5.1; en-US; rv:1.9.0.3) Gecko/2008092417 Firefox/3.0.3" "-"
119.63.193.55 - - [26/Oct/2008:22:06:24 -0400] "GET / HTTP/1.1" 200 7219 www.liteos.net "-" "Baiduspider+(+http://www.baidu.com/search/spider_jp.html)" "-"
119.63.194.91 - - [26/Oct/2008:22:41:04 -0400] "GET /info/about.html HTTP/1.1" 200 6820 www.liteos.net "-" "Baiduspider+(+http://help.baidu.jp/system/05.html)" "-"
67.195.37.93 - - [26/Oct/2008:22:44:25 -0400] "GET /docs/IPSN_2008_Demopaper.pdf HTTP/1.0" 200 79121 www.liteos.net "-" "Mozilla/5.0 (compatible; Yahoo! Slurp; http://help.yahoo.com/help/us/ysearch/slurp)" "-"
156.26.163.14 - - [26/Oct/2008:22:59:12 -0400] "GET /info/people.html HTTP/1.1" 200 10363 www.liteos.net "http://www.google.com/search?q=LiteOS&ie=utf-8&oe=utf-8&aq=t&rls=org.mozilla:en-US:official&client=firefox-a" "Mozilla/5.0 (Windows; U; Windows NT 5.1; en-US; rv:1.9.0.3) Gecko/2008092417 Firefox/3.0.3 (.NET CLR 3.5.30729)" "-"
156.26.163.14 - - [26/Oct/2008:22:59:13 -0400] "GET /css/liteos.css HTTP/1.1" 200 4971 www.liteos.net "http://www.liteos.net/info/people.html" "Mozilla/5.0 (Windows; U; Windows NT 5.1; en-US; rv:1.9.0.3) Gecko/2008092417 Firefox/3.0.3 (.NET CLR 3.5.30729)" "-"
156.26.163.14 - - [26/Oct/2008:22:59:13 -0400] "GET /css/outer-box-bg.gif HTTP/1.1" 200 763 www.liteos.net "http://www.liteos.net/css/liteos.css" "Mozilla/5.0 (Windows; U; Windows NT 5.1; en-US; rv:1.9.0.3) Gecko/2008092417 Firefox/3.0.3 (.NET CLR 3.5.30729)" "-"
156.26.163.14 - - [26/Oct/2008:22:59:13 -0400] "GET /css/hr_gray.png HTTP/1.1" 200 132 www.liteos.net "http://www.liteos.net/css/liteos.css" "Mozilla/5.0 (Windows; U; Windows NT 5.1; en-US; rv:1.9.0.3) Gecko/2008092417 Firefox/3.0.3 (.NET CLR 3.5.30729)" "-"
156.26.163.14 - - [26/Oct/2008:22:59:13 -0400] "GET /img/icon.jpg HTTP/1.1" 200 90334 www.liteos.net "http://www.liteos.net/info/people.html" "Mozilla/5.0 (Windows; U; Windows NT 5.1; en-US; rv:1.9.0.3) Gecko/2008092417 Firefox/3.0.3 (.NET CLR 3.5.30729)" "-"
156.26.163.14 - - [26/Oct/2008:22:59:13 -0400] "GET /favicon.ico HTTP/1.1" 200 3638 www.liteos.net "-" "Mozilla/5.0 (Windows; U; Windows NT 5.1; en-US; rv:1.9.0.3) Gecko/2008092417 Firefox/3.0.3 (.NET CLR 3.5.30729)" "-"
156.26.163.14 - - [26/Oct/2008:22:59:16 -0400] "GET / HTTP/1.1" 200 7219 www.liteos.net "http://www.google.com/search?q=LiteOS&ie=utf-8&oe=utf-8&aq=t&rls=org.mozilla:en-US:official&client=firefox-a" "Mozilla/5.0 (Windows; U; Windows NT 5.1; en-US; rv:1.9.0.3) Gecko/2008092417 Firefox/3.0.3 (.NET CLR 3.5.30729)" "-"
156.26.163.14 - - [26/Oct/2008:22:59:17 -0400] "GET /img/liteos_banner.jpg HTTP/1.1" 200 90334 www.liteos.net "http://www.liteos.net/" "Mozilla/5.0 (Windows; U; Windows NT 5.1; en-US; rv:1.9.0.3) Gecko/2008092417 Firefox/3.0.3 (.NET CLR 3.5.30729)" "-"
156.26.163.14 - - [26/Oct/2008:22:59:23 -0400] "GET /info/download.html HTTP/1.1" 200 4914 www.liteos.net "http://www.liteos.net/" "Mozilla/5.0 (Windows; U; Windows NT 5.1; en-US; rv:1.9.0.3) Gecko/2008092417 Firefox/3.0.3 (.NET CLR 3.5.30729)" "-"
156.26.163.14 - - [26/Oct/2008:22:59:23 -0400] "GET /css/li-brown.png HTTP/1.1" 200 141 www.liteos.net "http://www.liteos.net/css/liteos.css" "Mozilla/5.0 (Windows; U; Windows NT 5.1; en-US; rv:1.9.0.3) Gecko/2008092417 Firefox/3.0.3 (.NET CLR 3.5.30729)" "-"
156.26.163.14 - - [26/Oct/2008:22:59:23 -0400] "GET /info/linux-penguin.jpg HTTP/1.1" 200 20748 www.liteos.net "http://www.liteos.net/info/download.html" "Mozilla/5.0 (Windows; U; Windows NT 5.1; en-US; rv:1.9.0.3) Gecko/2008092417 Firefox/3.0.3 (.NET CLR 3.5.30729)" "-"
156.26.163.14 - - [26/Oct/2008:22:59:24 -0400] "GET /info/windows_logo.jpg HTTP/1.1" 200 78007 www.liteos.net "http://www.liteos.net/info/download.html" "Mozilla/5.0 (Windows; U; Windows NT 5.1; en-US; rv:1.9.0.3) Gecko/2008092417 Firefox/3.0.3 (.NET CLR 3.5.30729)" "-"
156.26.163.14 - - [26/Oct/2008:22:59:24 -0400] "GET /info/screenshot_cygwin.jpg HTTP/1.1" 200 185594 www.liteos.net "http://www.liteos.net/info/download.html" "Mozilla/5.0 (Windows; U; Windows NT 5.1; en-US; rv:1.9.0.3) Gecko/2008092417 Firefox/3.0.3 (.NET CLR 3.5.30729)" "-"
156.26.163.14 - - [26/Oct/2008:22:59:55 -0400] "GET /Software/LiteOSSetup.exe HTTP/1.1" 200 34249769 www.liteos.net "http://www.liteos.net/info/download.html" "Mozilla/5.0 (Windows; U; Windows NT 5.1; en-US; rv:1.9.0.3) Gecko/2008092417 Firefox/3.0.3 (.NET CLR 3.5.30729)" "-"
156.26.36.74 - - [26/Oct/2008:23:14:34 -0400] "GET / HTTP/1.1" 200 - www.liteos.net "-" "Mozilla/4.0 (compatible; MSIE 7.0; Windows NT 5.1; .NET CLR 2.0.50727)" "-"
156.26.36.74 - - [26/Oct/2008:23:14:35 -0400] "GET /img/liteos_banner.jpg HTTP/1.1" 206 5932 www.liteos.net "http://www.liteos.net/" "Mozilla/4.0 (compatible; MSIE 7.0; Windows NT 5.1; .NET CLR 2.0.50727)" "-"
156.26.36.74 - - [26/Oct/2008:23:14:35 -0400] "GET /css/liteos.css HTTP/1.1" 304 - www.liteos.net "http://www.liteos.net/" "Mozilla/4.0 (compatible; MSIE 7.0; Windows NT 5.1; .NET CLR 2.0.50727)" "-"
156.26.36.74 - - [26/Oct/2008:23:14:35 -0400] "GET /css/outer-box-bg.gif HTTP/1.1" 304 - www.liteos.net "http://www.liteos.net/" "Mozilla/4.0 (compatible; MSIE 7.0; Windows NT 5.1; .NET CLR 2.0.50727)" "-"
156.26.36.74 - - [26/Oct/2008:23:14:35 -0400] "GET /favicon.ico HTTP/1.1" 200 3638 www.liteos.net "-" "Mozilla/4.0 (compatible; MSIE 7.0; Windows NT 5.1; .NET CLR 2.0.50727)" "-"
156.26.36.74 - - [26/Oct/2008:23:14:39 -0400] "GET /info/download.html HTTP/1.1" 304 - www.liteos.net "http://www.liteos.net/" "Mozilla/4.0 (compatible; MSIE 7.0; Windows NT 5.1; .NET CLR 2.0.50727)" "-"
156.26.36.74 - - [26/Oct/2008:23:14:39 -0400] "GET /img/icon.jpg HTTP/1.1" 206 1552 www.liteos.net "http://www.liteos.net/info/download.html" "Mozilla/4.0 (compatible; MSIE 7.0; Windows NT 5.1; .NET CLR 2.0.50727)" "-"
156.26.36.74 - - [26/Oct/2008:23:14:39 -0400] "GET /info/windows_logo.jpg HTTP/1.1" 304 - www.liteos.net "http://www.liteos.net/info/download.html" "Mozilla/4.0 (compatible; MSIE 7.0; Windows NT 5.1; .NET CLR 2.0.50727)" "-"
156.26.36.74 - - [26/Oct/2008:23:14:39 -0400] "GET /info/linux-penguin.jpg HTTP/1.1" 304 - www.liteos.net "http://www.liteos.net/info/download.html" "Mozilla/4.0 (compatible; MSIE 7.0; Windows NT 5.1; .NET CLR 2.0.50727)" "-"
156.26.36.74 - - [26/Oct/2008:23:14:39 -0400] "GET /css/liteos.css HTTP/1.1" 304 - www.liteos.net "http://www.liteos.net/info/download.html" "Mozilla/4.0 (compatible; MSIE 7.0; Windows NT 5.1; .NET CLR 2.0.50727)" "-"
156.26.36.74 - - [26/Oct/2008:23:14:39 -0400] "GET /css/outer-box-bg.gif HTTP/1.1" 304 - www.liteos.net "http://www.liteos.net/info/download.html" "Mozilla/4.0 (compatible; MSIE 7.0; Windows NT 5.1; .NET CLR 2.0.50727)" "-"
156.26.36.74 - - [26/Oct/2008:23:14:39 -0400] "GET /css/li-brown.png HTTP/1.1" 304 - www.liteos.net "http://www.liteos.net/info/download.html" "Mozilla/4.0 (compatible; MSIE 7.0; Windows NT 5.1; .NET CLR 2.0.50727)" "-"
156.26.36.74 - - [26/Oct/2008:23:14:39 -0400] "GET /css/hr_gray.png HTTP/1.1" 200 132 www.liteos.net "http://www.liteos.net/info/download.html" "Mozilla/4.0 (compatible; MSIE 7.0; Windows NT 5.1; .NET CLR 2.0.50727)" "-"
156.26.36.74 - - [26/Oct/2008:23:14:42 -0400] "GET /info/screenshot_cygwin.jpg HTTP/1.1" 200 185594 www.liteos.net "http://www.liteos.net/info/download.html" "Mozilla/4.0 (compatible; MSIE 7.0; Windows NT 5.1; .NET CLR 2.0.50727)" "-"
156.26.36.74 - - [26/Oct/2008:23:14:44 -0400] "GET /docs/docs.html HTTP/1.1" 200 10172 www.liteos.net "http://www.liteos.net/info/download.html" "Mozilla/4.0 (compatible; MSIE 7.0; Windows NT 5.1; .NET CLR 2.0.50727)" "-"
156.26.36.74 - - [26/Oct/2008:23:14:44 -0400] "GET /img/icon.jpg HTTP/1.1" 304 - www.liteos.net "http://www.liteos.net/docs/docs.html" "Mozilla/4.0 (compatible; MSIE 7.0; Windows NT 5.1; .NET CLR 2.0.50727)" "-"
156.26.36.74 - - [26/Oct/2008:23:14:44 -0400] "GET /css/liteos.css HTTP/1.1" 304 - www.liteos.net "http://www.liteos.net/docs/docs.html" "Mozilla/4.0 (compatible; MSIE 7.0; Windows NT 5.1; .NET CLR 2.0.50727)" "-"
156.26.36.74 - - [26/Oct/2008:23:14:44 -0400] "GET /css/outer-box-bg.gif HTTP/1.1" 304 - www.liteos.net "http://www.liteos.net/docs/docs.html" "Mozilla/4.0 (compatible; MSIE 7.0; Windows NT 5.1; .NET CLR 2.0.50727)" "-"
156.26.36.74 - - [26/Oct/2008:23:14:44 -0400] "GET /css/hr_gray.png HTTP/1.1" 304 - www.liteos.net "http://www.liteos.net/docs/docs.html" "Mozilla/4.0 (compatible; MSIE 7.0; Windows NT 5.1; .NET CLR 2.0.50727)" "-"
156.26.36.74 - - [26/Oct/2008:23:14:44 -0400] "GET /css/li-brown.png HTTP/1.1" 304 - www.liteos.net "http://www.liteos.net/docs/docs.html" "Mozilla/4.0 (compatible; MSIE 7.0; Windows NT 5.1; .NET CLR 2.0.50727)" "-"
156.26.36.74 - - [26/Oct/2008:23:15:08 -0400] "GET /docs/LiteOS_ApplicationNote101.pdf HTTP/1.1" 200 380601 www.liteos.net "http://www.liteos.net/docs/docs.html" "Mozilla/4.0 (compatible; MSIE 7.0; Windows NT 5.1; .NET CLR 2.0.50727)" "-"
156.26.36.74 - - [26/Oct/2008:23:15:17 -0400] "GET /docs/LiteOS_ApplicationNote101.pdf HTTP/1.1" 304 - www.liteos.net "-" "Mozilla/4.0 (compatible; MSIE 7.0; Windows NT 5.1; .NET CLR 2.0.50727)" "-"
156.26.38.136 - - [26/Oct/2008:23:15:42 -0400] "GET / HTTP/1.1" 200 7219 www.liteos.net "-" "Mozilla/4.0 (compatible; MSIE 7.0; Windows NT 6.0; SLCC1; .NET CLR 2.0.50727; Media Center PC 5.0; .NET CLR 3.0.04506)" "-"
156.26.38.136 - - [26/Oct/2008:23:15:42 -0400] "GET /css/liteos.css HTTP/1.1" 200 4971 www.liteos.net "http://www.liteos.net/" "Mozilla/4.0 (compatible; MSIE 7.0; Windows NT 6.0; SLCC1; .NET CLR 2.0.50727; Media Center PC 5.0; .NET CLR 3.0.04506)" "-"
156.26.38.136 - - [26/Oct/2008:23:15:42 -0400] "GET /css/outer-box-bg.gif HTTP/1.1" 200 763 www.liteos.net "http://www.liteos.net/" "Mozilla/4.0 (compatible; MSIE 7.0; Windows NT 6.0; SLCC1; .NET CLR 2.0.50727; Media Center PC 5.0; .NET CLR 3.0.04506)" "-"
156.26.38.136 - - [26/Oct/2008:23:15:43 -0400] "GET /img/liteos_banner.jpg HTTP/1.1" 200 90334 www.liteos.net "http://www.liteos.net/" "Mozilla/4.0 (compatible; MSIE 7.0; Windows NT 6.0; SLCC1; .NET CLR 2.0.50727; Media Center PC 5.0; .NET CLR 3.0.04506)" "-"
156.26.38.136 - - [26/Oct/2008:23:15:50 -0400] "GET /info/download.html HTTP/1.1" 200 4914 www.liteos.net "http://www.liteos.net/" "Mozilla/4.0 (compatible; MSIE 7.0; Windows NT 6.0; SLCC1; .NET CLR 2.0.50727; Media Center PC 5.0; .NET CLR 3.0.04506)" "-"
156.26.38.136 - - [26/Oct/2008:23:15:50 -0400] "GET /css/li-brown.png HTTP/1.1" 200 141 www.liteos.net "http://www.liteos.net/info/download.html" "Mozilla/4.0 (compatible; MSIE 7.0; Windows NT 6.0; SLCC1; .NET CLR 2.0.50727; Media Center PC 5.0; .NET CLR 3.0.04506)" "-"
156.26.38.136 - - [26/Oct/2008:23:15:51 -0400] "GET /img/icon.jpg HTTP/1.1" 200 90334 www.liteos.net "http://www.liteos.net/info/download.html" "Mozilla/4.0 (compatible; MSIE 7.0; Windows NT 6.0; SLCC1; .NET CLR 2.0.50727; Media Center PC 5.0; .NET CLR 3.0.04506)" "-"
156.26.38.136 - - [26/Oct/2008:23:15:52 -0400] "GET /info/linux-penguin.jpg HTTP/1.1" 200 20748 www.liteos.net "http://www.liteos.net/info/download.html" "Mozilla/4.0 (compatible; MSIE 7.0; Windows NT 6.0; SLCC1; .NET CLR 2.0.50727; Media Center PC 5.0; .NET CLR 3.0.04506)" "-"
156.26.38.136 - - [26/Oct/2008:23:15:52 -0400] "GET /info/windows_logo.jpg HTTP/1.1" 200 78007 www.liteos.net "http://www.liteos.net/info/download.html" "Mozilla/4.0 (compatible; MSIE 7.0; Windows NT 6.0; SLCC1; .NET CLR 2.0.50727; Media Center PC 5.0; .NET CLR 3.0.04506)" "-"
156.26.38.136 - - [26/Oct/2008:23:15:52 -0400] "GET /info/screenshot_cygwin.jpg HTTP/1.1" 200 34193 www.liteos.net "http://www.liteos.net/info/download.html" "Mozilla/4.0 (compatible; MSIE 7.0; Windows NT 6.0; SLCC1; .NET CLR 2.0.50727; Media Center PC 5.0; .NET CLR 3.0.04506)" "-"
156.26.38.136 - - [26/Oct/2008:23:15:52 -0400] "GET /docs/docs.html HTTP/1.1" 200 10172 www.liteos.net "http://www.liteos.net/info/download.html" "Mozilla/4.0 (compatible; MSIE 7.0; Windows NT 6.0; SLCC1; .NET CLR 2.0.50727; Media Center PC 5.0; .NET CLR 3.0.04506)" "-"
156.26.38.136 - - [26/Oct/2008:23:15:53 -0400] "GET /css/hr_gray.png HTTP/1.1" 200 132 www.liteos.net "http://www.liteos.net/docs/docs.html" "Mozilla/4.0 (compatible; MSIE 7.0; Windows NT 6.0; SLCC1; .NET CLR 2.0.50727; Media Center PC 5.0; .NET CLR 3.0.04506)" "-"
156.26.38.136 - - [26/Oct/2008:23:16:33 -0400] "GET /docs/LiteOS_ApplicationNote101.pdf HTTP/1.1" 200 380601 www.liteos.net "-" "Mozilla/4.0 (compatible; MSIE 7.0; Windows NT 6.0; SLCC1; .NET CLR 2.0.50727; Media Center PC 5.0; .NET CLR 3.0.04506)" "-"
156.26.38.136 - - [26/Oct/2008:23:16:49 -0400] "GET /docs/LiteOS_ApplicationNote102.pdf HTTP/1.1" 200 480263 www.liteos.net "-" "Mozilla/4.0 (compatible; MSIE 7.0; Windows NT 6.0; SLCC1; .NET CLR 2.0.50727; Media Center PC 5.0; .NET CLR 3.0.04506)" "-"
156.26.38.136 - - [26/Oct/2008:23:17:01 -0400] "GET /docs/LiteOS_ApplicationNote103.pdf HTTP/1.1" 200 289517 www.liteos.net "-" "Mozilla/4.0 (compatible; MSIE 7.0; Windows NT 6.0; SLCC1; .NET CLR 2.0.50727; Media Center PC 5.0; .NET CLR 3.0.04506)" "-"
156.26.36.74 - - [26/Oct/2008:23:17:11 -0400] "GET /docs/LiteOS_ApplicationNote101.pdf HTTP/1.1" 304 - www.liteos.net "http://www.liteos.net/docs/docs.html" "Mozilla/4.0 (compatible; MSIE 7.0; Windows NT 5.1; .NET CLR 2.0.50727)" "-"
156.26.36.74 - - [26/Oct/2008:23:17:38 -0400] "GET /docs/docs.html HTTP/1.1" 304 - www.liteos.net "http://www.liteos.net/info/download.html" "Mozilla/4.0 (compatible; MSIE 7.0; Windows NT 5.1; .NET CLR 2.0.50727)" "-"
156.26.36.74 - - [26/Oct/2008:23:17:38 -0400] "GET /css/liteos.css HTTP/1.1" 304 - www.liteos.net "http://www.liteos.net/docs/docs.html" "Mozilla/4.0 (compatible; MSIE 7.0; Windows NT 5.1; .NET CLR 2.0.50727)" "-"
156.26.36.74 - - [26/Oct/2008:23:17:38 -0400] "GET /img/icon.jpg HTTP/1.1" 304 - www.liteos.net "http://www.liteos.net/docs/docs.html" "Mozilla/4.0 (compatible; MSIE 7.0; Windows NT 5.1; .NET CLR 2.0.50727)" "-"
156.26.36.74 - - [26/Oct/2008:23:17:38 -0400] "GET /css/outer-box-bg.gif HTTP/1.1" 304 - www.liteos.net "http://www.liteos.net/docs/docs.html" "Mozilla/4.0 (compatible; MSIE 7.0; Windows NT 5.1; .NET CLR 2.0.50727)" "-"
156.26.36.74 - - [26/Oct/2008:23:17:38 -0400] "GET /css/hr_gray.png HTTP/1.1" 304 - www.liteos.net "http://www.liteos.net/docs/docs.html" "Mozilla/4.0 (compatible; MSIE 7.0; Windows NT 5.1; .NET CLR 2.0.50727)" "-"
156.26.36.74 - - [26/Oct/2008:23:17:38 -0400] "GET /css/li-brown.png HTTP/1.1" 304 - www.liteos.net "http://www.liteos.net/docs/docs.html" "Mozilla/4.0 (compatible; MSIE 7.0; Windows NT 5.1; .NET CLR 2.0.50727)" "-"
