119.63.193.55 - - [28/Oct/2008:00:05:15 -0400] "GET / HTTP/1.1" 200 7219 www.liteos.net "-" "Baiduspider+(+http://www.baidu.com/search/spider_jp.html)" "-"
119.63.193.55 - - [28/Oct/2008:02:07:15 -0400] "GET / HTTP/1.1" 200 7219 www.liteos.net "-" "Baiduspider+(+http://www.baidu.com/search/spider_jp.html)" "-"
119.63.193.55 - - [28/Oct/2008:04:06:20 -0400] "GET / HTTP/1.1" 200 7219 www.liteos.net "-" "Baiduspider+(+http://www.baidu.com/search/spider_jp.html)" "-"
130.239.47.31 - - [28/Oct/2008:04:19:23 -0400] "GET / HTTP/1.1" 200 7219 www.liteos.net "-" "Mozilla/5.0 (Windows; U; Windows NT 5.1; sv-SE; rv:1.9.0.3) Gecko/2008092417 Firefox/3.0.3" "-"
130.239.47.31 - - [28/Oct/2008:04:19:24 -0400] "GET /favicon.ico HTTP/1.1" 200 3638 www.liteos.net "-" "Mozilla/5.0 (Windows; U; Windows NT 5.1; sv-SE; rv:1.9.0.3) Gecko/2008092417 Firefox/3.0.3" "-"
130.239.47.31 - - [28/Oct/2008:04:19:24 -0400] "GET /css/liteos.css HTTP/1.1" 200 4971 www.liteos.net "http://www.liteos.net/" "Mozilla/5.0 (Windows; U; Windows NT 5.1; sv-SE; rv:1.9.0.3) Gecko/2008092417 Firefox/3.0.3" "-"
130.239.47.31 - - [28/Oct/2008:04:19:24 -0400] "GET /css/outer-box-bg.gif HTTP/1.1" 200 763 www.liteos.net "http://www.liteos.net/css/liteos.css" "Mozilla/5.0 (Windows; U; Windows NT 5.1; sv-SE; rv:1.9.0.3) Gecko/2008092417 Firefox/3.0.3" "-"
130.239.47.31 - - [28/Oct/2008:04:19:24 -0400] "GET /img/liteos_banner.jpg HTTP/1.1" 200 90334 www.liteos.net "http://www.liteos.net/" "Mozilla/5.0 (Windows; U; Windows NT 5.1; sv-SE; rv:1.9.0.3) Gecko/2008092417 Firefox/3.0.3" "-"
38.108.180.109 - - [28/Oct/2008:05:44:42 -0400] "GET /robots.txt HTTP/1.1" 404 2291 www.liteos.net "-" "Mozilla/5.0 (compatible; ScoutJet; +http://www.scoutjet.com/)" "-"
38.108.180.109 - - [28/Oct/2008:05:44:42 -0400] "GET / HTTP/1.1" 200 7219 www.liteos.net "-" "Mozilla/5.0 (compatible; ScoutJet; +http://www.scoutjet.com/)" "-"
38.108.180.109 - - [28/Oct/2008:05:44:45 -0400] "GET /favicon.ico HTTP/1.1" 200 3638 www.liteos.net "-" "Mozilla/5.0 (compatible; ScoutJet; +http://www.scoutjet.com/)" "-"
119.63.193.55 - - [28/Oct/2008:06:08:23 -0400] "GET / HTTP/1.1" 200 7219 www.liteos.net "-" "Baiduspider+(+http://www.baidu.com/search/spider_jp.html)" "-"
203.199.213.66 - - [28/Oct/2008:06:49:29 -0400] "GET / HTTP/1.0" 200 7219 liteos.net "-" "Mozilla/5.0 (X11; U; Linux i686; en-US; rv:1.9.0.3) Gecko/2008092510 Ubuntu/8.04 (hardy) Firefox/3.0.3" "10.6.21.208"
203.199.213.66 - - [28/Oct/2008:06:49:30 -0400] "GET /favicon.ico HTTP/1.0" 200 3638 liteos.net "-" "Mozilla/5.0 (X11; U; Linux i686; en-US; rv:1.9.0.3) Gecko/2008092510 Ubuntu/8.04 (hardy) Firefox/3.0.3" "10.6.21.208"
203.199.213.66 - - [28/Oct/2008:06:49:30 -0400] "GET /css/liteos.css HTTP/1.0" 200 4971 liteos.net "http://liteos.net/" "Mozilla/5.0 (X11; U; Linux i686; en-US; rv:1.9.0.3) Gecko/2008092510 Ubuntu/8.04 (hardy) Firefox/3.0.3" "10.6.21.208"
203.199.213.66 - - [28/Oct/2008:06:49:31 -0400] "GET /css/outer-box-bg.gif HTTP/1.0" 200 763 liteos.net "http://liteos.net/css/liteos.css" "Mozilla/5.0 (X11; U; Linux i686; en-US; rv:1.9.0.3) Gecko/2008092510 Ubuntu/8.04 (hardy) Firefox/3.0.3" "10.6.21.208"
203.199.213.66 - - [28/Oct/2008:06:49:36 -0400] "GET /img/liteos_banner.jpg HTTP/1.0" 200 90334 liteos.net "http://liteos.net/" "Mozilla/5.0 (X11; U; Linux i686; en-US; rv:1.9.0.3) Gecko/2008092510 Ubuntu/8.04 (hardy) Firefox/3.0.3" "10.6.21.208"
203.199.213.66 - - [28/Oct/2008:06:49:38 -0400] "GET /docs/docs.html HTTP/1.0" 200 10172 liteos.net "http://liteos.net/" "Mozilla/5.0 (X11; U; Linux i686; en-US; rv:1.9.0.3) Gecko/2008092510 Ubuntu/8.04 (hardy) Firefox/3.0.3" "10.6.21.208"
203.199.213.66 - - [28/Oct/2008:06:49:40 -0400] "GET /css/hr_gray.png HTTP/1.0" 200 132 liteos.net "http://liteos.net/css/liteos.css" "Mozilla/5.0 (X11; U; Linux i686; en-US; rv:1.9.0.3) Gecko/2008092510 Ubuntu/8.04 (hardy) Firefox/3.0.3" "10.6.21.208"
203.199.213.66 - - [28/Oct/2008:06:49:46 -0400] "GET /img/icon.jpg HTTP/1.0" 200 90334 liteos.net "http://liteos.net/docs/docs.html" "Mozilla/5.0 (X11; U; Linux i686; en-US; rv:1.9.0.3) Gecko/2008092510 Ubuntu/8.04 (hardy) Firefox/3.0.3" "10.6.21.208"
203.199.213.66 - - [28/Oct/2008:06:50:59 -0400] "GET /docs/LiteOS_Programming_Guide.pdf HTTP/1.0" 200 809080 liteos.net "http://liteos.net/docs/docs.html" "Mozilla/5.0 (X11; U; Linux i686; en-US; rv:1.9.0.3) Gecko/2008092510 Ubuntu/8.04 (hardy) Firefox/3.0.3" "10.6.21.208"
203.199.213.66 - - [28/Oct/2008:06:55:52 -0400] "GET /docs/LiteOS_User_Guide.pdf HTTP/1.0" 200 1438920 liteos.net "http://liteos.net/docs/docs.html" "Mozilla/5.0 (X11; U; Linux i686; en-US; rv:1.9.0.3) Gecko/2008092510 Ubuntu/8.04 (hardy) Firefox/3.0.3" "10.6.21.208"
119.63.193.55 - - [28/Oct/2008:08:05:12 -0400] "GET / HTTP/1.1" 200 7219 www.liteos.net "-" "Baiduspider+(+http://www.baidu.com/search/spider_jp.html)" "-"
72.36.180.234 - - [28/Oct/2008:08:30:50 -0400] "GET /contact/contact.html HTTP/1.1" 200 8065 www.liteos.net "-" "Satzujbog xucabo prfxtvwlq" "-"
68.102.63.27 - - [28/Oct/2008:09:18:31 -0400] "GET /info/download.html HTTP/1.1" 200 4914 liteos.net "-" "Mozilla/5.0 (Windows; U; Windows NT 6.0; en-US; rv:1.8.1.17) Gecko/20080829 Firefox/2.0.0.17 (.NET CLR 3.5.30729)" "-"
68.102.63.27 - - [28/Oct/2008:09:18:31 -0400] "GET /css/liteos.css HTTP/1.1" 200 4971 liteos.net "http://liteos.net/info/download.html" "Mozilla/5.0 (Windows; U; Windows NT 6.0; en-US; rv:1.8.1.17) Gecko/20080829 Firefox/2.0.0.17 (.NET CLR 3.5.30729)" "-"
68.102.63.27 - - [28/Oct/2008:09:18:35 -0400] "GET /img/icon.jpg HTTP/1.1" 200 90334 liteos.net "http://liteos.net/info/download.html" "Mozilla/5.0 (Windows; U; Windows NT 6.0; en-US; rv:1.8.1.17) Gecko/20080829 Firefox/2.0.0.17 (.NET CLR 3.5.30729)" "-"
68.102.63.27 - - [28/Oct/2008:09:18:37 -0400] "GET /info/linux-penguin.jpg HTTP/1.1" 200 20748 liteos.net "http://liteos.net/info/download.html" "Mozilla/5.0 (Windows; U; Windows NT 6.0; en-US; rv:1.8.1.17) Gecko/20080829 Firefox/2.0.0.17 (.NET CLR 3.5.30729)" "-"
68.102.63.27 - - [28/Oct/2008:09:18:41 -0400] "GET /info/screenshot_cygwin.jpg HTTP/1.1" 200 185594 liteos.net "http://liteos.net/info/download.html" "Mozilla/5.0 (Windows; U; Windows NT 6.0; en-US; rv:1.8.1.17) Gecko/20080829 Firefox/2.0.0.17 (.NET CLR 3.5.30729)" "-"
68.102.63.27 - - [28/Oct/2008:09:18:42 -0400] "GET /css/li-brown.png HTTP/1.1" 200 141 liteos.net "http://liteos.net/css/liteos.css" "Mozilla/5.0 (Windows; U; Windows NT 6.0; en-US; rv:1.8.1.17) Gecko/20080829 Firefox/2.0.0.17 (.NET CLR 3.5.30729)" "-"
68.102.63.27 - - [28/Oct/2008:09:18:43 -0400] "GET /info/windows_logo.jpg HTTP/1.1" 200 78007 liteos.net "http://liteos.net/info/download.html" "Mozilla/5.0 (Windows; U; Windows NT 6.0; en-US; rv:1.8.1.17) Gecko/20080829 Firefox/2.0.0.17 (.NET CLR 3.5.30729)" "-"
68.102.63.27 - - [28/Oct/2008:09:18:43 -0400] "GET /css/outer-box-bg.gif HTTP/1.1" 200 763 liteos.net "http://liteos.net/css/liteos.css" "Mozilla/5.0 (Windows; U; Windows NT 6.0; en-US; rv:1.8.1.17) Gecko/20080829 Firefox/2.0.0.17 (.NET CLR 3.5.30729)" "-"
68.102.63.27 - - [28/Oct/2008:09:18:43 -0400] "GET /css/hr_gray.png HTTP/1.1" 200 132 liteos.net "http://liteos.net/css/liteos.css" "Mozilla/5.0 (Windows; U; Windows NT 6.0; en-US; rv:1.8.1.17) Gecko/20080829 Firefox/2.0.0.17 (.NET CLR 3.5.30729)" "-"
68.102.63.27 - - [28/Oct/2008:09:18:50 -0400] "GET /favicon.ico HTTP/1.1" 200 3638 liteos.net "-" "Mozilla/5.0 (Windows; U; Windows NT 6.0; en-US; rv:1.8.1.17) Gecko/20080829 Firefox/2.0.0.17 (.NET CLR 3.5.30729)" "-"
119.63.193.55 - - [28/Oct/2008:10:07:14 -0400] "GET / HTTP/1.1" 200 7219 www.liteos.net "-" "Baiduspider+(+http://www.baidu.com/search/spider_jp.html)" "-"
74.6.17.163 - - [28/Oct/2008:11:06:01 -0400] "GET /robots.txt HTTP/1.0" 404 2291 www.liteos.net "-" "Mozilla/5.0 (compatible; Yahoo! Slurp; http://help.yahoo.com/help/us/ysearch/slurp)" "-"
74.6.17.163 - - [28/Oct/2008:11:06:12 -0400] "GET / HTTP/1.0" 200 7219 www.liteos.net "-" "Mozilla/5.0 (compatible; Yahoo! Slurp; http://help.yahoo.com/help/us/ysearch/slurp)" "-"
119.63.193.55 - - [28/Oct/2008:12:05:11 -0400] "GET / HTTP/1.1" 200 7219 www.liteos.net "-" "Baiduspider+(+http://www.baidu.com/search/spider_jp.html)" "-"
78.63.144.234 - - [28/Oct/2008:12:20:49 -0400] "GET /info/people.html HTTP/1.1" 200 10363 www.liteos.net "http://www.google.lt/search?hl=lt&client=firefox-a&channel=s&rls=org.mozilla%3Alt%3Aofficial&hs=IVr&q=liteos&btnG=Paie%C5%A1ka&meta=" "Mozilla/5.0 (Windows; U; Windows NT 5.1; lt; rv:1.9.0.3) Gecko/2008092417 Firefox/3.0.3" "-"
78.63.144.234 - - [28/Oct/2008:12:20:50 -0400] "GET /css/liteos.css HTTP/1.1" 200 4971 www.liteos.net "http://www.liteos.net/info/people.html" "Mozilla/5.0 (Windows; U; Windows NT 5.1; lt; rv:1.9.0.3) Gecko/2008092417 Firefox/3.0.3" "-"
78.63.144.234 - - [28/Oct/2008:12:20:50 -0400] "GET /css/outer-box-bg.gif HTTP/1.1" 200 763 www.liteos.net "http://www.liteos.net/css/liteos.css" "Mozilla/5.0 (Windows; U; Windows NT 5.1; lt; rv:1.9.0.3) Gecko/2008092417 Firefox/3.0.3" "-"
78.63.144.234 - - [28/Oct/2008:12:20:50 -0400] "GET /css/hr_gray.png HTTP/1.1" 200 132 www.liteos.net "http://www.liteos.net/css/liteos.css" "Mozilla/5.0 (Windows; U; Windows NT 5.1; lt; rv:1.9.0.3) Gecko/2008092417 Firefox/3.0.3" "-"
78.63.144.234 - - [28/Oct/2008:12:20:51 -0400] "GET /img/icon.jpg HTTP/1.1" 200 90334 www.liteos.net "http://www.liteos.net/info/people.html" "Mozilla/5.0 (Windows; U; Windows NT 5.1; lt; rv:1.9.0.3) Gecko/2008092417 Firefox/3.0.3" "-"
78.63.144.234 - - [28/Oct/2008:12:20:52 -0400] "GET /favicon.ico HTTP/1.1" 200 3638 www.liteos.net "-" "Mozilla/5.0 (Windows; U; Windows NT 5.1; lt; rv:1.9.0.3) Gecko/2008092417 Firefox/3.0.3" "-"
157.182.195.172 - - [28/Oct/2008:12:26:31 -0400] "GET /docs/faq.html HTTP/1.1" 200 11494 www.liteos.net "http://www.google.com/search?q=Probably+the+AVR+MCU+is+not+in+the+RESET+state.&ie=utf-8&oe=utf-8&aq=t&rls=org.mozilla:en-GB:official&client=firefox-a" "Mozilla/5.0 (Windows; U; Windows NT 5.1; en-GB; rv:1.8.1.17) Gecko/20080829 Firefox/2.0.0.17" "-"
157.182.195.172 - - [28/Oct/2008:12:26:32 -0400] "GET /css/liteos.css HTTP/1.1" 200 4971 www.liteos.net "http://www.liteos.net/docs/faq.html" "Mozilla/5.0 (Windows; U; Windows NT 5.1; en-GB; rv:1.8.1.17) Gecko/20080829 Firefox/2.0.0.17" "-"
157.182.195.172 - - [28/Oct/2008:12:26:32 -0400] "GET /css/outer-box-bg.gif HTTP/1.1" 200 763 www.liteos.net "http://www.liteos.net/css/liteos.css" "Mozilla/5.0 (Windows; U; Windows NT 5.1; en-GB; rv:1.8.1.17) Gecko/20080829 Firefox/2.0.0.17" "-"
157.182.195.172 - - [28/Oct/2008:12:26:32 -0400] "GET /css/li-brown.png HTTP/1.1" 200 141 www.liteos.net "http://www.liteos.net/css/liteos.css" "Mozilla/5.0 (Windows; U; Windows NT 5.1; en-GB; rv:1.8.1.17) Gecko/20080829 Firefox/2.0.0.17" "-"
157.182.195.172 - - [28/Oct/2008:12:26:32 -0400] "GET /img/icon.jpg HTTP/1.1" 200 90334 www.liteos.net "http://www.liteos.net/docs/faq.html" "Mozilla/5.0 (Windows; U; Windows NT 5.1; en-GB; rv:1.8.1.17) Gecko/20080829 Firefox/2.0.0.17" "-"
157.182.195.172 - - [28/Oct/2008:12:26:32 -0400] "GET /css/hr_gray.png HTTP/1.1" 200 132 www.liteos.net "http://www.liteos.net/css/liteos.css" "Mozilla/5.0 (Windows; U; Windows NT 5.1; en-GB; rv:1.8.1.17) Gecko/20080829 Firefox/2.0.0.17" "-"
157.182.195.172 - - [28/Oct/2008:12:26:34 -0400] "GET /favicon.ico HTTP/1.1" 200 3638 www.liteos.net "-" "Mozilla/5.0 (Windows; U; Windows NT 5.1; en-GB; rv:1.8.1.17) Gecko/20080829 Firefox/2.0.0.17" "-"
156.26.8.136 - - [28/Oct/2008:12:40:36 -0400] "GET /docs/LiteOS_ApplicationNote102.pdf HTTP/1.1" 200 184608 www.liteos.net "http://www.google.com/search?client=firefox-a&rls=org.mozilla%3Aen-US%3Aofficial&channel=s&hl=en&q=multihop+in+liteos&btnG=Google+Search" "Mozilla/5.0 (Windows; U; Windows NT 6.0; en-US; rv:1.9.0.3) Gecko/2008092417 Firefox/3.0.3" "-"
156.26.14.201 - - [28/Oct/2008:12:41:03 -0400] "GET /favicon.ico HTTP/1.1" 200 3638 www.liteos.net "-" "Mozilla/5.0 (Windows; U; Windows NT 6.0; en-US; rv:1.9.0.3) Gecko/2008092417 Firefox/3.0.3" "-"
156.26.14.201 - - [28/Oct/2008:12:41:21 -0400] "GET /docs/LiteOS_ApplicationNote102.pdf HTTP/1.1" 206 32957 www.liteos.net "http://www.google.com/search?client=firefox-a&rls=org.mozilla%3Aen-US%3Aofficial&channel=s&hl=en&q=multihop+in+liteos&btnG=Google+Search" "Mozilla/5.0 (Windows; U; Windows NT 6.0; en-US; rv:1.9.0.3) Gecko/2008092417 Firefox/3.0.3" "-"
156.26.14.201 - - [28/Oct/2008:12:41:21 -0400] "GET /docs/LiteOS_ApplicationNote102.pdf HTTP/1.1" 206 407973 www.liteos.net "-" "Mozilla/5.0 (Windows; U; Windows NT 6.0; en-US; rv:1.9.0.3) Gecko/2008092417 Firefox/3.0.3" "-"
156.26.8.136 - - [28/Oct/2008:12:45:39 -0400] "GET /docs/LiteOS_ApplicationNote102.pdf HTTP/1.1" 206 100020 www.liteos.net "-" "Mozilla/5.0 (Windows; U; Windows NT 6.0; en-US; rv:1.9.0.3) Gecko/2008092417 Firefox/3.0.3" "-"
119.63.193.56 - - [28/Oct/2008:12:53:47 -0400] "GET /robots.txt HTTP/1.1" 404 2291 www.liteos.net "-" "Baiduspider+(+http://www.baidu.com/search/spider_jp.html)" "-"
128.10.2.111 - - [28/Oct/2008:13:51:58 -0400] "GET /info/people.html HTTP/1.1" 200 10363 www.liteos.net "-" "spider" "-"
119.63.193.55 - - [28/Oct/2008:14:10:12 -0400] "GET / HTTP/1.1" 200 7219 www.liteos.net "-" "Baiduspider+(+http://www.baidu.com/search/spider_jp.html)" "-"
208.80.194.48 - - [28/Oct/2008:14:20:59 -0400] "GET / HTTP/1.0" 200 7219 liteos.net "-" "Mozilla/4.0 (compatible; MSIE 6.0; AOL 9.0; Windows NT 5.1; SV1; .NET CLR 1.1.4322; Windows-Media-Player/10.00.00.3990)" "-"
119.63.193.55 - - [28/Oct/2008:16:04:20 -0400] "GET / HTTP/1.1" 200 7219 www.liteos.net "-" "Baiduspider+(+http://www.baidu.com/search/spider_jp.html)" "-"
128.174.247.67 - - [28/Oct/2008:16:57:31 -0400] "GET / HTTP/1.1" 200 7219 www.liteos.net "http://www.cs.uiuc.edu/homes/qcao2/index.htm" "Mozilla/5.0 (Windows; U; Windows NT 6.0; en-US; rv:1.9.0.3) Gecko/2008092417 Firefox/3.0.3" "-"
128.174.247.67 - - [28/Oct/2008:16:57:32 -0400] "GET /favicon.ico HTTP/1.1" 200 3638 www.liteos.net "-" "Mozilla/5.0 (Windows; U; Windows NT 6.0; en-US; rv:1.9.0.3) Gecko/2008092417 Firefox/3.0.3" "-"
128.174.247.67 - - [28/Oct/2008:16:57:32 -0400] "GET /css/liteos.css HTTP/1.1" 200 4971 www.liteos.net "http://www.liteos.net/" "Mozilla/5.0 (Windows; U; Windows NT 6.0; en-US; rv:1.9.0.3) Gecko/2008092417 Firefox/3.0.3" "-"
128.174.247.67 - - [28/Oct/2008:16:57:32 -0400] "GET /css/outer-box-bg.gif HTTP/1.1" 200 763 www.liteos.net "http://www.liteos.net/css/liteos.css" "Mozilla/5.0 (Windows; U; Windows NT 6.0; en-US; rv:1.9.0.3) Gecko/2008092417 Firefox/3.0.3" "-"
128.174.247.67 - - [28/Oct/2008:16:57:33 -0400] "GET /img/liteos_banner.jpg HTTP/1.1" 200 90334 www.liteos.net "http://www.liteos.net/" "Mozilla/5.0 (Windows; U; Windows NT 6.0; en-US; rv:1.9.0.3) Gecko/2008092417 Firefox/3.0.3" "-"
128.174.247.67 - - [28/Oct/2008:16:57:54 -0400] "GET /info/people.html HTTP/1.1" 200 10363 www.liteos.net "http://www.liteos.net/" "Mozilla/5.0 (Windows; U; Windows NT 6.0; en-US; rv:1.9.0.3) Gecko/2008092417 Firefox/3.0.3" "-"
128.174.247.67 - - [28/Oct/2008:16:57:54 -0400] "GET /css/hr_gray.png HTTP/1.1" 200 132 www.liteos.net "http://www.liteos.net/css/liteos.css" "Mozilla/5.0 (Windows; U; Windows NT 6.0; en-US; rv:1.9.0.3) Gecko/2008092417 Firefox/3.0.3" "-"
128.174.247.67 - - [28/Oct/2008:16:57:57 -0400] "GET /img/icon.jpg HTTP/1.1" 200 90334 www.liteos.net "http://www.liteos.net/info/people.html" "Mozilla/5.0 (Windows; U; Windows NT 6.0; en-US; rv:1.9.0.3) Gecko/2008092417 Firefox/3.0.3" "-"
128.174.247.67 - - [28/Oct/2008:16:59:22 -0400] "GET /info/news.html HTTP/1.1" 200 4886 www.liteos.net "http://www.liteos.net/" "Mozilla/5.0 (Windows; U; Windows NT 6.0; en-US; rv:1.9.0.3) Gecko/2008092417 Firefox/3.0.3" "-"
128.174.247.67 - - [28/Oct/2008:16:59:23 -0400] "GET /css/li-brown.png HTTP/1.1" 200 141 www.liteos.net "http://www.liteos.net/css/liteos.css" "Mozilla/5.0 (Windows; U; Windows NT 6.0; en-US; rv:1.9.0.3) Gecko/2008092417 Firefox/3.0.3" "-"
128.174.247.67 - - [28/Oct/2008:16:59:29 -0400] "GET /info/download.html HTTP/1.1" 200 4914 www.liteos.net "http://www.liteos.net/" "Mozilla/5.0 (Windows; U; Windows NT 6.0; en-US; rv:1.9.0.3) Gecko/2008092417 Firefox/3.0.3" "-"
128.174.247.67 - - [28/Oct/2008:16:59:29 -0400] "GET /info/linux-penguin.jpg HTTP/1.1" 200 20748 www.liteos.net "http://www.liteos.net/info/download.html" "Mozilla/5.0 (Windows; U; Windows NT 6.0; en-US; rv:1.9.0.3) Gecko/2008092417 Firefox/3.0.3" "-"
128.174.247.67 - - [28/Oct/2008:16:59:29 -0400] "GET /info/windows_logo.jpg HTTP/1.1" 200 78007 www.liteos.net "http://www.liteos.net/info/download.html" "Mozilla/5.0 (Windows; U; Windows NT 6.0; en-US; rv:1.9.0.3) Gecko/2008092417 Firefox/3.0.3" "-"
128.174.247.67 - - [28/Oct/2008:16:59:29 -0400] "GET /info/screenshot_cygwin.jpg HTTP/1.1" 200 185594 www.liteos.net "http://www.liteos.net/info/download.html" "Mozilla/5.0 (Windows; U; Windows NT 6.0; en-US; rv:1.9.0.3) Gecko/2008092417 Firefox/3.0.3" "-"
128.174.247.67 - - [28/Oct/2008:16:59:42 -0400] "GET /docs/docs.html HTTP/1.1" 200 10172 www.liteos.net "http://www.liteos.net/" "Mozilla/5.0 (Windows; U; Windows NT 6.0; en-US; rv:1.9.0.3) Gecko/2008092417 Firefox/3.0.3" "-"
128.174.247.67 - - [28/Oct/2008:16:59:44 -0400] "GET /docs/LiteOS_User_Guide.pdf HTTP/1.1" 200 252294 www.liteos.net "http://www.liteos.net/docs/docs.html" "Mozilla/5.0 (Windows; U; Windows NT 6.0; en-US; rv:1.9.0.3) Gecko/2008092417 Firefox/3.0.3" "-"
128.174.247.67 - - [28/Oct/2008:16:59:44 -0400] "GET /docs/LiteOS_User_Guide.pdf HTTP/1.1" 206 4312 www.liteos.net "-" "Mozilla/5.0 (Windows; U; Windows NT 6.0; en-US; rv:1.9.0.3) Gecko/2008092417 Firefox/3.0.3" "-"
128.174.247.67 - - [28/Oct/2008:16:59:48 -0400] "GET /docs/LiteOS_User_Guide.pdf HTTP/1.1" 206 1369498 www.liteos.net "-" "Mozilla/5.0 (Windows; U; Windows NT 6.0; en-US; rv:1.9.0.3) Gecko/2008092417 Firefox/3.0.3" "-"
20.132.69.46 - - [28/Oct/2008:17:08:44 -0400] "GET /docs/LiteOS_ApplicationNote102.pdf HTTP/1.1" 200 480263 www.liteos.net "http://www.google.com/search?hl=en&rlz=1G1GGLQ_ENUS291&q=liteOS+ID" "Mozilla/4.0 (compatible; MSIE 6.0; Windows NT 5.1; SV1; .NET CLR 1.1.4322; .NET CLR 2.0.50727; InfoPath.1)" "-"
66.235.124.40 - - [28/Oct/2008:18:02:19 -0400] "GET /robots.txt HTTP/1.0" 404 2291 www.liteos.net "-" "Mozilla/5.0 (compatible; Ask Jeeves/Teoma; +http://about.ask.com/en/docs/about/webmasters.shtml)" "-"
66.235.124.40 - - [28/Oct/2008:18:02:19 -0400] "GET /docs/docs.html HTTP/1.0" 200 10172 www.liteos.net "-" "Mozilla/5.0 (compatible; Ask Jeeves/Teoma; +http://about.ask.com/en/docs/about/webmasters.shtml)" "-"
119.63.193.55 - - [28/Oct/2008:18:08:35 -0400] "GET / HTTP/1.1" 200 7219 www.liteos.net "-" "Baiduspider+(+http://www.baidu.com/search/spider_jp.html)" "-"
128.10.2.111 - - [28/Oct/2008:18:26:10 -0400] "GET /info/people.html HTTP/1.1" 200 10363 www.liteos.net "-" "spider" "-"
138.67.22.157 - - [28/Oct/2008:18:34:00 -0400] "GET /info/people.html HTTP/1.1" 200 10363 www.liteos.net "http://www.google.com/search?hl=en&q=liteos&btnG=Google+Search&aq=f&oq=" "Mozilla/5.0 (X11; U; Linux i686; en-US; rv:1.8.0.7) Gecko/20060830 Firefox/1.5.0.7 (Debian-1.5.dfsg+1.5.0.7-2~bpo.1)" "-"
138.67.22.157 - - [28/Oct/2008:18:34:00 -0400] "GET /css/liteos.css HTTP/1.1" 200 4971 www.liteos.net "http://www.liteos.net/info/people.html" "Mozilla/5.0 (X11; U; Linux i686; en-US; rv:1.8.0.7) Gecko/20060830 Firefox/1.5.0.7 (Debian-1.5.dfsg+1.5.0.7-2~bpo.1)" "-"
138.67.22.157 - - [28/Oct/2008:18:34:00 -0400] "GET /css/outer-box-bg.gif HTTP/1.1" 200 763 www.liteos.net "http://www.liteos.net/css/liteos.css" "Mozilla/5.0 (X11; U; Linux i686; en-US; rv:1.8.0.7) Gecko/20060830 Firefox/1.5.0.7 (Debian-1.5.dfsg+1.5.0.7-2~bpo.1)" "-"
138.67.22.157 - - [28/Oct/2008:18:34:00 -0400] "GET /css/hr_gray.png HTTP/1.1" 200 132 www.liteos.net "http://www.liteos.net/css/liteos.css" "Mozilla/5.0 (X11; U; Linux i686; en-US; rv:1.8.0.7) Gecko/20060830 Firefox/1.5.0.7 (Debian-1.5.dfsg+1.5.0.7-2~bpo.1)" "-"
138.67.22.157 - - [28/Oct/2008:18:34:00 -0400] "GET /img/icon.jpg HTTP/1.1" 200 90334 www.liteos.net "http://www.liteos.net/info/people.html" "Mozilla/5.0 (X11; U; Linux i686; en-US; rv:1.8.0.7) Gecko/20060830 Firefox/1.5.0.7 (Debian-1.5.dfsg+1.5.0.7-2~bpo.1)" "-"
138.67.22.157 - - [28/Oct/2008:18:34:00 -0400] "GET /favicon.ico HTTP/1.1" 200 3638 www.liteos.net "-" "Mozilla/5.0 (X11; U; Linux i686; en-US; rv:1.8.0.7) Gecko/20060830 Firefox/1.5.0.7 (Debian-1.5.dfsg+1.5.0.7-2~bpo.1)" "-"
138.67.22.157 - - [28/Oct/2008:18:34:07 -0400] "GET /docs/docs.html HTTP/1.1" 200 10172 www.liteos.net "http://www.liteos.net/info/people.html" "Mozilla/5.0 (X11; U; Linux i686; en-US; rv:1.8.0.7) Gecko/20060830 Firefox/1.5.0.7 (Debian-1.5.dfsg+1.5.0.7-2~bpo.1)" "-"
138.67.22.157 - - [28/Oct/2008:18:34:15 -0400] "GET /docs/IPSN_2008.pdf HTTP/1.1" 200 295812 www.liteos.net "http://www.liteos.net/docs/docs.html" "Mozilla/5.0 (X11; U; Linux i686; en-US; rv:1.8.0.7) Gecko/20060830 Firefox/1.5.0.7 (Debian-1.5.dfsg+1.5.0.7-2~bpo.1)" "-"
138.67.22.157 - - [28/Oct/2008:18:34:16 -0400] "GET /docs/IPSN_2008.pdf HTTP/1.1" 206 507686 www.liteos.net "-" "Mozilla/5.0 (X11; U; Linux i686; en-US; rv:1.8.0.7) Gecko/20060830 Firefox/1.5.0.7 (Debian-1.5.dfsg+1.5.0.7-2~bpo.1)" "-"
156.26.8.136 - - [28/Oct/2008:19:22:12 -0400] "GET /docs/LiteOS_ApplicationNote102.pdf HTTP/1.1" 206 133224 www.liteos.net "http://www.google.com/search?client=firefox-a&rls=org.mozilla%3Aen-US%3Aofficial&channel=s&hl=en&q=liteos+multihop+code&btnG=Google+Search" "Mozilla/5.0 (Windows; U; Windows NT 6.0; en-US; rv:1.9.0.3) Gecko/2008092417 Firefox/3.0.3" "-"
156.26.8.136 - - [28/Oct/2008:19:22:13 -0400] "GET /docs/LiteOS_ApplicationNote102.pdf HTTP/1.1" 206 447702 www.liteos.net "-" "Mozilla/5.0 (Windows; U; Windows NT 6.0; en-US; rv:1.9.0.3) Gecko/2008092417 Firefox/3.0.3" "-"
156.26.8.136 - - [28/Oct/2008:19:33:08 -0400] "GET /docs/LiteOS_ApplicationNote103.pdf HTTP/1.1" 200 137888 www.liteos.net "http://www.google.com/search?hl=en&safe=off&q=liteos+code&btnG=Search" "Mozilla/5.0 (Windows; U; Windows NT 6.0; en-US; rv:1.9.0.3) Gecko/2008092417 Firefox/3.0.3" "-"
156.26.8.136 - - [28/Oct/2008:19:33:08 -0400] "GET /docs/LiteOS_ApplicationNote103.pdf HTTP/1.1" 206 256956 www.liteos.net "-" "Mozilla/5.0 (Windows; U; Windows NT 6.0; en-US; rv:1.9.0.3) Gecko/2008092417 Firefox/3.0.3" "-"
156.26.8.136 - - [28/Oct/2008:19:39:00 -0400] "GET / HTTP/1.1" 200 7219 liteos.net "-" "Mozilla/5.0 (Windows; U; Windows NT 6.0; en-US; rv:1.9.0.3) Gecko/2008092417 Firefox/3.0.3" "-"
156.26.8.136 - - [28/Oct/2008:19:39:00 -0400] "GET /favicon.ico HTTP/1.1" 200 3638 liteos.net "-" "Mozilla/5.0 (Windows; U; Windows NT 6.0; en-US; rv:1.9.0.3) Gecko/2008092417 Firefox/3.0.3" "-"
156.26.8.136 - - [28/Oct/2008:19:39:00 -0400] "GET /css/liteos.css HTTP/1.1" 200 4971 liteos.net "http://liteos.net/" "Mozilla/5.0 (Windows; U; Windows NT 6.0; en-US; rv:1.9.0.3) Gecko/2008092417 Firefox/3.0.3" "-"
156.26.8.136 - - [28/Oct/2008:19:39:00 -0400] "GET /css/outer-box-bg.gif HTTP/1.1" 200 763 liteos.net "http://liteos.net/css/liteos.css" "Mozilla/5.0 (Windows; U; Windows NT 6.0; en-US; rv:1.9.0.3) Gecko/2008092417 Firefox/3.0.3" "-"
156.26.8.136 - - [28/Oct/2008:19:39:00 -0400] "GET /img/liteos_banner.jpg HTTP/1.1" 200 90334 liteos.net "http://liteos.net/" "Mozilla/5.0 (Windows; U; Windows NT 6.0; en-US; rv:1.9.0.3) Gecko/2008092417 Firefox/3.0.3" "-"
156.26.8.136 - - [28/Oct/2008:19:39:08 -0400] "GET /docs/docs.html HTTP/1.1" 200 10172 liteos.net "http://liteos.net/" "Mozilla/5.0 (Windows; U; Windows NT 6.0; en-US; rv:1.9.0.3) Gecko/2008092417 Firefox/3.0.3" "-"
156.26.8.136 - - [28/Oct/2008:19:39:08 -0400] "GET /css/hr_gray.png HTTP/1.1" 200 132 liteos.net "http://liteos.net/css/liteos.css" "Mozilla/5.0 (Windows; U; Windows NT 6.0; en-US; rv:1.9.0.3) Gecko/2008092417 Firefox/3.0.3" "-"
156.26.8.136 - - [28/Oct/2008:19:39:08 -0400] "GET /img/icon.jpg HTTP/1.1" 200 90334 liteos.net "http://liteos.net/docs/docs.html" "Mozilla/5.0 (Windows; U; Windows NT 6.0; en-US; rv:1.9.0.3) Gecko/2008092417 Firefox/3.0.3" "-"
156.26.8.136 - - [28/Oct/2008:19:39:22 -0400] "GET /docs/LiteOS_Programming_Guide.pdf HTTP/1.1" 200 33012 liteos.net "http://liteos.net/docs/docs.html" "Mozilla/5.0 (Windows; U; Windows NT 6.0; en-US; rv:1.9.0.3) Gecko/2008092417 Firefox/3.0.3" "-"
156.26.8.136 - - [28/Oct/2008:19:39:22 -0400] "GET /docs/LiteOS_Programming_Guide.pdf HTTP/1.1" 206 802364 liteos.net "-" "Mozilla/5.0 (Windows; U; Windows NT 6.0; en-US; rv:1.9.0.3) Gecko/2008092417 Firefox/3.0.3" "-"
156.26.10.235 - - [28/Oct/2008:20:00:27 -0400] "GET / HTTP/1.1" 200 7219 www.liteos.net "http://www.google.com/search?hl=en&q=LITEOS" "Mozilla/4.0 (compatible; MSIE 7.0; Windows NT 5.1; .NET CLR 2.0.50727; InfoPath.2)" "-"
156.26.10.235 - - [28/Oct/2008:20:00:27 -0400] "GET /css/liteos.css HTTP/1.1" 200 4971 www.liteos.net "http://www.liteos.net/" "Mozilla/4.0 (compatible; MSIE 7.0; Windows NT 5.1; .NET CLR 2.0.50727; InfoPath.2)" "-"
156.26.10.235 - - [28/Oct/2008:20:00:28 -0400] "GET /css/outer-box-bg.gif HTTP/1.1" 200 763 www.liteos.net "http://www.liteos.net/" "Mozilla/4.0 (compatible; MSIE 7.0; Windows NT 5.1; .NET CLR 2.0.50727; InfoPath.2)" "-"
156.26.10.235 - - [28/Oct/2008:20:00:28 -0400] "GET /img/liteos_banner.jpg HTTP/1.1" 200 90334 www.liteos.net "http://www.liteos.net/" "Mozilla/4.0 (compatible; MSIE 7.0; Windows NT 5.1; .NET CLR 2.0.50727; InfoPath.2)" "-"
156.26.10.235 - - [28/Oct/2008:20:00:28 -0400] "GET /favicon.ico HTTP/1.1" 200 3638 www.liteos.net "-" "Mozilla/4.0 (compatible; MSIE 7.0; Windows NT 5.1; .NET CLR 2.0.50727; InfoPath.2)" "-"
156.26.10.235 - - [28/Oct/2008:20:00:42 -0400] "GET /info/about.html HTTP/1.1" 200 6820 www.liteos.net "http://www.liteos.net/" "Mozilla/4.0 (compatible; MSIE 7.0; Windows NT 5.1; .NET CLR 2.0.50727; InfoPath.2)" "-"
156.26.10.235 - - [28/Oct/2008:20:00:42 -0400] "GET /css/li-brown.png HTTP/1.1" 200 141 www.liteos.net "http://www.liteos.net/info/about.html" "Mozilla/4.0 (compatible; MSIE 7.0; Windows NT 5.1; .NET CLR 2.0.50727; InfoPath.2)" "-"
156.26.10.235 - - [28/Oct/2008:20:00:42 -0400] "GET /css/hr_gray.png HTTP/1.1" 200 132 www.liteos.net "http://www.liteos.net/info/about.html" "Mozilla/4.0 (compatible; MSIE 7.0; Windows NT 5.1; .NET CLR 2.0.50727; InfoPath.2)" "-"
156.26.10.235 - - [28/Oct/2008:20:00:42 -0400] "GET /img/icon.jpg HTTP/1.1" 200 90334 www.liteos.net "http://www.liteos.net/info/about.html" "Mozilla/4.0 (compatible; MSIE 7.0; Windows NT 5.1; .NET CLR 2.0.50727; InfoPath.2)" "-"
156.26.10.235 - - [28/Oct/2008:20:00:48 -0400] "GET /docs/docs.html HTTP/1.1" 200 10172 www.liteos.net "http://www.liteos.net/info/about.html" "Mozilla/4.0 (compatible; MSIE 7.0; Windows NT 5.1; .NET CLR 2.0.50727; InfoPath.2)" "-"
156.26.10.235 - - [28/Oct/2008:20:01:07 -0400] "GET /docs/faq.html HTTP/1.1" 200 11494 www.liteos.net "http://www.liteos.net/docs/docs.html" "Mozilla/4.0 (compatible; MSIE 7.0; Windows NT 5.1; .NET CLR 2.0.50727; InfoPath.2)" "-"
156.26.10.235 - - [28/Oct/2008:20:01:36 -0400] "GET /docs/LiteOS_ApplicationNote102.pdf HTTP/1.1" 200 480263 www.liteos.net "http://www.liteos.net/docs/docs.html" "Mozilla/4.0 (compatible; MSIE 7.0; Windows NT 5.1; .NET CLR 2.0.50727; InfoPath.2)" "-"
156.26.10.235 - - [28/Oct/2008:20:01:55 -0400] "GET /contact/contact.html HTTP/1.1" 200 8065 www.liteos.net "http://www.liteos.net/" "Mozilla/4.0 (compatible; MSIE 7.0; Windows NT 5.1; .NET CLR 2.0.50727; InfoPath.2)" "-"
119.63.193.55 - - [28/Oct/2008:20:05:12 -0400] "GET / HTTP/1.1" 200 7219 www.liteos.net "-" "Baiduspider+(+http://www.baidu.com/search/spider_jp.html)" "-"
74.6.17.163 - - [28/Oct/2008:21:25:58 -0400] "GET /robots.txt HTTP/1.0" 404 2291 www.liteos.net "-" "Mozilla/5.0 (compatible; Yahoo! Slurp; http://help.yahoo.com/help/us/ysearch/slurp)" "-"
74.6.17.163 - - [28/Oct/2008:21:25:58 -0400] "GET /index.html HTTP/1.0" 301 235 www.liteos.net "-" "Mozilla/5.0 (compatible; Yahoo! Slurp; http://help.yahoo.com/help/us/ysearch/slurp)" "-"
74.6.17.163 - - [28/Oct/2008:21:25:59 -0400] "GET /index.htm HTTP/1.0" 200 7219 www.liteos.net "-" "Mozilla/5.0 (compatible; Yahoo! Slurp; http://help.yahoo.com/help/us/ysearch/slurp)" "-"
119.63.193.55 - - [28/Oct/2008:22:07:29 -0400] "GET / HTTP/1.1" 200 7219 www.liteos.net "-" "Baiduspider+(+http://www.baidu.com/search/spider_jp.html)" "-"
38.108.180.109 - - [28/Oct/2008:22:09:45 -0400] "GET /robots.txt HTTP/1.1" 404 2291 www.liteos.net "-" "Mozilla/5.0 (compatible; ScoutJet; +http://www.scoutjet.com/)" "-"
38.108.180.109 - - [28/Oct/2008:22:09:45 -0400] "GET /docs/docs.html HTTP/1.1" 200 10172 www.liteos.net "-" "Mozilla/5.0 (compatible; ScoutJet; +http://www.scoutjet.com/)" "-"
67.195.37.93 - - [28/Oct/2008:22:15:40 -0400] "GET /robots.txt HTTP/1.0" 404 2291 www.liteos.net "-" "Mozilla/5.0 (compatible; Yahoo! Slurp; http://help.yahoo.com/help/us/ysearch/slurp)" "-"
67.195.37.93 - - [28/Oct/2008:22:15:40 -0400] "GET / HTTP/1.0" 200 7219 www.liteos.net "-" "Mozilla/5.0 (compatible; Yahoo! Slurp/3.0; http://help.yahoo.com/help/us/ysearch/slurp)" "-"
67.195.37.93 - - [28/Oct/2008:22:15:41 -0400] "GET /css/liteos.css HTTP/1.0" 200 4971 www.liteos.net "http://www.liteos.net/" "Mozilla/5.0 (compatible; Yahoo! Slurp/3.0; http://help.yahoo.com/help/us/ysearch/slurp)" "-"
58.207.137.89 - - [28/Oct/2008:22:30:10 -0400] "GET /info/download.html HTTP/1.1" 200 4914 www.liteos.net "http://www.cs.uiuc.edu/homes/qcao2/" "Mozilla/4.0 (compatible; MSIE 6.0; Windows NT 5.1; SV1; Maxthon; .NET CLR 1.1.4322; .NET CLR 2.0.50727)" "-"
58.207.137.89 - - [28/Oct/2008:22:30:13 -0400] "GET /css/liteos.css HTTP/1.1" 200 4971 www.liteos.net "http://www.liteos.net/info/download.html" "Mozilla/4.0 (compatible; MSIE 6.0; Windows NT 5.1; SV1; Maxthon; .NET CLR 1.1.4322; .NET CLR 2.0.50727)" "-"
58.207.137.89 - - [28/Oct/2008:22:30:15 -0400] "GET /css/outer-box-bg.gif HTTP/1.1" 200 763 www.liteos.net "http://www.liteos.net/info/download.html" "Mozilla/4.0 (compatible; MSIE 6.0; Windows NT 5.1; SV1; Maxthon; .NET CLR 1.1.4322; .NET CLR 2.0.50727)" "-"
58.207.137.89 - - [28/Oct/2008:22:30:16 -0400] "GET /css/li-brown.png HTTP/1.1" 200 141 www.liteos.net "http://www.liteos.net/info/download.html" "Mozilla/4.0 (compatible; MSIE 6.0; Windows NT 5.1; SV1; Maxthon; .NET CLR 1.1.4322; .NET CLR 2.0.50727)" "-"
58.207.137.89 - - [28/Oct/2008:22:30:16 -0400] "GET /css/hr_gray.png HTTP/1.1" 200 132 www.liteos.net "http://www.liteos.net/info/download.html" "Mozilla/4.0 (compatible; MSIE 6.0; Windows NT 5.1; SV1; Maxthon; .NET CLR 1.1.4322; .NET CLR 2.0.50727)" "-"
58.207.137.89 - - [28/Oct/2008:22:30:16 -0400] "GET /info/linux-penguin.jpg HTTP/1.1" 200 20748 www.liteos.net "http://www.liteos.net/info/download.html" "Mozilla/4.0 (compatible; MSIE 6.0; Windows NT 5.1; SV1; Maxthon; .NET CLR 1.1.4322; .NET CLR 2.0.50727)" "-"
58.207.137.89 - - [28/Oct/2008:22:30:17 -0400] "GET /info/windows_logo.jpg HTTP/1.1" 200 78007 www.liteos.net "http://www.liteos.net/info/download.html" "Mozilla/4.0 (compatible; MSIE 6.0; Windows NT 5.1; SV1; Maxthon; .NET CLR 1.1.4322; .NET CLR 2.0.50727)" "-"
58.207.137.89 - - [28/Oct/2008:22:30:19 -0400] "GET /img/icon.jpg HTTP/1.1" 200 90334 www.liteos.net "http://www.liteos.net/info/download.html" "Mozilla/4.0 (compatible; MSIE 6.0; Windows NT 5.1; SV1; Maxthon; .NET CLR 1.1.4322; .NET CLR 2.0.50727)" "-"
58.207.137.89 - - [28/Oct/2008:22:30:20 -0400] "GET /info/screenshot_cygwin.jpg HTTP/1.1" 200 185594 www.liteos.net "http://www.liteos.net/info/download.html" "Mozilla/4.0 (compatible; MSIE 6.0; Windows NT 5.1; SV1; Maxthon; .NET CLR 1.1.4322; .NET CLR 2.0.50727)" "-"
58.207.137.89 - - [28/Oct/2008:22:31:45 -0400] "GET /info/people.html HTTP/1.1" 200 10363 www.liteos.net "http://www.liteos.net/info/download.html" "Mozilla/4.0 (compatible; MSIE 6.0; Windows NT 5.1; SV1; Maxthon; .NET CLR 1.1.4322; .NET CLR 2.0.50727)" "-"
203.160.1.38 - - [28/Oct/2008:22:42:00 -0400] "GET / HTTP/1.1" 200 7219 www.liteos.net "http://images.google.com.vn/imgres?imgurl=http://www.liteos.net/img/liteos_banner.jpg&imgrefurl=http://www.liteos.net/&h=960&w=1771&sz=89&tbnid=hinuZyOrEo1YaM:&tbnh=81&tbnw=150&hl=vi&prev=/images%3Fq%3DliteOS%26gbv%3D2%26hl%3Dvi%26sa%3DG&frame=small" "Mozilla/5.0 (Windows; U; Windows NT 5.1; en-US; rv:1.8.1.13) Gecko/20080311 Firefox/2.0.0.13" "222.252.157.132"
203.160.1.38 - - [28/Oct/2008:22:42:02 -0400] "GET /css/liteos.css HTTP/1.1" 200 4971 www.liteos.net "http://www.liteos.net/" "Mozilla/5.0 (Windows; U; Windows NT 5.1; en-US; rv:1.8.1.13) Gecko/20080311 Firefox/2.0.0.13" "222.252.157.132"
203.160.1.38 - - [28/Oct/2008:22:42:04 -0400] "GET /css/outer-box-bg.gif HTTP/1.1" 200 763 www.liteos.net "http://www.liteos.net/css/liteos.css" "Mozilla/5.0 (Windows; U; Windows NT 5.1; en-US; rv:1.8.1.13) Gecko/20080311 Firefox/2.0.0.13" "222.252.157.132"
203.160.1.38 - - [28/Oct/2008:22:42:04 -0400] "GET /img/liteos_banner.jpg HTTP/1.1" 200 90334 www.liteos.net "http://www.liteos.net/" "Mozilla/5.0 (Windows; U; Windows NT 5.1; en-US; rv:1.8.1.13) Gecko/20080311 Firefox/2.0.0.13" "222.252.157.132"
203.160.1.38 - - [28/Oct/2008:22:42:54 -0400] "GET /favicon.ico HTTP/1.1" 200 3638 www.liteos.net "-" "Mozilla/5.0 (Windows; U; Windows NT 5.1; en-US; rv:1.8.1.13) Gecko/20080311 Firefox/2.0.0.13" "222.252.157.132"
203.160.1.38 - - [28/Oct/2008:22:43:00 -0400] "GET /info/download.html HTTP/1.1" 200 4914 www.liteos.net "http://www.liteos.net/" "Mozilla/5.0 (Windows; U; Windows NT 5.1; en-US; rv:1.8.1.13) Gecko/20080311 Firefox/2.0.0.13" "222.252.157.132"
203.160.1.38 - - [28/Oct/2008:22:43:03 -0400] "GET /info/windows_logo.jpg HTTP/1.1" 200 78007 www.liteos.net "http://www.liteos.net/info/download.html" "Mozilla/5.0 (Windows; U; Windows NT 5.1; en-US; rv:1.8.1.13) Gecko/20080311 Firefox/2.0.0.13" "222.252.157.132"
203.160.1.38 - - [28/Oct/2008:22:43:03 -0400] "GET /img/icon.jpg HTTP/1.1" 200 90334 www.liteos.net "http://www.liteos.net/info/download.html" "Mozilla/5.0 (Windows; U; Windows NT 5.1; en-US; rv:1.8.1.13) Gecko/20080311 Firefox/2.0.0.13" "222.252.157.132"
203.160.1.38 - - [28/Oct/2008:22:43:25 -0400] "GET /info/linux-penguin.jpg HTTP/1.1" 200 20748 www.liteos.net "http://www.liteos.net/info/download.html" "Mozilla/5.0 (Windows; U; Windows NT 5.1; en-US; rv:1.8.1.13) Gecko/20080311 Firefox/2.0.0.13" "222.252.157.132"
203.160.1.38 - - [28/Oct/2008:22:43:30 -0400] "GET /info/screenshot_cygwin.jpg HTTP/1.1" 200 185594 www.liteos.net "http://www.liteos.net/info/download.html" "Mozilla/5.0 (Windows; U; Windows NT 5.1; en-US; rv:1.8.1.13) Gecko/20080311 Firefox/2.0.0.13" "222.252.157.132"
203.160.1.38 - - [28/Oct/2008:22:44:03 -0400] "GET /css/li-brown.png HTTP/1.1" 200 141 www.liteos.net "http://www.liteos.net/css/liteos.css" "Mozilla/5.0 (Windows; U; Windows NT 5.1; en-US; rv:1.8.1.13) Gecko/20080311 Firefox/2.0.0.13" "222.252.157.132"
203.160.1.38 - - [28/Oct/2008:22:44:04 -0400] "GET /css/hr_gray.png HTTP/1.1" 200 132 www.liteos.net "http://www.liteos.net/css/liteos.css" "Mozilla/5.0 (Windows; U; Windows NT 5.1; en-US; rv:1.8.1.13) Gecko/20080311 Firefox/2.0.0.13" "222.252.157.132"
203.160.1.38 - - [28/Oct/2008:22:51:57 -0400] "GET /docs/docs.html HTTP/1.1" 200 10172 www.liteos.net "http://www.liteos.net/info/download.html" "Mozilla/5.0 (Windows; U; Windows NT 5.1; en-US; rv:1.8.1.13) Gecko/20080311 Firefox/2.0.0.13" "222.252.157.132"
203.160.1.38 - - [28/Oct/2008:23:07:18 -0400] "GET /Software/LiteOSSetup.exe HTTP/1.1" 200 34186224 www.liteos.net "http://www.liteos.net/info/download.html" "Mozilla/5.0 (Windows; U; Windows NT 5.1; en-US; rv:1.8.1.13) Gecko/20080311 Firefox/2.0.0.13" "222.252.157.132"
203.160.1.38 - - [28/Oct/2008:23:15:30 -0400] "GET /info/people.html HTTP/1.1" 200 10363 www.liteos.net "http://www.google.com.vn/search?hl=vi&q=liteOS&btnG=T%C3%ACm+ki%E1%BA%BFm&meta=" "Mozilla/5.0 (Windows; U; Windows NT 5.1; en-US; rv:1.8.1.13) Gecko/20080311 Firefox/2.0.0.13" "222.252.157.132"
203.160.1.38 - - [28/Oct/2008:23:19:54 -0400] "GET /Software/LiteOS.tar.gz HTTP/1.1" 200 21575680 www.liteos.net "http://www.liteos.net/info/download.html" "Mozilla/5.0 (Windows; U; Windows NT 5.1; en-US; rv:1.8.1.13) Gecko/20080311 Firefox/2.0.0.13" "222.252.157.132"
203.160.1.38 - - [28/Oct/2008:23:21:06 -0400] "GET /docs/RTSS_2008.pdf HTTP/1.1" 200 302743 www.liteos.net "http://www.liteos.net/docs/docs.html" "Mozilla/5.0 (Windows; U; Windows NT 5.1; en-US; rv:1.8.1.13) Gecko/20080311 Firefox/2.0.0.13" "222.252.157.132"
119.63.193.55 - - [29/Oct/2008:00:06:16 -0400] "GET / HTTP/1.1" 200 7219 www.liteos.net "-" "Baiduspider+(+http://www.baidu.com/search/spider_jp.html)" "-"
119.63.193.55 - - [29/Oct/2008:02:08:27 -0400] "GET / HTTP/1.1" 200 7219 www.liteos.net "-" "Baiduspider+(+http://www.baidu.com/search/spider_jp.html)" "-"
68.102.63.27 - - [29/Oct/2008:02:33:21 -0400] "GET /info/download.html HTTP/1.1" 200 4914 liteos.net "-" "Mozilla/5.0 (Windows; U; Windows NT 6.0; en-US; rv:1.8.1.17) Gecko/20080829 Firefox/2.0.0.17 (.NET CLR 3.5.30729)" "-"
68.102.63.27 - - [29/Oct/2008:02:33:22 -0400] "GET /css/liteos.css HTTP/1.1" 200 4971 liteos.net "http://liteos.net/info/download.html" "Mozilla/5.0 (Windows; U; Windows NT 6.0; en-US; rv:1.8.1.17) Gecko/20080829 Firefox/2.0.0.17 (.NET CLR 3.5.30729)" "-"
68.102.63.27 - - [29/Oct/2008:02:33:27 -0400] "GET /info/windows_logo.jpg HTTP/1.1" 200 78007 liteos.net "http://liteos.net/info/download.html" "Mozilla/5.0 (Windows; U; Windows NT 6.0; en-US; rv:1.8.1.17) Gecko/20080829 Firefox/2.0.0.17 (.NET CLR 3.5.30729)" "-"
68.102.63.27 - - [29/Oct/2008:02:33:28 -0400] "GET /img/icon.jpg HTTP/1.1" 200 90334 liteos.net "http://liteos.net/info/download.html" "Mozilla/5.0 (Windows; U; Windows NT 6.0; en-US; rv:1.8.1.17) Gecko/20080829 Firefox/2.0.0.17 (.NET CLR 3.5.30729)" "-"
68.102.63.27 - - [29/Oct/2008:02:33:29 -0400] "GET /info/linux-penguin.jpg HTTP/1.1" 200 20748 liteos.net "http://liteos.net/info/download.html" "Mozilla/5.0 (Windows; U; Windows NT 6.0; en-US; rv:1.8.1.17) Gecko/20080829 Firefox/2.0.0.17 (.NET CLR 3.5.30729)" "-"
68.102.63.27 - - [29/Oct/2008:02:33:30 -0400] "GET /css/li-brown.png HTTP/1.1" 200 141 liteos.net "http://liteos.net/css/liteos.css" "Mozilla/5.0 (Windows; U; Windows NT 6.0; en-US; rv:1.8.1.17) Gecko/20080829 Firefox/2.0.0.17 (.NET CLR 3.5.30729)" "-"
68.102.63.27 - - [29/Oct/2008:02:33:31 -0400] "GET /css/outer-box-bg.gif HTTP/1.1" 200 763 liteos.net "http://liteos.net/css/liteos.css" "Mozilla/5.0 (Windows; U; Windows NT 6.0; en-US; rv:1.8.1.17) Gecko/20080829 Firefox/2.0.0.17 (.NET CLR 3.5.30729)" "-"
68.102.63.27 - - [29/Oct/2008:02:33:31 -0400] "GET /css/hr_gray.png HTTP/1.1" 200 132 liteos.net "http://liteos.net/css/liteos.css" "Mozilla/5.0 (Windows; U; Windows NT 6.0; en-US; rv:1.8.1.17) Gecko/20080829 Firefox/2.0.0.17 (.NET CLR 3.5.30729)" "-"
68.102.63.27 - - [29/Oct/2008:02:33:32 -0400] "GET /info/screenshot_cygwin.jpg HTTP/1.1" 200 185594 liteos.net "http://liteos.net/info/download.html" "Mozilla/5.0 (Windows; U; Windows NT 6.0; en-US; rv:1.8.1.17) Gecko/20080829 Firefox/2.0.0.17 (.NET CLR 3.5.30729)" "-"
68.102.63.27 - - [29/Oct/2008:02:33:45 -0400] "GET /favicon.ico HTTP/1.1" 200 3638 liteos.net "-" "Mozilla/5.0 (Windows; U; Windows NT 6.0; en-US; rv:1.8.1.17) Gecko/20080829 Firefox/2.0.0.17 (.NET CLR 3.5.30729)" "-"
85.225.240.120 - - [29/Oct/2008:04:03:53 -0400] "GET / HTTP/1.1" 200 7219 www.liteos.net "-" "Mozilla/5.0 (Windows; U; Windows NT 5.1; en-US; rv:1.9.0.3) Gecko/2008092417 Firefox/3.0.3" "-"
85.225.240.120 - - [29/Oct/2008:04:03:54 -0400] "GET /favicon.ico HTTP/1.1" 200 3638 www.liteos.net "-" "Mozilla/5.0 (Windows; U; Windows NT 5.1; en-US; rv:1.9.0.3) Gecko/2008092417 Firefox/3.0.3" "-"
85.225.240.120 - - [29/Oct/2008:04:03:54 -0400] "GET /css/liteos.css HTTP/1.1" 200 4971 www.liteos.net "http://www.liteos.net/" "Mozilla/5.0 (Windows; U; Windows NT 5.1; en-US; rv:1.9.0.3) Gecko/2008092417 Firefox/3.0.3" "-"
85.225.240.120 - - [29/Oct/2008:04:03:55 -0400] "GET /css/outer-box-bg.gif HTTP/1.1" 200 763 www.liteos.net "http://www.liteos.net/css/liteos.css" "Mozilla/5.0 (Windows; U; Windows NT 5.1; en-US; rv:1.9.0.3) Gecko/2008092417 Firefox/3.0.3" "-"
85.225.240.120 - - [29/Oct/2008:04:03:55 -0400] "GET /img/liteos_banner.jpg HTTP/1.1" 200 90334 www.liteos.net "http://www.liteos.net/" "Mozilla/5.0 (Windows; U; Windows NT 5.1; en-US; rv:1.9.0.3) Gecko/2008092417 Firefox/3.0.3" "-"
119.63.193.55 - - [29/Oct/2008:04:06:16 -0400] "GET / HTTP/1.1" 200 7219 www.liteos.net "-" "Baiduspider+(+http://www.baidu.com/search/spider_jp.html)" "-"
59.80.235.184 - - [29/Oct/2008:04:18:45 -0400] "GET /info/news.html HTTP/1.1" 200 4886 www.liteos.net "-" "Mozilla/4.0 (compatible; MSIE 6.0; Windows NT 5.0)" "-"
213.140.6.112 - - [29/Oct/2008:04:43:41 -0400] "GET /docs/RTSS_2008.pdf HTTP/1.1" 200 67336 www.liteos.net "-" "Mozilla/5.0 (Macintosh; U; Intel Mac OS X; en; rv:1.8.1.17) Gecko/20080915 Camino/1.6.4 (like Firefox/2.0.0.17)" "-"
213.140.6.112 - - [29/Oct/2008:04:43:45 -0400] "GET /docs/RTSS_2008.pdf HTTP/1.1" 206 302743 www.liteos.net "-" "Mozilla/5.0 (Macintosh; U; Intel Mac OS X; en; rv:1.8.1.17) Gecko/20080915 Camino/1.6.4 (like Firefox/2.0.0.17)" "-"
203.199.213.66 - - [29/Oct/2008:04:54:32 -0400] "GET / HTTP/1.0" 200 7219 liteos.net "-" "Mozilla/5.0 (Macintosh; U; Intel Mac OS X 10.5; en-US; rv:1.9.0.3) Gecko/2008092414 Firefox/3.0.3" "10.6.0.72"
203.199.213.66 - - [29/Oct/2008:04:54:33 -0400] "GET /favicon.ico HTTP/1.0" 200 3638 liteos.net "-" "Mozilla/5.0 (Macintosh; U; Intel Mac OS X 10.5; en-US; rv:1.9.0.3) Gecko/2008092414 Firefox/3.0.3" "10.6.0.72"
203.199.213.66 - - [29/Oct/2008:04:54:33 -0400] "GET /css/liteos.css HTTP/1.0" 200 4971 liteos.net "http://liteos.net/" "Mozilla/5.0 (Macintosh; U; Intel Mac OS X 10.5; en-US; rv:1.9.0.3) Gecko/2008092414 Firefox/3.0.3" "10.6.0.72"
203.199.213.66 - - [29/Oct/2008:04:54:35 -0400] "GET /css/outer-box-bg.gif HTTP/1.0" 200 763 liteos.net "http://liteos.net/css/liteos.css" "Mozilla/5.0 (Macintosh; U; Intel Mac OS X 10.5; en-US; rv:1.9.0.3) Gecko/2008092414 Firefox/3.0.3" "10.6.0.72"
203.199.213.66 - - [29/Oct/2008:04:54:35 -0400] "GET /img/liteos_banner.jpg HTTP/1.0" 200 90334 liteos.net "http://liteos.net/" "Mozilla/5.0 (Macintosh; U; Intel Mac OS X 10.5; en-US; rv:1.9.0.3) Gecko/2008092414 Firefox/3.0.3" "10.6.0.72"
203.199.213.66 - - [29/Oct/2008:04:54:57 -0400] "GET /info/people.html HTTP/1.0" 200 10363 liteos.net "http://liteos.net/" "Mozilla/5.0 (Macintosh; U; Intel Mac OS X 10.5; en-US; rv:1.9.0.3) Gecko/2008092414 Firefox/3.0.3" "10.6.0.72"
203.199.213.66 - - [29/Oct/2008:04:54:58 -0400] "GET /css/hr_gray.png HTTP/1.0" 200 132 liteos.net "http://liteos.net/css/liteos.css" "Mozilla/5.0 (Macintosh; U; Intel Mac OS X 10.5; en-US; rv:1.9.0.3) Gecko/2008092414 Firefox/3.0.3" "10.6.0.72"
203.199.213.66 - - [29/Oct/2008:04:55:09 -0400] "GET /img/icon.jpg HTTP/1.0" 200 90334 liteos.net "http://liteos.net/info/people.html" "Mozilla/5.0 (Macintosh; U; Intel Mac OS X 10.5; en-US; rv:1.9.0.3) Gecko/2008092414 Firefox/3.0.3" "10.6.0.72"
67.195.37.93 - - [29/Oct/2008:06:05:14 -0400] "GET /robots.txt HTTP/1.0" 404 2291 www.liteos.net "-" "Mozilla/5.0 (compatible; Yahoo! Slurp; http://help.yahoo.com/help/us/ysearch/slurp)" "-"
67.195.37.93 - - [29/Oct/2008:06:05:14 -0400] "GET / HTTP/1.0" 200 - www.liteos.net "-" "Mozilla/5.0 (compatible; Yahoo! Slurp/3.0; http://help.yahoo.com/help/us/ysearch/slurp)" "-"
67.195.37.93 - - [29/Oct/2008:06:05:16 -0400] "GET /css/liteos.css HTTP/1.0" 304 - www.liteos.net "http://www.liteos.net/" "Mozilla/5.0 (compatible; Yahoo! Slurp/3.0; http://help.yahoo.com/help/us/ysearch/slurp)" "-"
119.63.193.55 - - [29/Oct/2008:06:07:01 -0400] "GET / HTTP/1.1" 200 7219 www.liteos.net "-" "Baiduspider+(+http://www.baidu.com/search/spider_jp.html)" "-"
74.6.17.163 - - [29/Oct/2008:06:35:59 -0400] "GET /robots.txt HTTP/1.0" 404 2291 www.liteos.net "-" "Mozilla/5.0 (compatible; Yahoo! Slurp; http://help.yahoo.com/help/us/ysearch/slurp)" "-"
74.6.17.163 - - [29/Oct/2008:06:35:59 -0400] "GET /info/people.html HTTP/1.0" 200 10363 www.liteos.net "-" "Mozilla/5.0 (compatible; Yahoo! Slurp; http://help.yahoo.com/help/us/ysearch/slurp)" "-"
138.100.62.158 - - [29/Oct/2008:08:04:45 -0400] "GET /docs/faq.html HTTP/1.1" 200 11494 www.liteos.net "http://www.google.es/search?hl=en&q=Probably+the+AVR+MCU+is+NOT+in+the+RESET+state+%2B+mib520&btnG=Search" "Mozilla/5.0 (Windows; U; Windows NT 5.1; es-ES; rv:1.9.0.3) Gecko/2008092417 Firefox/3.0.3" "-"
138.100.62.158 - - [29/Oct/2008:08:04:46 -0400] "GET /css/liteos.css HTTP/1.1" 200 4971 www.liteos.net "http://www.liteos.net/docs/faq.html" "Mozilla/5.0 (Windows; U; Windows NT 5.1; es-ES; rv:1.9.0.3) Gecko/2008092417 Firefox/3.0.3" "-"
138.100.62.158 - - [29/Oct/2008:08:04:55 -0400] "GET /css/outer-box-bg.gif HTTP/1.1" 200 763 www.liteos.net "http://www.liteos.net/css/liteos.css" "Mozilla/5.0 (Windows; U; Windows NT 5.1; es-ES; rv:1.9.0.3) Gecko/2008092417 Firefox/3.0.3" "-"
138.100.62.158 - - [29/Oct/2008:08:04:55 -0400] "GET /css/li-brown.png HTTP/1.1" 200 141 www.liteos.net "http://www.liteos.net/css/liteos.css" "Mozilla/5.0 (Windows; U; Windows NT 5.1; es-ES; rv:1.9.0.3) Gecko/2008092417 Firefox/3.0.3" "-"
138.100.62.158 - - [29/Oct/2008:08:04:55 -0400] "GET /css/hr_gray.png HTTP/1.1" 200 132 www.liteos.net "http://www.liteos.net/css/liteos.css" "Mozilla/5.0 (Windows; U; Windows NT 5.1; es-ES; rv:1.9.0.3) Gecko/2008092417 Firefox/3.0.3" "-"
138.100.62.158 - - [29/Oct/2008:08:04:57 -0400] "GET /img/icon.jpg HTTP/1.1" 200 90334 www.liteos.net "http://www.liteos.net/docs/faq.html" "Mozilla/5.0 (Windows; U; Windows NT 5.1; es-ES; rv:1.9.0.3) Gecko/2008092417 Firefox/3.0.3" "-"
138.100.62.158 - - [29/Oct/2008:08:05:01 -0400] "GET /favicon.ico HTTP/1.1" 200 3638 www.liteos.net "-" "Mozilla/5.0 (Windows; U; Windows NT 5.1; es-ES; rv:1.9.0.3) Gecko/2008092417 Firefox/3.0.3" "-"
119.63.193.55 - - [29/Oct/2008:08:07:12 -0400] "GET / HTTP/1.1" 200 7219 www.liteos.net "-" "Baiduspider+(+http://www.baidu.com/search/spider_jp.html)" "-"
66.249.67.219 - - [29/Oct/2008:08:15:33 -0400] "GET /robots.txt HTTP/1.1" 404 2291 www.liteos.net "-" "Mozilla/5.0 (compatible; Googlebot/2.1; +http://www.google.com/bot.html)" "-"
66.249.67.219 - - [29/Oct/2008:08:15:33 -0400] "GET /docs/LiteOS_User_Guide.pdf HTTP/1.1" 304 - www.liteos.net "-" "Mozilla/5.0 (compatible; Googlebot/2.1; +http://www.google.com/bot.html)" "-"
208.80.194.33 - - [29/Oct/2008:08:43:07 -0400] "GET / HTTP/1.0" 200 7219 www.liteos.net "-" "Mozilla/4.0 (compatible; MSIE 7.0; Windows NT 5.1; InfoPath.1; Comcast; Comcast)" "-"
74.6.17.163 - - [29/Oct/2008:08:54:25 -0400] "GET /info/news.html HTTP/1.0" 200 4886 www.liteos.net "-" "Mozilla/5.0 (compatible; Yahoo! Slurp; http://help.yahoo.com/help/us/ysearch/slurp)" "-"
66.249.67.219 - - [29/Oct/2008:09:52:14 -0400] "GET /docs/RTSS_2008.pdf HTTP/1.1" 304 - www.liteos.net "-" "Mozilla/5.0 (compatible; Googlebot/2.1; +http://www.google.com/bot.html)" "-"
66.249.67.219 - - [29/Oct/2008:09:57:58 -0400] "GET /docs/SENSYS_2008.pdf HTTP/1.1" 304 - www.liteos.net "-" "Mozilla/5.0 (compatible; Googlebot/2.1; +http://www.google.com/bot.html)" "-"
119.63.193.55 - - [29/Oct/2008:10:07:36 -0400] "GET / HTTP/1.1" 200 7219 www.liteos.net "-" "Baiduspider+(+http://www.baidu.com/search/spider_jp.html)" "-"
194.29.169.180 - - [29/Oct/2008:10:50:44 -0400] "GET /info/people.html HTTP/1.1" 200 10363 www.liteos.net "http://www.google.pl/search?hl=pl&client=firefox-a&rls=org.mozilla%3Apl%3Aofficial&hs=rlr&q=liteOS&btnG=Szukaj&lr=" "Mozilla/5.0 (Windows; U; Windows NT 5.0; pl; rv:1.9.0.3) Gecko/2008092417 Firefox/3.0.3" "-"
194.29.169.180 - - [29/Oct/2008:10:50:44 -0400] "GET /css/liteos.css HTTP/1.1" 200 4971 www.liteos.net "http://www.liteos.net/info/people.html" "Mozilla/5.0 (Windows; U; Windows NT 5.0; pl; rv:1.9.0.3) Gecko/2008092417 Firefox/3.0.3" "-"
194.29.169.180 - - [29/Oct/2008:10:50:45 -0400] "GET /css/outer-box-bg.gif HTTP/1.1" 200 763 www.liteos.net "http://www.liteos.net/css/liteos.css" "Mozilla/5.0 (Windows; U; Windows NT 5.0; pl; rv:1.9.0.3) Gecko/2008092417 Firefox/3.0.3" "-"
194.29.169.180 - - [29/Oct/2008:10:50:45 -0400] "GET /css/hr_gray.png HTTP/1.1" 200 132 www.liteos.net "http://www.liteos.net/css/liteos.css" "Mozilla/5.0 (Windows; U; Windows NT 5.0; pl; rv:1.9.0.3) Gecko/2008092417 Firefox/3.0.3" "-"
194.29.169.180 - - [29/Oct/2008:10:50:45 -0400] "GET /img/icon.jpg HTTP/1.1" 200 90334 www.liteos.net "http://www.liteos.net/info/people.html" "Mozilla/5.0 (Windows; U; Windows NT 5.0; pl; rv:1.9.0.3) Gecko/2008092417 Firefox/3.0.3" "-"
194.29.169.180 - - [29/Oct/2008:10:50:46 -0400] "GET /favicon.ico HTTP/1.1" 200 3638 www.liteos.net "-" "Mozilla/5.0 (Windows; U; Windows NT 5.0; pl; rv:1.9.0.3) Gecko/2008092417 Firefox/3.0.3" "-"
194.29.169.180 - - [29/Oct/2008:10:52:02 -0400] "GET /docs/docs.html HTTP/1.1" 200 10172 www.liteos.net "http://www.google.pl/search?q=liteOS%3A+a+lightweight+operating+system+for+C%2B%2B+software+development+in+sensor+networks&ie=utf-8&oe=utf-8&aq=t&rls=org.mozilla:pl:official&client=firefox-a" "Mozilla/5.0 (Windows; U; Windows NT 5.0; pl; rv:1.9.0.3) Gecko/2008092417 Firefox/3.0.3" "-"
194.29.169.180 - - [29/Oct/2008:10:52:45 -0400] "GET /docs/LiteOS_User_Guide.pdf HTTP/1.0" 200 1438920 www.liteos.net "-" "Wget/1.7" "-"
68.102.63.27 - - [29/Oct/2008:11:01:02 -0400] "GET /info/download.html HTTP/1.1" 200 4914 liteos.net "-" "Mozilla/5.0 (Windows; U; Windows NT 6.0; en-US; rv:1.8.1.17) Gecko/20080829 Firefox/2.0.0.17 (.NET CLR 3.5.30729)" "-"
68.102.63.27 - - [29/Oct/2008:11:01:03 -0400] "GET /css/liteos.css HTTP/1.1" 200 4971 liteos.net "http://liteos.net/info/download.html" "Mozilla/5.0 (Windows; U; Windows NT 6.0; en-US; rv:1.8.1.17) Gecko/20080829 Firefox/2.0.0.17 (.NET CLR 3.5.30729)" "-"
68.102.63.27 - - [29/Oct/2008:11:01:08 -0400] "GET /info/windows_logo.jpg HTTP/1.1" 200 78007 liteos.net "http://liteos.net/info/download.html" "Mozilla/5.0 (Windows; U; Windows NT 6.0; en-US; rv:1.8.1.17) Gecko/20080829 Firefox/2.0.0.17 (.NET CLR 3.5.30729)" "-"
