Archive member included because of file (symbol)

c:/winavr/bin/../lib/gcc/avr/4.1.1/avr5\libgcc.a(_clear_bss.o)
                              c:\DOCUME~1\QINGCA~1.OFF\LOCALS~1\Temp/ccOMraaa.o (__do_clear_bss)

Discarded input sections

 .stabstr       0x00000000        0x0 c:/winavr/bin/../lib/gcc/avr/4.1.1/../../../../avr/lib/avr5/crtm128.o

Memory Configuration

Name             Origin             Length             Attributes
text             0x00000000         0x00020000         xr
data             0x00800060         0x0000ffa0         rw !x
eeprom           0x00810000         0x00010000         rw !x
*default*        0x00000000         0xffffffff

Linker script and memory map

Address of section .data set to 0x800100
LOAD c:/winavr/bin/../lib/gcc/avr/4.1.1/../../../../avr/lib/avr5/crtm128.o
Address of section .data set to 0x800a8c
Address of section .text set to 0x14a00
                0x00000bb8                __stack = 0xbb8
LOAD c:\DOCUME~1\QINGCA~1.OFF\LOCALS~1\Temp/ccOMraaa.o
LOAD c:/winavr/bin/../lib/gcc/avr/4.1.1/avr5\libgcc.a
LOAD c:/winavr/bin/../lib/gcc/avr/4.1.1/../../../../avr/lib/avr5\libc.a
LOAD c:/winavr/bin/../lib/gcc/avr/4.1.1/avr5\libgcc.a

.hash
 *(.hash)

.dynsym
 *(.dynsym)

.dynstr
 *(.dynstr)

.gnu.version
 *(.gnu.version)

.gnu.version_d
 *(.gnu.version_d)

.gnu.version_r
 *(.gnu.version_r)

.rel.init
 *(.rel.init)

.rela.init
 *(.rela.init)

.rel.text
 *(.rel.text)
 *(.rel.text.*)
 *(.rel.gnu.linkonce.t*)

.rela.text
 *(.rela.text)
 *(.rela.text.*)
 *(.rela.gnu.linkonce.t*)

.rel.fini
 *(.rel.fini)

.rela.fini
 *(.rela.fini)

.rel.rodata
 *(.rel.rodata)
 *(.rel.rodata.*)
 *(.rel.gnu.linkonce.r*)

.rela.rodata
 *(.rela.rodata)
 *(.rela.rodata.*)
 *(.rela.gnu.linkonce.r*)

.rel.data
 *(.rel.data)
 *(.rel.data.*)
 *(.rel.gnu.linkonce.d*)

.rela.data
 *(.rela.data)
 *(.rela.data.*)
 *(.rela.gnu.linkonce.d*)

.rel.ctors
 *(.rel.ctors)

.rela.ctors
 *(.rela.ctors)

.rel.dtors
 *(.rel.dtors)

.rela.dtors
 *(.rela.dtors)

.rel.got
 *(.rel.got)

.rela.got
 *(.rela.got)

.rel.bss
 *(.rel.bss)

.rela.bss
 *(.rela.bss)

.rel.plt
 *(.rel.plt)

.rela.plt
 *(.rela.plt)

.text           0x00014a00      0x2d8
 *(.vectors)
 .vectors       0x00014a00       0x8c c:/winavr/bin/../lib/gcc/avr/4.1.1/../../../../avr/lib/avr5/crtm128.o
                0x00014a00                __vectors
                0x00014a00                __vector_default
 *(.vectors)
 *(.progmem.gcc*)
 *(.progmem*)
                0x00014a8c                . = ALIGN (0x2)
                0x00014a8c                __trampolines_start = .
 *(.trampolines)
 .trampolines   0x00014a8c        0x0 linker stubs
 *(.trampolines*)
                0x00014a8c                __trampolines_end = .
 *(.jumptables)
 *(.jumptables*)
 *(.lowtext)
 *(.lowtext*)
                0x00014a8c                __ctors_start = .
 *(.ctors)
                0x00014a8c                __ctors_end = .
                0x00014a8c                __dtors_start = .
 *(.dtors)
                0x00014a8c                __dtors_end = .
 SORT(*)(.ctors)
 SORT(*)(.dtors)
 *(.init0)
 .init0         0x00014a8c        0x0 c:/winavr/bin/../lib/gcc/avr/4.1.1/../../../../avr/lib/avr5/crtm128.o
                0x00014a8c                __init
 *(.init0)
 *(.init1)
 *(.init1)
 *(.init2)
 .init2         0x00014a8c        0xc c:/winavr/bin/../lib/gcc/avr/4.1.1/../../../../avr/lib/avr5/crtm128.o
 *(.init2)
 *(.init3)
 *(.init3)
 *(.init4)
 .init4         0x00014a98       0x1a c:/winavr/bin/../lib/gcc/avr/4.1.1/../../../../avr/lib/avr5/crtm128.o
                0x00014a98                __do_copy_data
 .init4         0x00014ab2       0x10 c:/winavr/bin/../lib/gcc/avr/4.1.1/avr5\libgcc.a(_clear_bss.o)
                0x00014ab2                __do_clear_bss
 *(.init4)
 *(.init5)
 *(.init5)
 *(.init6)
 *(.init6)
 *(.init7)
 *(.init7)
 *(.init8)
 *(.init8)
 *(.init9)
 .init9         0x00014ac2        0x4 c:/winavr/bin/../lib/gcc/avr/4.1.1/../../../../avr/lib/avr5/crtm128.o
 *(.init9)
 *(.text)
 .text          0x00014ac6        0x4 c:/winavr/bin/../lib/gcc/avr/4.1.1/../../../../avr/lib/avr5/crtm128.o
                0x00014ac6                __vector_22
                0x00014ac6                __vector_28
                0x00014ac6                __vector_1
                0x00014ac6                __vector_32
                0x00014ac6                __vector_34
                0x00014ac6                __vector_24
                0x00014ac6                __vector_12
                0x00014ac6                __bad_interrupt
                0x00014ac6                __vector_6
                0x00014ac6                __vector_31
                0x00014ac6                __vector_3
                0x00014ac6                __vector_23
                0x00014ac6                __vector_30
                0x00014ac6                __vector_25
                0x00014ac6                __vector_11
                0x00014ac6                __vector_13
                0x00014ac6                __vector_17
                0x00014ac6                __vector_19
                0x00014ac6                __vector_7
                0x00014ac6                __vector_27
                0x00014ac6                __vector_5
                0x00014ac6                __vector_33
                0x00014ac6                __vector_4
                0x00014ac6                __vector_9
                0x00014ac6                __vector_2
                0x00014ac6                __vector_21
                0x00014ac6                __vector_15
                0x00014ac6                __vector_29
                0x00014ac6                __vector_8
                0x00014ac6                __vector_26
                0x00014ac6                __vector_14
                0x00014ac6                __vector_10
                0x00014ac6                __vector_16
                0x00014ac6                __vector_18
                0x00014ac6                __vector_20
 .text          0x00014aca      0x20e c:\DOCUME~1\QINGCA~1.OFF\LOCALS~1\Temp/ccOMraaa.o
                0x00014b0e                main
 .text          0x00014cd8        0x0 c:/winavr/bin/../lib/gcc/avr/4.1.1/avr5\libgcc.a(_clear_bss.o)
                0x00014cd8                . = ALIGN (0x2)
 *(.text.*)
 .text.libgcc   0x00014cd8        0x0 c:/winavr/bin/../lib/gcc/avr/4.1.1/avr5\libgcc.a(_clear_bss.o)
                0x00014cd8                . = ALIGN (0x2)
 *(.fini9)
 *(.fini9)
 *(.fini8)
 *(.fini8)
 *(.fini7)
 *(.fini7)
 *(.fini6)
 *(.fini6)
 *(.fini5)
 *(.fini5)
 *(.fini4)
 *(.fini4)
 *(.fini3)
 *(.fini3)
 *(.fini2)
 *(.fini2)
 *(.fini1)
 *(.fini1)
 *(.fini0)
 *(.fini0)
                0x00014cd8                _etext = .

.data           0x00800a8c        0x0 load address 0x00014cd8
                0x00800a8c                PROVIDE (__data_start, .)
 *(.data)
 .data          0x00800a8c        0x0 c:/winavr/bin/../lib/gcc/avr/4.1.1/../../../../avr/lib/avr5/crtm128.o
 .data          0x00800a8c        0x0 c:\DOCUME~1\QINGCA~1.OFF\LOCALS~1\Temp/ccOMraaa.o
 .data          0x00800a8c        0x0 c:/winavr/bin/../lib/gcc/avr/4.1.1/avr5\libgcc.a(_clear_bss.o)
 *(.data*)
 *(.rodata)
 *(.rodata*)
 *(.gnu.linkonce.d*)
                0x00800a8c                . = ALIGN (0x2)
                0x00800a8c                _edata = .
                0x00800a8c                PROVIDE (__data_end, .)

.bss            0x00800a8c       0x40
                0x00800a8c                PROVIDE (__bss_start, .)
 *(.bss)
 .bss           0x00800a8c        0x0 c:/winavr/bin/../lib/gcc/avr/4.1.1/../../../../avr/lib/avr5/crtm128.o
 .bss           0x00800a8c       0x40 c:\DOCUME~1\QINGCA~1.OFF\LOCALS~1\Temp/ccOMraaa.o
 .bss           0x00800acc        0x0 c:/winavr/bin/../lib/gcc/avr/4.1.1/avr5\libgcc.a(_clear_bss.o)
 *(.bss*)
 *(COMMON)
                0x00800acc                PROVIDE (__bss_end, .)
                0x00014cd8                __data_load_start = LOADADDR (.data)
                0x00014cd8                __data_load_end = (__data_load_start + SIZEOF (.data))

.noinit         0x00800acc        0x0
                0x00800acc                PROVIDE (__noinit_start, .)
 *(.noinit*)
                0x00800acc                PROVIDE (__noinit_end, .)
                0x00800acc                _end = .
                0x00800acc                PROVIDE (__heap_start, .)

.eeprom         0x00810000        0x0
 *(.eeprom*)
                0x00810000                __eeprom_end = .

.stab           0x00000000      0x408
 *(.stab)
 .stab          0x00000000      0x408 c:/winavr/bin/../lib/gcc/avr/4.1.1/../../../../avr/lib/avr5/crtm128.o

.stabstr        0x00000000       0x84
 *(.stabstr)
 .stabstr       0x00000000       0x84 c:/winavr/bin/../lib/gcc/avr/4.1.1/../../../../avr/lib/avr5/crtm128.o

.stab.excl
 *(.stab.excl)

.stab.exclstr
 *(.stab.exclstr)

.stab.index
 *(.stab.index)

.stab.indexstr
 *(.stab.indexstr)

.comment
 *(.comment)

.debug
 *(.debug)

.line
 *(.line)

.debug_srcinfo
 *(.debug_srcinfo)

.debug_sfnames
 *(.debug_sfnames)

.debug_aranges  0x00000000       0x20
 *(.debug_aranges)
 .debug_aranges
                0x00000000       0x20 c:\DOCUME~1\QINGCA~1.OFF\LOCALS~1\Temp/ccOMraaa.o

.debug_pubnames
                0x00000000       0x1b
 *(.debug_pubnames)
 .debug_pubnames
                0x00000000       0x1b c:\DOCUME~1\QINGCA~1.OFF\LOCALS~1\Temp/ccOMraaa.o

.debug_info     0x00000000     0x1700
 *(.debug_info)
 .debug_info    0x00000000     0x1700 c:\DOCUME~1\QINGCA~1.OFF\LOCALS~1\Temp/ccOMraaa.o
 *(.gnu.linkonce.wi.*)

.debug_abbrev   0x00000000      0x293
 *(.debug_abbrev)
 .debug_abbrev  0x00000000      0x293 c:\DOCUME~1\QINGCA~1.OFF\LOCALS~1\Temp/ccOMraaa.o

.debug_line     0x00000000      0x3d0
 *(.debug_line)
 .debug_line    0x00000000      0x3d0 c:\DOCUME~1\QINGCA~1.OFF\LOCALS~1\Temp/ccOMraaa.o

.debug_frame    0x00000000       0x80
 *(.debug_frame)
 .debug_frame   0x00000000       0x80 c:\DOCUME~1\QINGCA~1.OFF\LOCALS~1\Temp/ccOMraaa.o

.debug_str      0x00000000      0x42e
 *(.debug_str)
 .debug_str     0x00000000      0x42e c:\DOCUME~1\QINGCA~1.OFF\LOCALS~1\Temp/ccOMraaa.o
                                0x491 (size before relaxing)

.debug_loc      0x00000000       0x98
 *(.debug_loc)
 .debug_loc     0x00000000       0x98 c:\DOCUME~1\QINGCA~1.OFF\LOCALS~1\Temp/ccOMraaa.o

.debug_macinfo
 *(.debug_macinfo)
OUTPUT(App.elf elf32-avr)
LOAD linker stubs

.debug_ranges   0x00000000       0x18
 .debug_ranges  0x00000000       0x18 c:\DOCUME~1\QINGCA~1.OFF\LOCALS~1\Temp/ccOMraaa.o
