Archive member included because of file (symbol)

c:/liteos/winavr2010/bin/../lib/gcc/avr/4.3.3/avr51\libgcc.a(_mulsi3.o)
                              clockraw.o (__mulsi3)
c:/liteos/winavr2010/bin/../lib/gcc/avr/4.3.3/avr51\libgcc.a(_udivmodhi4.o)
                              atmelflash.o (__udivmodhi4)
c:/liteos/winavr2010/bin/../lib/gcc/avr/4.3.3/avr51\libgcc.a(_divmodhi4.o)
                              fsapi.o (__divmodhi4)
c:/liteos/winavr2010/bin/../lib/gcc/avr/4.3.3/avr51\libgcc.a(_udivmodsi4.o)
                              atmelflash.o (__udivmodsi4)
c:/liteos/winavr2010/bin/../lib/gcc/avr/4.3.3/avr51\libgcc.a(_divmodsi4.o)
                              fsapi.o (__divmodsi4)
c:/liteos/winavr2010/bin/../lib/gcc/avr/4.3.3/avr51\libgcc.a(_exit.o)
                              c:/liteos/winavr2010/bin/../lib/gcc/avr/4.3.3/../../../../avr/lib/avr51/crtm128.o (exit)
c:/liteos/winavr2010/bin/../lib/gcc/avr/4.3.3/avr51\libgcc.a(_clear_bss.o)
                              realmain.o (__do_clear_bss)
c:/liteos/winavr2010/bin/../lib/gcc/avr/4.3.3/../../../../avr/lib/avr51\libc.a(rand.o)
                              math.o (rand)
c:/liteos/winavr2010/bin/../lib/gcc/avr/4.3.3/../../../../avr/lib/avr51\libc.a(eerd_block_atmega128.o)
                              ioeeprom.o (__eerd_block_m128)
c:/liteos/winavr2010/bin/../lib/gcc/avr/4.3.3/../../../../avr/lib/avr51\libc.a(eerd_byte_atmega128.o)
                              ioeeprom.o (__eerd_byte_m128)
c:/liteos/winavr2010/bin/../lib/gcc/avr/4.3.3/../../../../avr/lib/avr51\libc.a(eerd_word_atmega128.o)
                              ioeeprom.o (__eerd_word_m128)
c:/liteos/winavr2010/bin/../lib/gcc/avr/4.3.3/../../../../avr/lib/avr51\libc.a(eewr_block_atmega128.o)
                              ioeeprom.o (__eewr_block_m128)
c:/liteos/winavr2010/bin/../lib/gcc/avr/4.3.3/../../../../avr/lib/avr51\libc.a(eewr_byte_atmega128.o)
                              ioeeprom.o (__eewr_byte_m128)
c:/liteos/winavr2010/bin/../lib/gcc/avr/4.3.3/../../../../avr/lib/avr51\libc.a(eewr_word_atmega128.o)
                              ioeeprom.o (__eewr_word_m128)

Allocating common symbols
Common symbol       size              file

enabled             0x1               generictimer.o
tmp                 0x2               packethandler.o
hplcc2420fifom_txlength
                    0x1               hplcc2420fifom.o
TimerM_queue_tail   0x1               timerraw.o
TimerM_mState       0x4               timerraw.o
fidtable            0x14              fs_structure.o
shellbuffer         0x100             commandhandle.o
HPLCC2420M_ramlen   0x1               hplcc2420m.o
fp                  0x2               commandhandle.o
historyvalue        0x4               clockraw.o
radiosocketdata     0x7               socket.o
cc2420radiom_rxbufptr
                    0x2               cc2420radiom.o
TimerM_queue_size   0x1               timerraw.o
hplcc2420fifom_bSpiAvail
                    0x1               hplcc2420fifom.o
timestamp           0x4               eventlogger.o
cc2420controlm_state
                    0x1               cc2420controlm.o
old_stack_ptr       0x2               threadkernel.o
hplcc2420interruptm_FIFOWaitForState
                    0x1               hplcc2420interruptm.o
openedfile          0x2               commandhandle.o
br_state            0x1b              commandhandle.o
filenameid          0x11              nodeconfig.o
flag                0x1               libserial.o
position            0x2               filesocket.o
createthreadname    0xc               commandhandle.o
alcounter           0x4               hplcc2420interruptm.o
internaltracingblock
                    0xb               eventlogger.o
ahcounter           0x2               hplcc2420interruptm.o
HPLCC2420M_rambuf   0x2               hplcc2420m.o
current_thread      0x2               threadkernel.o
filehandle          0x2               filesocket.o
enabletracing       0x1               eventlogger.o
mythread            0x2               libradio.o
blinkbuffer         0x96              blink.o
CC2420_RFPOWER      0x1               cc2420controlm.o
filemodeaddr        0x5               filesocket.o
thread_table        0x4e              threadkernel.o
currentcounter      0x2               generictimer.o
filefp              0x2               blink.o
cc2420radiom_currentDSN
                    0x1               cc2420radiom.o
cc2420radiom_bPacketReceiving
                    0x1               cc2420radiom.o
lcounter            0x4               hpltimer1.o
CURRENT_NODE_ID     0x2               nodeconfig.o
highcounter         0x2               clockraw.o
cc2420radiom_RxBuf  0x74              cc2420radiom.o
filename            0xd               commandhandle.o
cc2420radiom_bAckEnable
                    0x1               cc2420radiom.o
cc2420radiom_countRetry
                    0x1               cc2420radiom.o
[...]
Memory Configuration

Name             Origin             Length             Attributes
text             0x00000000         0x00020000         xr
data             0x00800060         0x0000ffa0         rw !x
eeprom           0x00810000         0x00010000         rw !x
fuse             0x00820000         0x00000400         rw !x
lock             0x00830000         0x00000400         rw !x
signature        0x00840000         0x00000400         rw !x
*default*        0x00000000         0xffffffff

Linker script and memory map

Address of section .data set to 0x800100
LOAD c:/liteos/winavr2010/bin/../lib/gcc/avr/4.3.3/../../../../avr/lib/avr51/crtm128.o
Address of section .bootloader set to 0x1e000
Address of section .systemcall.1 set to 0x1d400
Address of section .systemcall.2 set to 0x1d500
Address of section .systemcall.3 set to 0x1d600
Address of section .systemcall.4 set to 0x1d700
Address of section .systemcall.5 set to 0x1d800
Address of section .systemcall.6 set to 0x1d900
Address of section .systemcall.7 set to 0x1da00
Address of section .systemcall.8 set to 0x1db00
Address of section .systemcall.9 set to 0x1dc00
Address of section .systemcall.10 set to 0x1dd00
Address of section .systemcall.11 set to 0x1de00
LOAD realmain.o
LOAD bootloader.o
LOAD nodeconfig.o
LOAD avrhardware.o
LOAD micazhardware.o
LOAD serialprint.o
LOAD stdserial.o
LOAD amradio.o
LOAD packethandler.o
LOAD cc2420controlm.o
LOAD cc2420radiom.o
LOAD hplcc2420fifom.o
LOAD hplcc2420interruptm.o
LOAD hplcc2420m.o
LOAD hpltimer1.o
LOAD scheduling.o
LOAD threaddata.o
LOAD threadkernel.o
LOAD threadtools.o
LOAD adcdriver.o
LOAD leds.o
LOAD sounder.o
LOAD bytestorage.o
LOAD ioeeprom.o
LOAD fs_structure.o
LOAD fsapi.o
LOAD fsconfig.o
LOAD fsstring.o
LOAD inode.o
LOAD stdfsa.o
LOAD vectorflash.o
LOAD vectornode.o
LOAD atmelflash.o
LOAD pagestorage.o
LOAD clockraw.o
LOAD generictimer.o
LOAD globaltiming.o
LOAD timerraw.o
LOAD byteorder.o
LOAD string.o
LOAD types.o
LOAD math.o
LOAD commandhandle.o
LOAD socket.o
LOAD adcsocket.o
LOAD eepromsocket.o
LOAD filesocket.o
LOAD radiocontrol.o
LOAD syscall.o
LOAD threadsyscall.o
LOAD eventlogger.o
LOAD libadc.o
LOAD libeeprom.o
LOAD libfile.o
LOAD libleds.o
LOAD libradio.o
LOAD libserial.o
LOAD libsounder.o
LOAD libstring.o
LOAD libsystem.o
LOAD libthread.o
LOAD libmutex.o
LOAD blink.o
LOAD c:/liteos/winavr2010/bin/../lib/gcc/avr/4.3.3/avr51\libgcc.a
LOAD c:/liteos/winavr2010/bin/../lib/gcc/avr/4.3.3/../../../../avr/lib/avr51\libc.a
LOAD c:/liteos/winavr2010/bin/../lib/gcc/avr/4.3.3/avr51\libgcc.a

.hash
 *(.hash)

.dynsym
 *(.dynsym)

.dynstr
 *(.dynstr)

.gnu.version
 *(.gnu.version)

.gnu.version_d
 *(.gnu.version_d)

.gnu.version_r
 *(.gnu.version_r)

.rel.init
 *(.rel.init)

.rela.init
 *(.rela.init)

.rel.text
 *(.rel.text)
 *(.rel.text.*)
 *(.rel.gnu.linkonce.t*)

.rela.text
 *(.rela.text)
 *(.rela.text.*)
 *(.rela.gnu.linkonce.t*)

.rel.fini
 *(.rel.fini)

.rela.fini
 *(.rela.fini)

.rel.rodata
 *(.rel.rodata)
 *(.rel.rodata.*)
 *(.rel.gnu.linkonce.r*)

.rela.rodata
 *(.rela.rodata)
 *(.rela.rodata.*)
 *(.rela.gnu.linkonce.r*)

.rel.data
 *(.rel.data)
 *(.rel.data.*)
 *(.rel.gnu.linkonce.d*)

.rela.data
 *(.rela.data)
 *(.rela.data.*)
 *(.rela.gnu.linkonce.d*)

.rel.ctors
 *(.rel.ctors)

.rela.ctors
 *(.rela.ctors)

.rel.dtors
 *(.rel.dtors)

.rela.dtors
 *(.rela.dtors)

.rel.got
 *(.rel.got)

.rela.got
 *(.rela.got)

.rel.bss
 *(.rel.bss)

.rela.bss
 *(.rela.bss)

.rel.plt
 *(.rel.plt)

.rela.plt
 *(.rela.plt)

.text           0x00000000     0xad42
 *(.vectors)
 .vectors       0x00000000       0x8c c:/liteos/winavr2010/bin/../lib/gcc/avr/4.3.3/../../../../avr/lib/avr51/crtm128.o
                0x00000000                __vectors
                0x00000000                __vector_default
 *(.vectors)
 *(.progmem.gcc*)
 .progmem.gcc_sw_table
                0x0000008c      0x130 commandhandle.o
 *(.progmem*)
                0x000001bc                . = ALIGN (0x2)
                0x000001bc                __trampolines_start = .
 *(.trampolines)
 .trampolines   0x000001bc        0x0 linker stubs
 *(.trampolines*)
                0x000001bc                __trampolines_end = .
 *(.jumptables)
 *(.jumptables*)
 *(.lowtext)
 *(.lowtext*)
                0x000001bc                __ctors_start = .
 *(.ctors)
                0x000001bc                __ctors_end = .
                0x000001bc                __dtors_start = .
 *(.dtors)
                0x000001bc                __dtors_end = .
 SORT(*)(.ctors)
 SORT(*)(.dtors)
 *(.init0)
 .init0         0x000001bc        0x0 c:/liteos/winavr2010/bin/../lib/gcc/avr/4.3.3/../../../../avr/lib/avr51/crtm128.o
                0x000001bc                __init
 *(.init0)
 *(.init1)
 *(.init1)
 *(.init2)
 .init2         0x000001bc        0xc c:/liteos/winavr2010/bin/../lib/gcc/avr/4.3.3/../../../../avr/lib/avr51/crtm128.o
 *(.init2)
 *(.init3)
 *(.init3)
 *(.init4)
 .init4         0x000001c8       0x1a c:/liteos/winavr2010/bin/../lib/gcc/avr/4.3.3/../../../../avr/lib/avr51/crtm128.o
                0x000001c8                __do_copy_data
 .init4         0x000001e2       0x10 c:/liteos/winavr2010/bin/../lib/gcc/avr/4.3.3/avr51\libgcc.a(_clear_bss.o)
                0x000001e2                __do_clear_bss
 *(.init4)
 *(.init5)
 *(.init5)
 *(.init6)
 *(.init6)
 *(.init7)
 *(.init7)
 *(.init8)
 *(.init8)
 *(.init9)
 .init9         0x000001f2        0x8 c:/liteos/winavr2010/bin/../lib/gcc/avr/4.3.3/../../../../avr/lib/avr51/crtm128.o
 *(.init9)
 *(.text)
 .text          0x000001fa        0x4 c:/liteos/winavr2010/bin/../lib/gcc/avr/4.3.3/../../../../avr/lib/avr51/crtm128.o
                0x000001fa                __vector_22
                0x000001fa                __vector_28
                0x000001fa                __vector_1
                0x000001fa                __vector_32
                0x000001fa                __vector_34
                0x000001fa                __vector_24
                0x000001fa                __bad_interrupt
                0x000001fa                __vector_6
                0x000001fa                __vector_31
                0x000001fa                __vector_3
                0x000001fa                __vector_23
                0x000001fa                __vector_30
                0x000001fa                __vector_25
                0x000001fa                __vector_13
                0x000001fa                __vector_17
                0x000001fa                __vector_19
                0x000001fa                __vector_27
                0x000001fa                __vector_5
                0x000001fa                __vector_33
                0x000001fa                __vector_4
                0x000001fa                __vector_9
                0x000001fa                __vector_2
                0x000001fa                __vector_29
                0x000001fa                __vector_8
                0x000001fa                __vector_14
                0x000001fa                __vector_10
                0x000001fa                __vector_16
                0x000001fa                __vector_20
 .text          0x000001fe      0x266 realmain.o
                0x000001fe                main
                0x0000040c                initCommandReceived
 .text          0x00000464        0x0 bootloader.o
 .text          0x00000464       0x48 nodeconfig.o
                0x00000496                node_readnodeid
                0x00000474                node_readinitstatus
                0x0000048a                node_setinitstatus
                0x000004a0                node_writenodeid
                0x0000047e                node_setradiochannel
                0x00000464                node_readnodestring
                0x0000046a                node_getradiochannel
 .text          0x000004ac      0x610 avrhardware.o
                0x000005ac                LITE_MAKE_BAT_MON_OUTPUT
                0x000006d0                LITE_CLR_INT2_PIN
                0x00000930                LITE_SET_UART_XCK0_PIN
                0x00000914                LITE_CLR_UART_TXD0_PIN
                0x00000560                LITE_SET_SERIAL_ID_PIN
                0x00000938                LITE_READ_UART_XCK0_PIN
                0x000006a0                LITE_SET_INT1_PIN
                0x000007ca                LITE_CLR_PW2_PIN
                0x00000508                LITE_READ_RED_LED_PIN
                0x00000974                LITE_MAKE_AC_NEG_OUTPUT
                0x0000080e                LITE_MAKE_PW3_INPUT
                0x000004c4                _avr_disable_interrupt
                0x000007a2                LITE_MAKE_PW0_INPUT
                0x000008b0                LITE_MAKE_PW7_OUTPUT
                0x00000716                LITE_MAKE_INT3_OUTPUT
                0x0000069c                LITE_MAKE_INT0_INPUT
                0x00000544                LITE_SET_YELLOW_LED_PIN
                0x00000a3a                LITE_CLR_TEMP_CTL_PIN
                0x00000984                LITE_READ_UART_RXD1_PIN
                0x000007be                LITE_MAKE_PW1_OUTPUT
                0x00000998                LITE_MAKE_UART_RXD1_OUTPUT
                0x00000980                LITE_CLR_UART_RXD1_PIN
                0x00000a90                LITE_MAKE_MIC_MUX_SEL_OUTPUT
                0x00000a12                LITE_CLR_PHOTO_CTL_PIN
                0x000006fe                LITE_CLR_INT3_PIN
                0x00000910                LITE_SET_UART_TXD0_PIN
                0x00000832                LITE_MAKE_PW4_OUTPUT
                0x00000a36                LITE_SET_TEMP_CTL_PIN
                0x0000080a                LITE_MAKE_PW3_OUTPUT
                0x00000a0a                LITE_MAKE_TONE_DECODE_SIGNAL_INPUT
                0x00000670                LITE_MAKE_FLASH_IN_OUTPUT
                0x0000071e                LITE_SET_MOSI_PIN
                0x00000894                LITE_SET_PW7_PIN
                0x0000053c                LITE_MAKE_GREEN_LED_OUTPUT
                0x00000766                LITE_MAKE_MISO_INPUT
                0x00000842                LITE_READ_PW5_PIN
                0x000005d4                LITE_MAKE_THERM_PWR_INPUT
                0x000008b4                LITE_MAKE_PW7_INPUT
                0x00000634                LITE_READ_FLASH_OUT_PIN
                0x00000674                LITE_MAKE_FLASH_IN_INPUT
                0x000005d0                LITE_MAKE_THERM_PWR_OUTPUT
                0x000008dc                LITE_READ_I2C_BUS1_SDA_PIN
                0x000007c6                LITE_SET_PW2_PIN
                0x0000083e                LITE_CLR_PW5_PIN
                0x00000918                LITE_READ_UART_TXD0_PIN
                0x000009f0                LITE_MAKE_UART_XCK1_INPUT
                0x0000073e                LITE_MAKE_MOSI_INPUT
                0x00000a58                LITE_MAKE_TEMP_CTL_OUTPUT
                0x000004bc                _avr_sleep
                0x0000051c                LITE_MAKE_RED_LED_OUTPUT
                0x000008c0                LITE_READ_I2C_BUS1_SCL_PIN
                0x000004c8                _atomic_start_avr
                0x000009f8                LITE_CLR_TONE_DECODE_SIGNAL_PIN
                0x00000600                LITE_SET_FLASH_CLK_PIN
                0x00000a2e                LITE_MAKE_PHOTO_CTL_OUTPUT
                0x0000058c                LITE_CLR_BAT_MON_PIN
                0x000006f6                LITE_MAKE_INT2_INPUT
                0x00000590                LITE_READ_BAT_MON_PIN
                0x000009d0                LITE_READ_UART_XCK1_PIN
                0x00000628                LITE_MAKE_FLASH_CLK_INPUT
                0x00000934                LITE_CLR_UART_XCK0_PIN
                0x0000076e                LITE_CLR_SPI_SCK_PIN
                0x00000558                LITE_MAKE_YELLOW_LED_OUTPUT
                0x00000742                LITE_SET_MISO_PIN
                0x00000624                LITE_MAKE_FLASH_CLK_OUTPUT
                0x0000094c                LITE_MAKE_UART_XCK0_OUTPUT
                0x0000088c                LITE_MAKE_PW6_OUTPUT
                0x00000588                LITE_SET_BAT_MON_PIN
                0x000009ec                LITE_MAKE_UART_XCK1_OUTPUT
                0x0000099c                LITE_MAKE_UART_RXD1_INPUT
                0x0000086e                LITE_READ_PW6_PIN
                0x00000a0e                LITE_SET_PHOTO_CTL_PIN
                0x000009fc                LITE_READ_TONE_DECODE_SIGNAL_PIN
                0x0000064c                LITE_MAKE_FLASH_OUT_OUTPUT
                0x00000a88                LITE_SET_MIC_MUX_SEL_PIN
                0x00000524                LITE_SET_GREEN_LED_PIN
                0x000007aa                LITE_CLR_PW1_PIN
                0x00000a7e                LITE_SET_MAG_CTL_PIN
                0x0000076a                LITE_SET_SPI_SCK_PIN
                0x00000a92                LITE_SET_PIN_DIRECTIONS
                0x0000081a                LITE_READ_PW4_PIN
                0x000009a4                LITE_CLR_UART_TXD1_PIN
                0x00000580                LITE_MAKE_SERIAL_ID_OUTPUT
                0x000009c4                LITE_MAKE_UART_TXD1_INPUT
                0x00000978                LITE_MAKE_AC_NEG_INPUT
                0x00000604                LITE_CLR_FLASH_CLK_PIN
                0x000008f4                LITE_SET_UART_RXD0_PIN
                0x000006fa                LITE_SET_INT3_PIN
                0x00000a82                LITE_CLR_MAG_CTL_PIN
                0x00000a74                LITE_SET_ACCEL_CTL_PIN
                0x0000065c                LITE_READ_FLASH_IN_PIN
                0x0000090c                LITE_MAKE_UART_RXD0_INPUT
                0x000005b8                LITE_CLR_THERM_PWR_PIN
                0x00000a7c                LITE_MAKE_ACCEL_CTL_OUTPUT
                0x00000928                LITE_MAKE_UART_TXD0_OUTPUT
                0x00000786                LITE_MAKE_SPI_SCK_INPUT
                0x0000086a                LITE_CLR_PW6_PIN
                0x000005b0                LITE_MAKE_BAT_MON_INPUT
                0x00000678                LITE_SET_INT0_PIN
                0x000008fc                LITE_READ_UART_RXD0_PIN
                0x00000584                LITE_MAKE_SERIAL_ID_INPUT
                0x000004c0                _avr_enable_interrupt
                0x000009a0                LITE_SET_UART_TXD1_PIN
                0x000006c8                LITE_MAKE_INT1_INPUT
                0x00000564                LITE_CLR_SERIAL_ID_PIN
                0x000005fc                LITE_MAKE_FLASH_SELECT_INPUT
                0x0000095c                LITE_READ_AC_NEG_PIN
                0x00000866                LITE_SET_PW6_PIN
                0x000005bc                LITE_READ_THERM_PWR_PIN
                0x000008d8                LITE_CLR_I2C_BUS1_SDA_PIN
                0x000006d4                LITE_READ_INT2_PIN
                0x00000702                LITE_READ_INT3_PIN
                0x000005e0                LITE_READ_FLASH_SELECT_PIN
                0x00000954                LITE_SET_AC_NEG_PIN
                0x000008b8                LITE_SET_I2C_BUS1_SCL_PIN
                0x000009f4                LITE_SET_TONE_DECODE_SIGNAL_PIN
                0x00000a78                LITE_CLR_ACCEL_CTL_PIN
                0x00000958                LITE_CLR_AC_NEG_PIN
                0x00000908                LITE_MAKE_UART_RXD0_OUTPUT
                0x000004e0                LITE_uwait
                0x000005f8                LITE_MAKE_FLASH_SELECT_OUTPUT
                0x00000a32                LITE_MAKE_PHOTO_CTL_INPUT
                0x00000950                LITE_MAKE_UART_XCK0_INPUT
                0x000007ae                LITE_READ_PW1_PIN
                0x000007ea                LITE_SET_PW3_PIN
                0x0000055c                LITE_MAKE_YELLOW_LED_INPUT
                0x00000772                LITE_READ_SPI_SCK_PIN
                0x00000650                LITE_MAKE_FLASH_OUT_INPUT
                0x000007f2                LITE_READ_PW3_PIN
                0x000009cc                LITE_CLR_UART_XCK1_PIN
                0x000004da                LITE_wait_250ns
                0x000007ee                LITE_CLR_PW3_PIN
                0x00000a6e                LITE_CLR_SOUNDER_CTL_PIN
                0x0000062c                LITE_SET_FLASH_OUT_PIN
                0x000008cc                LITE_MAKE_I2C_BUS1_SCL_OUTPUT
                0x00000504                LITE_CLR_RED_LED_PIN
                0x000008f0                LITE_MAKE_I2C_BUS1_SDA_INPUT
                0x00000528                LITE_CLR_GREEN_LED_PIN
                0x000009c8                LITE_SET_UART_XCK1_PIN
                0x000008ec                LITE_MAKE_I2C_BUS1_SDA_OUTPUT
                0x0000079e                LITE_MAKE_PW0_OUTPUT
                0x00000568                LITE_READ_SERIAL_ID_PIN
                0x000008d4                LITE_SET_I2C_BUS1_SDA_PIN
                0x000005dc                LITE_CLR_FLASH_SELECT_PIN
                0x00000a5c                LITE_MAKE_TEMP_CTL_INPUT
                0x0000092c                LITE_MAKE_UART_TXD0_INPUT
                0x00000a3e                LITE_READ_TEMP_CTL_PIN
                0x00000816                LITE_CLR_PW4_PIN
                0x00000812                LITE_SET_PW4_PIN
                0x000004b2                _atomic_sleep
                0x00000a16                LITE_READ_PHOTO_CTL_PIN
                0x00000862                LITE_MAKE_PW5_INPUT
                0x00000654                LITE_SET_FLASH_IN_PIN
                0x000007e2                LITE_MAKE_PW2_OUTPUT
                0x00000540                LITE_MAKE_GREEN_LED_INPUT
                0x00000630                LITE_CLR_FLASH_OUT_PIN
                0x000006c4                LITE_MAKE_INT1_OUTPUT
                0x0000071a                LITE_MAKE_INT3_INPUT
                0x0000083a                LITE_SET_PW5_PIN
                0x000006cc                LITE_SET_INT2_PIN
                0x0000097c                LITE_SET_UART_RXD1_PIN
                0x000005d8                LITE_SET_FLASH_SELECT_PIN
                0x000009a8                LITE_READ_UART_TXD1_PIN
                0x00000a8c                LITE_CLR_MIC_MUX_SEL_PIN
                0x00000890                LITE_MAKE_PW6_INPUT
                0x000006a8                LITE_READ_INT1_PIN
                0x000006f2                LITE_MAKE_INT2_OUTPUT
                0x000008d0                LITE_MAKE_I2C_BUS1_SCL_INPUT
                0x00000608                LITE_READ_FLASH_CLK_PIN
                0x00000a06                LITE_MAKE_TONE_DECODE_SIGNAL_OUTPUT
                0x00000726                LITE_READ_MOSI_PIN
                0x0000089c                LITE_READ_PW7_PIN
                0x0000078a                LITE_SET_PW0_PIN
                0x000008bc                LITE_CLR_I2C_BUS1_SCL_PIN
                0x000007e6                LITE_MAKE_PW2_INPUT
                0x000007ce                LITE_READ_PW2_PIN
                0x0000073a                LITE_MAKE_MOSI_OUTPUT
                0x00000a68                LITE_MAKE_MIC_CTL_OUTPUT
                0x00000698                LITE_MAKE_INT0_OUTPUT
                0x00000722                LITE_CLR_MOSI_PIN
                0x00000500                LITE_SET_RED_LED_PIN
                0x000009c0                LITE_MAKE_UART_TXD1_OUTPUT
                0x0000052c                LITE_READ_GREEN_LED_PIN
                0x00000792                LITE_READ_PW0_PIN
                0x000004ce                _atomic_end_avr
                0x00000a72                LITE_MAKE_SOUNDER_CTL_OUTPUT
                0x000007a6                LITE_SET_PW1_PIN
                0x00000a86                LITE_MAKE_MAG_CTL_OUTPUT
                0x000005b4                LITE_SET_THERM_PWR_PIN
                0x000004ac                wait_cycle
                0x00000762                LITE_MAKE_MISO_OUTPUT
                0x0000074a                LITE_READ_MISO_PIN
                0x00000746                LITE_CLR_MISO_PIN
                0x00000a60                LITE_SET_MIC_CTL_PIN
                0x0000085e                LITE_MAKE_PW5_OUTPUT
                0x00000658                LITE_CLR_FLASH_IN_PIN
                0x00000a64                LITE_CLR_MIC_CTL_PIN
                0x000004d2                avr_resetNode
                0x00000898                LITE_CLR_PW7_PIN
                0x0000067c                LITE_CLR_INT0_PIN
                0x00000a6a                LITE_SET_SOUNDER_CTL_PIN
                0x0000078e                LITE_CLR_PW0_PIN
                0x00000548                LITE_CLR_YELLOW_LED_PIN
                0x00000520                LITE_MAKE_RED_LED_INPUT
                0x0000054c                LITE_READ_YELLOW_LED_PIN
                0x000008f8                LITE_CLR_UART_RXD0_PIN
                0x00000836                LITE_MAKE_PW4_INPUT
                0x000006a4                LITE_CLR_INT1_PIN
                0x000007c2                LITE_MAKE_PW1_INPUT
                0x00000782                LITE_MAKE_SPI_SCK_OUTPUT
                0x00000680                LITE_READ_INT0_PIN
 .text          0x00000abc      0x1b2 micazhardware.o
                0x00000abc                CC2420_FIFOP_INT_MODE
                0x00000b84                LITE_MAKE_CC_FIFOP1_OUTPUT
                0x00000c50                setCC2420Pins
                0x00000ade                LITE_READ_CC_RSTN_PIN
                0x00000bc2                LITE_READ_CC_SFD_PIN
                0x00000b56                LITE_MAKE_CC_FIFOP_OUTPUT
                0x00000bde                LITE_MAKE_CC_SFD_INPUT
                0x00000ad6                LITE_SET_CC_RSTN_PIN
                0x00000be6                LITE_CLR_CC_CS_PIN
                0x00000b5a                LITE_MAKE_CC_FIFOP_INPUT
                0x00000be2                LITE_SET_CC_CS_PIN
                0x00000b94                LITE_READ_CC_CCA_PIN
                0x00000bfe                LITE_SET_CC_FIFO_PIN
                0x00000b88                LITE_MAKE_CC_FIFOP1_INPUT
                0x00000b08                LITE_CLR_CC_VREN_PIN
                0x00000c1e                LITE_MAKE_CC_FIFO_INPUT
                0x00000b8c                LITE_SET_CC_CCA_PIN
                0x00000bb6                LITE_MAKE_CC_CCA_INPUT
                0x00000bda                LITE_MAKE_CC_SFD_OUTPUT
                0x00000bbe                LITE_CLR_CC_SFD_PIN
                0x00000b38                LITE_READ_CC_FIFOP_PIN
                0x00000b30                LITE_SET_CC_FIFOP_PIN
                0x00000b5e                LITE_SET_CC_FIFOP1_PIN
                0x00000c06                LITE_READ_CC_FIFO_PIN
                0x00000c26                LITE_CLR_RADIO_CCA_PIN
                0x00000c48                LITE_MAKE_RADIO_CCA_OUTPUT
                0x00000b00                LITE_MAKE_CC_RSTN_INPUT
                0x00000ada                LITE_CLR_CC_RSTN_PIN
                0x00000bf6                LITE_MAKE_CC_CS_OUTPUT
                0x00000b90                LITE_CLR_CC_CCA_PIN
                0x00000c4c                LITE_MAKE_RADIO_CCA_INPUT
                0x00000b28                LITE_MAKE_CC_VREN_OUTPUT
                0x00000b66                LITE_READ_CC_FIFOP1_PIN
                0x00000bfa                LITE_MAKE_CC_CS_INPUT
                0x00000b34                LITE_CLR_CC_FIFOP_PIN
                0x00000bb2                LITE_MAKE_CC_CCA_OUTPUT
                0x00000bba                LITE_SET_CC_SFD_PIN
                0x00000bea                LITE_READ_CC_CS_PIN
                0x00000c02                LITE_CLR_CC_FIFO_PIN
                0x00000b0c                LITE_READ_CC_VREN_PIN
                0x00000c2a                LITE_READ_RADIO_CCA_PIN
                0x00000c1a                LITE_MAKE_CC_FIFO_OUTPUT
                0x00000c22                LITE_SET_RADIO_CCA_PIN
                0x00000b04                LITE_SET_CC_VREN_PIN
                0x00000afc                LITE_MAKE_CC_RSTN_OUTPUT
                0x00000b2c                LITE_MAKE_CC_VREN_INPUT
                0x00000b62                LITE_CLR_CC_FIFOP1_PIN
 .text          0x00000c6e      0x408 serialprint.o
                0x00000c6e                initUSART
                0x00000cd0                printString
                0x00000e08                printIntegerU32
                0x00000e32                printStringLn
                0x00000d68                usartPutChipHex
                0x00000d7c                usartPutLong2
                0x00000dce                printInteger32
                0x00000cb4                usartPrint_base
                0x00000d3c                printStringN_base
                0x00000cfa                printStringN
                0x00000e98                printInteger
                0x00000e52                usartPutLong
                0x00000c98                usartPrint
                0x00000db6                usartPutHex
                0x00000f34                __vector_18
 .text          0x00001076       0xfa stdserial.o
                0x000010e6                printfinteger32
                0x00001076                printfintegeru32
                0x00001124                printfval
                0x0000115a                printfstrln
                0x00001130                printfstrlen
                0x000010b4                printfstr
                0x0000112a                printfstrlen_base
 .text          0x00001170      0x1e6 amradio.o
                0x00001190                AMStandard_reportSendDone
                0x00001288                AMStandard_Control_start
                0x00001180                AMStandard_ReceiveMsg_default_receive
                0x000012ac                AMStandard_RadioSend_send
                0x00001174                AMStandard_SendMsg_sendDone
                0x0000117c                AMStandard_sendDone
                0x00001184                AMStandard_ReceiveMsg_receive
                0x00001178                AMStandard_default_sendDone
                0x00001282                AMStandard_RadioControl_start
                0x000012c6                AMStandard_sendTask
                0x00001170                AMStandard_SendMsg_default_sendDone
                0x00001188                AMStandard_RadioSend_sendDone
                0x000012ee                AMStandard_RadioReceive_receive
                0x00001292                AMStandard_Control_init
                0x0000120a                AMStandard_SendMsg_send
                0x00001198                restoreRadioState
                0x000011a2                received
 .text          0x00001356      0x226 packethandler.o
                0x0000136c                registerEvent
                0x0000146e                Standard_Receive_Packet
                0x0000143e                deleteThreadRegistrationInReceiverHandles
                0x00001356                initRadioHandle
                0x000013f8                deRegisterEvent
 .text          0x0000157c      0x524 cc2420controlm.o
                0x0000195c                cc2420controlm_PostOscillatorOn
                0x000017da                cc2420controlm_SplitControl_start
                0x0000171a                cc2420controlm_CC2420Control_TuneManual
                0x00001788                cc2420controlm_CC2420Control_OscillatorOn
                0x000015a4                cc2420controlm_CC2420Control_setShortAddress
                0x00001756                cc2420controlm_SplitControl_initDone
                0x00001838                cc2420controlm_SplitControl_init
                0x00001604                cc2420controlm_SetRegs
                0x0000174c                cc2420controlm_CC2420Control_RxMode
                0x00001598                cc2420controlm_HPLChipcon_read
                0x00001782                cc2420controlm_CCA_startWait
                0x000017a2                cc2420controlm_CC2420Control_TuneChannel
                0x000016e2                cc2420controlm_CC2420Control_TunePower
                0x000015e6                cc2420controlm_CCA_fired
                0x0000159e                cc2420controlm_HPLChipconRAM_write
                0x00001762                cc2420controlm_CC2420Control_VREFOff
                0x000015d4                cc2420controlm_SplitControl_startDone
                0x000015e0                cc2420controlm_HPLChipcon_write
                0x0000175c                cc2420controlm_taskInitDone
                0x0000157c                cc2420controlm_HPLChipconRAM_writeDone
                0x00001580                cc2420controlm_HPLChipconControl_init
                0x000015fe                cc2420controlm_HPLChipcon_cmd
                0x000015da                cc2420controlm_HPLChipconControl_start
                0x00001772                cc2420controlm_CC2420Control_VREFOn
 .text          0x00001aa0      0x892 cc2420radiom.o
                0x00001c52                cc2420radiom_SplitControl_start
                0x00002030                cc2420radiom_FIFOP_fired
                0x00001c10                cc2420radiom_CC2420SplitControl_startDone
                0x00001fbe                cc2420radiom_HPLChipconFIFO_TXFIFODone
                0x00001aa8                cc2420radiom_SplitControl_default_startDone
                0x00001ab0                cc2420radiom_SplitControl_initDone
                0x00001b70                cc2420radiom_PacketRcvd
                0x000021e6                cc2420radiom_delayedRXFIFO
                0x0000228c                cc2420radiom_delayedRXFIFOtask
                0x00001b08                cc2420radiom_Send_sendDone
                0x00001aac                cc2420radiom_SplitControl_startDone
                0x00001b64                cc2420radiom_HPLChipconFIFO_readRXFIFO
                0x00001bce                cc2420radiom_FIFOP_startWait
                0x00001ab4                restorecc2420state
                0x000020b6                cc2420radiom_HPLChipconFIFO_RXFIFODone
                0x00001bc8                cc2420radiom_CC2420Control_RxMode
                0x00001aa4                cc2420radiom_CC2420SplitControl_initDone
                0x00001b0e                cc2420radiom_sendFailed
                0x00001d10                cc2420radiom_SFD_captured
                0x00001c4c                cc2420radiom_CC2420SplitControl_start
                0x00001ccc                cc2420radiom_sendPacket
                0x00001aa0                cc2420radiom_SplitControl_default_initDone
                0x00001bd4                cc2420radiom_HPLChipconFIFO_writeTXFIFO
                0x00001b02                cc2420radiom_SFD_disable
                0x00001c8e                cc2420radiom_SplitControl_init
                0x00001e80                cc2420radiom_Send_send
                0x00001be0                cc2420radiom_flushRXFIFO
                0x00001b6a                cc2420radiom_Receive_receive
                0x00001dbc                cc2420radiom_startSend
                0x00001e2a                cc2420radiom_startRadio
                0x00001bbc                cc2420radiom_FIFOP_disable
                0x00001f4e                cc2420radiom_tryToSend
                0x00001c0a                cc2420radiom_SFD_enableCapture
                0x00001abc                cc2420radiom_StdControl_start
                0x00001b34                cc2420radiom_PacketSent
                0x00001bc2                cc2420radiom_HPLChipcon_read
                0x00001bda                cc2420radiom_HPLChipcon_cmd
 .text          0x00002332      0x218 hplcc2420fifom.o
                0x000024e8                hplcc2420fifom_signalRXdone
                0x0000251c                hplcc2420fifom_signalTXdone
                0x00002422                hplcc2420fifom_HPLCC2420FIFO_writeTXFIFO
                0x00002332                hplcc2420fifom_HPLCC2420FIFO_readRXFIFO
                0x00002516                hplcc2420fifom_HPLCC2420FIFO_TXFIFODone
                0x000024e2                hplcc2420fifom_HPLCC2420FIFO_RXFIFODone
 .text          0x0000254a      0x234 hplcc2420interruptm.o
                0x0000261e                hplcc2420interruptm_CCA_fired
                0x000025d2                hplcc2420interruptm_CCATimer_start
                0x00002690                hplcc2420interruptm_FIFOP_fired
                0x000025a6                hplcc2420interruptm_SFD_enableCapture
                0x0000255c                hplcc2420interruptm_SFDCapture_isOverflowPending
                0x00002582                hplcc2420interruptm_SFDCapture_captured
                0x0000256e                hplcc2420interruptm_SFD_disable
                0x000026bc                __vector_7
                0x000025f2                hplcc2420interruptm_CCA_startWait
                0x00002696                hplcc2420interruptm_FIFOP_startWait
                0x000025a0                hplcc2420interruptm_SFDCapture_enableEvents
                0x00002624                hplcc2420interruptm_CCATimer_fired
                0x000025e2                hplcc2420interruptm_FIFOTimer_start
                0x00002562                hplcc2420interruptm_SFD_captured
                0x00002568                hplcc2420interruptm_SFDCapture_disableEvents
                0x00002660                hplcc2420interruptm_FIFOTimer_fired
                0x00002558                hplcc2420interruptm_FIFO_fired
                0x0000257c                hplcc2420interruptm_SFDCapture_clearOverflow
                0x0000254a                hplcc2420interruptm_FIFOP_disable
                0x00002576                hplcc2420interruptm_SFDCapture_setEdge
                0x00002554                hplcc2420interruptm_FIFO_default_fired
 .text          0x0000277e      0x20c hplcc2420m.o
                0x0000290e                HPLCC2420M_HPLCC2420RAM_writeDone
                0x00002800                HPLCC2420M_HPLCC2420_write
                0x000027d6                HPLCC2420M_HPLCC2420_cmd
                0x00002854                HPLCC2420M_HPLCC2420RAM_write
                0x0000277e                HPLCC2420M_HPLCC2420_read
                0x0000292e                HPLCC2420M_StdControl_init
                0x00002914                HPLCC2420M_signalRAMWr
 .text          0x0000298a      0x332 hpltimer1.o
                0x00002c68                HPLTimer1M_StdControl_start
                0x0000298a                HPLTimer1M_CaptureT1_enableEvents
                0x000029e2                __vector_12
                0x00002b46                __vector_11
                0x0000299e                HPLTimer1M_CaptureT1_clearOverflow
                0x00002b22                HPLTimer1M_StdControl_init
                0x00002ac6                HPLTimer1M_CaptureT1_getEvent
                0x00002ade                HPLTimer1M_Timer1_setRate
                0x00002c1e                HPLTimer1M_StdControl_stop
                0x00002b40                HPLTimer1M_CaptureT1_captured
                0x000029b8                HPLTimer1M_Timer1_fire
                0x000029b4                HPLTimer1M_Timer1_default_fire
                0x000029a6                HPLTimer1M_CaptureT1_disableEvents
                0x000029c2                HPLTimer1M_CaptureT1_setEdge
                0x000029bc                HPLTimer1M_CaptureT1_isOverflowPending
 .text          0x00002cbc      0x136 scheduling.o
                0x00002ce0                postTask
                0x00002cbc                initScheduling
                0x00002d4c                runNextTask
 .text          0x00002df2        0x6 threaddata.o
                0x00002df2                call_fcn_ptr
 .text          0x00002df8      0x810 threadkernel.o
                0x00002df8                is_thread
                0x00002e3e                lite_switch_to_user_thread
                0x000033d6                thread_init
                0x00003230                thread_func_dispatcher
                0x00003076                thread_get_next
                0x00003024                thread_wakeup
                0x00002fbc                break_point_function
                0x00003244                create_thread
                0x000031c6                destroy_user_thread
                0x00002ee8                thread_yield
                0x0000300a                postNewThreadTask
                0x0000341c                thread_task
                0x00002f92                sleepThread
                0x00002e12                setThreadTerminateFunction
 .text          0x00003608      0x1ee threadtools.o
                0x0000373a                getThreadIndexAddress
                0x00003734                getKernelStackAddress
                0x00003608                memory_conflict_detect
                0x000036c6                check_for_memory_corrupt
                0x00003770                barrier_unblock
                0x000037d6                ServiceTimerFired
 .text          0x000037f6       0xc6 adcdriver.o
                0x00003848                get_light
                0x00003874                get_magx
                0x00003816                get_adc
                0x00003898                get_accx
                0x000037f6                __vector_21
                0x0000385e                get_temp
                0x000038aa                get_accy
                0x0000380e                adcdriver_init_adc
                0x00003886                get_magy
 .text          0x000038bc      0x172 leds.o
                0x00003928                Leds_greenOff
                0x000038bc                Leds_yellowOff
                0x00003968                Leds_greenToggle
                0x000038dc                Leds_yellowOn
                0x000038fc                Leds_yellowToggle
                0x00003994                Leds_redOff
                0x00003a00                Leds_Leds
                0x00003948                Leds_greenOn
                0x000039b4                Leds_redOn
                0x000039d4                Leds_redToggle
 .text          0x00003a2e       0x4a sounder.o
                0x00003a5e                sounderOn
                0x00003a44                sounderOff
                0x00003a2e                sounder_init
 .text          0x00003a78       0x5a bytestorage.o
                0x00003aba                read8uint
                0x00003aa2                read32uint
                0x00003ab4                read8int
                0x00003a7e                write32uint
                0x00003ac6                genericwriteBytes
                0x00003a90                write8int
                0x00003ac0                initBytes
                0x00003acc                genericreadBytes
                0x00003aa8                read16int
                0x00003a96                write8uint
                0x00003a9c                read32int
                0x00003a78                write32int
                0x00003aae                read16uint
                0x00003a8a                write16uint
                0x00003a84                write16int
 .text          0x00003ad2      0x3d0 ioeeprom.o
                0x00003c08                eeprom_read32int
                0x00003b96                eeprom_write16int
                0x00003ad2                eeprom_write32int
                0x00003c84                eeprom_read32uint
                0x00003d58                eeprom_write8int
                0x00003d92                eeprom_write8uint
                0x00003e7a                eeprom_writeBytes
                0x00003e8e                eeprom_readBytes
                0x00003cea                eeprom_read16int
                0x00003bd6                eeprom_write16uint
                0x00003e12                eeprom_read8int
                0x00003e4c                eeprom_read8uint
                0x00003b46                eeprom_write32uint
                0x00003dc0                eeprom_initBytes
                0x00003d2a                eeprom_read16uint
 .text          0x00003ea2       0xc4 fs_structure.o
                0x00003f40                releaseAllFid
                0x00003f20                releaseFid
                0x00003ea2                initFidTable
                0x00003eac                getFreeFid
                0x00003f4a                checkFsValid
 .text          0x00003f66      0xbf4 fsapi.o
                0x0000479a                fread2
                0x00004318                fchangedir
                0x0000433a                fcopy
                0x00004134                formatSystem
                0x00004034                fdirnode
                0x000041dc                fcurrentdir
                0x00004a78                fclose2
                0x000049f2                fcheckStorageAllocation
                0x0000451c                fwrite2
                0x0000413a                fsearch
                0x0000418c                finfonode
                0x000049f8                fcheckFSAllocation
                0x00004a1e                fcreatedir2
                0x0000445a                fmove
                0x000049fe                fdelete2
                0x00004a84                fopen2
                0x000049ca                fsprintall
                0x000042e0                fexist2
                0x00003f66                fseek2
 .text          0x00004b5a      0x1a2 fsconfig.o
                0x00004b5a                fsinitBytes
                0x00004bf0                fswrite16int
                0x00004ce2                fsread8uint
                0x00004cc8                fsread8int
                0x00004c94                fsread16int
                0x00004bb4                fswrite32int
                0x00004c60                fsread32int
                0x00004b78                fswriteBytes
                0x00004c7a                fsread32uint
                0x00004b96                fsreadBytes
                0x00004c28                fswrite8int
                0x00004c44                fswrite8uint
                0x00004cae                fsread16uint
                0x00004c0c                fswrite16uint
                0x00004bd2                fswrite32uint
 .text          0x00004cfc       0xd8 fsstring.o
                0x00004d94                extractLastName
                0x00004cfc                extractString
                0x00004d3a                fileMode
 .text          0x00004dd4      0x584 inode.o
                0x00005210                buildNewNode
                0x00004f64                copyVectorPage
                0x000051d8                formatFSLite
                0x00004e10                printNode
                0x00004dd4                checkNodeValid
                0x00005340                buildRootNode
                0x00004ffc                deleteNode
                0x00004ec0                inodeMatch
                0x000051e2                formatFS
                0x00004fc0                copyVectorNode
 .text          0x00005358      0x6e4 stdfsa.o
                0x000055ae                openFile
                0x000053e0                getParentDirectory
                0x0000570e                existBlockAddr
                0x0000545c                removeChildNode
                0x00005362                setPwd
                0x000054a2                addChildNode
                0x00005776                createFileFromDirectory
                0x0000582e                existBlock
                0x000053ec                getName
                0x00005892                changeDirectory
                0x0000569a                checkName
                0x00005682                isDirectory
                0x0000557c                freeBlocks
                0x0000542e                fullBlock
                0x0000536c                getRealSector
                0x00005358                getPwd
                0x000058e2                locateFileName
                0x0000539e                emptyDirectory
                0x000057d2                createDir
                0x000054e8                newSector
 .text          0x00005a3c      0x1fe vectorflash.o
                0x00005b3c                releaseFlashPage
                0x00005ae2                initVectorFlash
                0x00005c16                readVectorFlashFromExternalStorage
                0x00005c28                writeVectorFlashToExternalStorage
                0x00005b9c                scanVectorFlash
                0x00005af2                getFlashPage
                0x00005b50                countVectorFlash
                0x00005b9a                printVectorFlash
 .text          0x00005c3a      0x1d4 vectornode.o
                0x00005c7a                setbit
                0x00005dfc                writeVectorNodeToExternalStorage
                0x00005ce0                initVectorNode
                0x00005cf0                getVectorNode
                0x00005dea                readVectorNodeFromExternalStorage
                0x00005d4c                countVectorNode
                0x00005d92                scanVectorNode
                0x00005c3a                getbit
                0x00005d38                releaseVectorNode
 .text          0x00005e0e      0xc48 atmelflash.o
                0x000064e0                copyFlash
                0x00005ef6                atmel_flash_pagesize
                0x00005e0e                atmel_flash_init
                0x00005efc                atmel_flash_pagenumber
                0x000062dc                atmel_flash_compare
                0x00006714                writeFlash
                0x0000695a                readFlash
                0x00006056                atmel_flash_crc
 .text          0x00006a56       0x24 pagestorage.o
                0x00006a5c                writepagestorage
                0x00006a74                getpagesize
                0x00006a56                copyPage
                0x00006a62                readpagestorage
                0x00006a68                pagestorageinit
                0x00006a6e                getpagenumber
 .text          0x00006a7a      0x2e2 clockraw.o
                0x00006ba2                HPLClock_Clock_setInterval
                0x00006c38                HPLClock_Clock_setRate
                0x00006b9e                HPLClock_Clock_getInterval
                0x00006adc                HPLClock_Timer3_Stop
                0x00006c72                HPLClock_Clock_fire
                0x00006b9a                HPLClock_Clock_readCounter
                0x00006c78                __vector_15
                0x00006ba6                __vector_26
                0x00006a7a                HPLClock_Timer3_Start
                0x00006af4                HPLClock_readTimeCounterLow
                0x00006ae8                HPLClock_readTimeCounterHigh
 .text          0x00006d5c      0x19e generictimer.o
                0x00006e96                GenericTimerStart
                0x00006d78                GenericTimerFired
                0x00006d5c                timercallbackinvoke
                0x00006e9c                setTimerCallBackFunction
                0x00006e90                GenericTimerStop
                0x00006ed0                GenericTimerInit
 .text          0x00006efa       0xbc globaltiming.o
                0x00006f12                getCurrentCounterHigh
                0x00006efa                GenericTimingStop
                0x00006f00                GenericTimingStart
                0x00006f0c                getCurrentResolution
                0x00006f18                getCurrentTimeStamp
 .text          0x00006fb6      0x590 timerraw.o
                0x00007012                TimerM_Clock_setInterval
                0x00006fdc                TimerM_Timer_default_fired
                0x00006fe0                TimerM_dequeue
                0x0000700e                TimerM_StdControl_start
                0x00006fb6                TimerM_enqueue
                0x00007514                TimerM_signalOneTimer
                0x00007018                TimerM_Clock_getInterval
                0x00007338                TimerM_HandleFire
                0x0000723c                TimerM_Timer_stop
                0x0000706a                TimerM_adjustInterval
                0x00007150                TimerM_Timer_start
                0x000072f4                TimerM_Timer_fired
                0x00007302                TimerM_StdControl_init
                0x00007024                TimerM_Clock_fire
                0x000072fc                TimerM_Clock_setRate
                0x0000701e                TimerM_Clock_readCounter
 .text          0x00007546       0x90 byteorder.o
                0x0000757e                toLSB16
                0x00007546                is_host_lsb
                0x000075aa                fromLSB16
 .text          0x000075d6      0x272 string.o
                0x00007646                strappend
                0x000075d6                mystrcpy
                0x000076d4                superstring
                0x00007724                mystrncmp
                0x00007614                mystrncpy
                0x000077ac                str_from_integer
                0x00007786                mystrlen
 .text          0x00007848       0x66 types.o
                0x000078a2                _atomic_end
                0x00007886                nmemset
                0x00007848                rcombine
                0x000078a8                _atomic_start
                0x0000787a                dec2asciichar
                0x00007852                hex2value
 .text          0x000078ae        0x6 math.o
                0x000078ae                getRandomNumber
 .text          0x000078b4     0x12b4 commandhandle.o
                0x000085d2                reply_thread_state_restore_fromfile
                0x00007c3e                reply_du
                0x0000795e                WakeupMe
                0x00007b52                reply_debugging_set
                0x00008b30                ShellThread
                0x00007976                reply_formatSystem
                0x00007dd6                reply126
                0x000082c8                reply_cp_fromPCtoNode_type1
                0x00008464                reply_ls_long
                0x00007a56                reply_ps
                0x000083c2                reply_mkdir
                0x00007b9e                reply_debugging_print
                0x0000790e                InitShell
                0x00007980                reply_search
                0x000081c6                reply_cp_fromPCtoNode_type2
                0x0000856c                reply_ls_networkname
                0x00007970                reply_nodeRestart
                0x00007de4                reply_cp_fromPCtoNode_type3
                0x00008502                reply_ls_nodename
                0x00007f1a                reply_fromNodeToPC_type1
                0x0000890a                reply_debugging_insert_avr_breakpoint
                0x00007c92                reply_killthread
                0x0000812c                reply_touch
                0x000078b4                init_breakpoint_table
                0x000087d8                reply_debugging_remove_avr_breakpoint
                0x000078c2                get_breakpoint_index
                0x000086d8                reply_thread_state_snapshot_tofile
                0x0000790c                reply_ls_short
                0x00007e74                reply_rm
                0x00007e04                reply_fromNodeToPC_type2
                0x00008a44                commandHandle
 .text          0x00008b68       0xb6 socket.o
                0x00008b9c                send_task
                0x00008b68                StandardSocketSend
 .text          0x00008c1e       0x6c adcsocket.o
                0x00008c1e                ADCAccY
                0x00008c66                ADCTemp
                0x00008c78                ADCLight
                0x00008c30                ADCAccX
                0x00008c42                ADCMagY
                0x00008c54                ADCMagX
 .text          0x00008c8a       0x42 eepromsocket.o
                0x00008cae                genericReadTask
                0x00008c90                genericWriteTask
                0x00008c8a                getGenericStorageNodeAddress
 .text          0x00008ccc      0x178 filesocket.o
                0x00008cd2                getFileModeAddress
                0x00008de6                readfile_task
                0x00008e22                openfile_task
                0x00008da4                openFileTask
                0x00008ccc                getFilePathAddress
                0x00008d4c                readFileTask
                0x00008e0c                closefile_task
                0x00008dc0                writefile_task
                0x00008cd8                seekFileTask
                0x00008d84                closeFileTask
                0x00008d14                writeFileTask
 .text          0x00008e44       0xc6 radiocontrol.o
                0x00008e44                getRadioSendingBufferAddr
                0x00008ee6                setRadioFrequencyTask
                0x00008ec2                setRadioChannelTask
                0x00008e92                SocketRadioSend
                0x00008e50                registerReceiverHandle_syscall
                0x00008e9e                setRadioPowerTask
                0x00008e4a                getRadioReceivingBufferAddr
 .text          0x00008f0a      0xb2e syscall.o
                0x00009968                closeFileTask_Logger
                0x000095cc                Leds_greenOff_Logger
                0x00008f0a                getNodeIdTask
                0x000093f8                syscall_registerEvent_Logger
                0x00009494                Leds_greenToggle_Logger
                0x0000983e                writeEEPROMTask
                0x000094fc                Leds_redOff_Logger
                0x00009338                getRadioSendingBuffer_Logger
                0x00008f62                setNodeIdTask
                0x000096d0                ADCAccX_Logger
                0x000093c4                getReceiverBuffer_Logger
                0x00009900                getFileModeAddress_Logger
                0x00008f86                setNodeIdTask_Logger
                0x00009600                ADCLight_Logger
                0x00009884                getFilePathAddress_avr
                0x000097f8                readEEPROMTask
                0x0000906a                getThreadIndexAddress_avr
                0x0000999c                readFileTask_Logger
                0x000091b6                postNewTask_avr
                0x000097c4                getEEPROMHandleInfo_Logger
                0x00009564                Leds_yellowOff_Logger
                0x0000980a                readEEPROMTask_Logger
                0x00009036                getCurrentThreadAddress_Logger
                0x00009182                break_point_function_Logger
                0x00009634                ADCTemp_Logger
                0x0000936c                SocketRadioSend_Logger
                0x00009a04                seekFileTask_Logger
                0x00008fde                getRandomTask_Logger
                0x00009012                getCurrentThreadAddress_avr
                0x00009530                Leds_yellowOn_Logger
                0x00009738                sounderOn_Logger
                0x00009704                ADCAccY_Logger
                0x0000911a                thread_yield_logger
                0x000094c8                Leds_redOn_Logger
                0x00009244                getStackPtrTask_Logger
                0x000099d0                writeFileTask_Logger
                0x000098dc                getFileModeAddress_avr
                0x00009598                Leds_greenOn_Logger
                0x00008f2e                getNodeIdTask_Logger
                0x00009668                ADCMagX_Logger
                0x00009314                getRadioSendingBuffer_avr
                0x000097a0                getEEPROMHandleInfo
                0x000090c2                getThreadTableStart_avr
                0x000098a8                getFilePathAddress_Logger
                0x00009278                setRadioFrequencyTask_Logger
                0x000091ec                postNewTask_Logger
                0x0000976c                sounderOff_Logger
                0x00009934                openFileTask_Logger
                0x00009220                getStackPtrTask
                0x000090e6                getThreadTableStart_Logger
                0x00009460                Leds_yellowToggle_Logger
                0x00008fba                getRandomTask
                0x0000914e                postNewThreadTask_Logger
                0x0000908e                getThreadIndexAddress_Logger
                0x000092e0                setRadioPowerTask_Logger
                0x000093a0                getReceiverBuffer_avr
                0x0000969c                ADCMagY_Logger
                0x000092ac                setRadioChannelTask_Logger
                0x00009850                writeEEPROMTask_Logger
                0x0000942c                Leds_redToggle_Logger
 .text          0x00009a38        0xc threadsyscall.o
                0x00009a3e                getThreadTableStart
                0x00009a38                getCurrentThreadAddress
 .text          0x00009a44       0xa6 eventlogger.o
                0x00009a8c                addTrace
                0x00009a68                apptracepointfunction
                0x00009a86                getTracingBlockAddress
                0x00009a52                initTrace
                0x00009a44                enabletracingfunction
                0x00009a4c                disabletracingfunction
 .text          0x00009aea       0xec libadc.o
                0x00009aea                lib_get_accy
                0x00009b50                lib_get_light
                0x00009b72                lib_get_magy
                0x00009b0c                lib_get_accx
                0x00009b2e                lib_get_temp
                0x00009ba4                lib_get_magx
 .text          0x00009bd6       0xa6 libeeprom.o
                0x00009bd6                getCurrentEEPROMInfo
                0x00009c34                lib_read_from_eeprom
                0x00009bec                lib_writeToEEPROM
 .text          0x00009c7c      0x262 libfile.o
                0x00009cb8                lib_read_file_syscall
                0x00009e70                lib_mfopen
                0x00009dc4                lib_mfread
                0x00009cc8                lib_seek_file_syscall
                0x00009d2c                lib_mfwrite
                0x00009cc0                lib_write_file_syscall
                0x00009d9c                lib_mfwrite_withoutlength
                0x00009cd0                lib_mfseek
                0x00009c92                lib_get_file_mode_address
                0x00009ca8                lib_open_file_syscall
                0x00009e34                lib_mfclose
                0x00009c7c                lib_get_file_path_address
                0x00009cb0                lib_close_file_syscall
 .text          0x00009ede       0x48 libleds.o
                0x00009f0e                lib_green_off
                0x00009f1e                lib_yellow_off
                0x00009ede                lib_green_toggle
                0x00009efe                lib_red_off
                0x00009ee6                lib_red_toggle
                0x00009f06                lib_green_on
                0x00009eee                lib_yellow_toggle
                0x00009f16                lib_yellow_on
                0x00009ef6                lib_red_on
 .text          0x00009f26      0x1f8 libradio.o
                0x00009f2e                lib_get_current_radio_receive_handle_addr
                0x0000a0fe                lib_radio_send_string
                0x00009f6e                lib_radio_set_power
                0x0000a07a                lib_radio_send_msg
                0x00009f58                lib_radio_set_channel
                0x0000a0c6                lib_radio_send_integer_u16
                0x00009f84                lib_get_current_radio_send_addr
                0x00009f9a                lib_radio_send_energy_wrapper
                0x00009f44                lib_radio_set_freq
                0x0000a070                lib_radio_receive
                0x00009f26                lib_radio_send_msg_syscall
                0x0000a0ec                lib_wakeup_mythread
                0x00009fa0                lib_radio_receive_timed
 .text          0x0000a11e      0x53c libserial.o
                0x0000a4fc                lib_printf_uinteger32
                0x0000a640                lib_printf_string_energy_wrapper
                0x0000a11e                itoa
                0x0000a2da                lib_usart_put_long
                0x0000a3d0                lib_usart_put_chip_hex
                0x0000a46c                lib_print_string_lengthN
                0x0000a324                lib_print_integer
                0x0000a55e                lib_printf_integer_u32ln
                0x0000a408                lib_usart_put_hex
                0x0000a594                lib_printf_integer32
                0x0000a27e                lib_print_usart
                0x0000a254                lib_init_usart
                0x0000a606                lib_printf_string_with_id
                0x0000a432                lib_print_usart_string
                0x0000a4d2                lib_print_usart_8bit
                0x0000a2aa                lib_printf_ln
 .text          0x0000a65a       0x10 libsounder.o
                0x0000a65a                lib_sounder_on
                0x0000a662                lib_sounder_off
 .text          0x0000a66a      0x24e libstring.o
                0x0000a7ca                lib_string_append
                0x0000a692                lib_string_length
                0x0000a6e8                lib_mystrcpy
                0x0000a726                lib_dec2char
                0x0000a858                lib_string_split
                0x0000a732                lib_string_int_to_string
                0x0000a6b8                lib_mystrncpy
                0x0000a66a                lib_hex2value
 .text          0x0000a8b8       0x40 libsystem.o
                0x0000a8e4                lib_set_node_id
                0x0000a8ce                lib_get_node_id
                0x0000a8b8                lib_random
 .text          0x0000a8f8       0xec libthread.o
                0x0000a8f8                lib_get_current_thread
                0x0000a924                lib_get_current_thread_index
                0x0000a9c0                syscall_post_thread_task_no_logging
                0x0000a90e                lib_get_kernel_stack_ptr
                0x0000a998                syscall_post_thread_task
                0x0000a9c8                lib_set_thread_termination_handler
                0x0000a938                lib_get_thread_table_start
                0x0000a94e                lib_sleep_thread
                0x0000a9a0                lib_post_new_task
                0x0000a990                lib_yield
                0x0000a978                lib_hibernate_thread
 .text          0x0000a9e4       0x4a libmutex.o
                0x0000a9e4                lib_file_barrier_block
 .text          0x0000aa2e       0xc0 blink.o
                0x0000aa2e                blink
 .text          0x0000aaee        0x0 c:/liteos/winavr2010/bin/../lib/gcc/avr/4.3.3/avr51\libgcc.a(_mulsi3.o)
 .text          0x0000aaee        0x0 c:/liteos/winavr2010/bin/../lib/gcc/avr/4.3.3/avr51\libgcc.a(_udivmodhi4.o)
 .text          0x0000aaee        0x0 c:/liteos/winavr2010/bin/../lib/gcc/avr/4.3.3/avr51\libgcc.a(_divmodhi4.o)
 .text          0x0000aaee        0x0 c:/liteos/winavr2010/bin/../lib/gcc/avr/4.3.3/avr51\libgcc.a(_udivmodsi4.o)
 .text          0x0000aaee        0x0 c:/liteos/winavr2010/bin/../lib/gcc/avr/4.3.3/avr51\libgcc.a(_divmodsi4.o)
 .text          0x0000aaee        0x0 c:/liteos/winavr2010/bin/../lib/gcc/avr/4.3.3/avr51\libgcc.a(_exit.o)
 .text          0x0000aaee        0x0 c:/liteos/winavr2010/bin/../lib/gcc/avr/4.3.3/avr51\libgcc.a(_clear_bss.o)
 .text          0x0000aaee        0x0 c:/liteos/winavr2010/bin/../lib/gcc/avr/4.3.3/../../../../avr/lib/avr51\libc.a(rand.o)
 .text          0x0000aaee        0x0 c:/liteos/winavr2010/bin/../lib/gcc/avr/4.3.3/../../../../avr/lib/avr51\libc.a(eerd_block_atmega128.o)
 .text          0x0000aaee        0x0 c:/liteos/winavr2010/bin/../lib/gcc/avr/4.3.3/../../../../avr/lib/avr51\libc.a(eerd_byte_atmega128.o)
 .text          0x0000aaee        0x0 c:/liteos/winavr2010/bin/../lib/gcc/avr/4.3.3/../../../../avr/lib/avr51\libc.a(eerd_word_atmega128.o)
 .text          0x0000aaee        0x0 c:/liteos/winavr2010/bin/../lib/gcc/avr/4.3.3/../../../../avr/lib/avr51\libc.a(eewr_block_atmega128.o)
 .text          0x0000aaee        0x0 c:/liteos/winavr2010/bin/../lib/gcc/avr/4.3.3/../../../../avr/lib/avr51\libc.a(eewr_byte_atmega128.o)
 .text          0x0000aaee        0x0 c:/liteos/winavr2010/bin/../lib/gcc/avr/4.3.3/../../../../avr/lib/avr51\libc.a(eewr_word_atmega128.o)
                0x0000aaee                . = ALIGN (0x2)
 *(.text.*)
 .text.libgcc   0x0000aaee       0x3e c:/liteos/winavr2010/bin/../lib/gcc/avr/4.3.3/avr51\libgcc.a(_mulsi3.o)
                0x0000aaee                __mulsi3
 .text.libgcc   0x0000ab2c       0x28 c:/liteos/winavr2010/bin/../lib/gcc/avr/4.3.3/avr51\libgcc.a(_udivmodhi4.o)
                0x0000ab2c                __udivmodhi4
 .text.libgcc   0x0000ab54       0x26 c:/liteos/winavr2010/bin/../lib/gcc/avr/4.3.3/avr51\libgcc.a(_divmodhi4.o)
                0x0000ab54                __divmodhi4
                0x0000ab54                _div
 .text.libgcc   0x0000ab7a       0x44 c:/liteos/winavr2010/bin/../lib/gcc/avr/4.3.3/avr51\libgcc.a(_udivmodsi4.o)
                0x0000ab7a                __udivmodsi4
 .text.libgcc   0x0000abbe       0x36 c:/liteos/winavr2010/bin/../lib/gcc/avr/4.3.3/avr51\libgcc.a(_divmodsi4.o)
                0x0000abbe                __divmodsi4
 .text.libgcc   0x0000abf4        0x0 c:/liteos/winavr2010/bin/../lib/gcc/avr/4.3.3/avr51\libgcc.a(_exit.o)
 .text.libgcc   0x0000abf4        0x0 c:/liteos/winavr2010/bin/../lib/gcc/avr/4.3.3/avr51\libgcc.a(_clear_bss.o)
 .text.avr-libc
                0x0000abf4       0xd6 c:/liteos/winavr2010/bin/../lib/gcc/avr/4.3.3/../../../../avr/lib/avr51\libc.a(rand.o)
                0x0000aca4                rand_r
                0x0000acaa                rand
                0x0000acb4                srand
 .text.avr-libc
                0x0000acca       0x20 c:/liteos/winavr2010/bin/../lib/gcc/avr/4.3.3/../../../../avr/lib/avr51\libc.a(eerd_block_atmega128.o)
                0x0000acce                __eerd_blraw_m128
                0x0000acca                __eerd_block_m128
 .text.avr-libc
                0x0000acea       0x10 c:/liteos/winavr2010/bin/../lib/gcc/avr/4.3.3/../../../../avr/lib/avr51\libc.a(eerd_byte_atmega128.o)
                0x0000acea                __eerd_byte_m128
 .text.avr-libc
                0x0000acfa        0xc c:/liteos/winavr2010/bin/../lib/gcc/avr/4.3.3/../../../../avr/lib/avr51\libc.a(eerd_word_atmega128.o)
                0x0000acfa                __eerd_word_m128
 .text.avr-libc
                0x0000ad06       0x14 c:/liteos/winavr2010/bin/../lib/gcc/avr/4.3.3/../../../../avr/lib/avr51\libc.a(eewr_block_atmega128.o)
                0x0000ad06                __eewr_block_m128
 .text.avr-libc
                0x0000ad1a       0x1a c:/liteos/winavr2010/bin/../lib/gcc/avr/4.3.3/../../../../avr/lib/avr51\libc.a(eewr_byte_atmega128.o)
                0x0000ad1c                __eewr_r18_m128
                0x0000ad1a                __eewr_byte_m128
 .text.avr-libc
                0x0000ad34        0xa c:/liteos/winavr2010/bin/../lib/gcc/avr/4.3.3/../../../../avr/lib/avr51\libc.a(eewr_word_atmega128.o)
                0x0000ad34                __eewr_word_m128
                0x0000ad3e                . = ALIGN (0x2)
 *(.fini9)
 .fini9         0x0000ad3e        0x0 c:/liteos/winavr2010/bin/../lib/gcc/avr/4.3.3/avr51\libgcc.a(_exit.o)
                0x0000ad3e                exit
                0x0000ad3e                _exit
 *(.fini9)
 *(.fini8)
 *(.fini8)
 *(.fini7)
 *(.fini7)
 *(.fini6)
 *(.fini6)
 *(.fini5)
 *(.fini5)
 *(.fini4)
 *(.fini4)
 *(.fini3)
 *(.fini3)
 *(.fini2)
 *(.fini2)
 *(.fini1)
 *(.fini1)
 *(.fini0)
 .fini0         0x0000ad3e        0x4 c:/liteos/winavr2010/bin/../lib/gcc/avr/4.3.3/avr51\libgcc.a(_exit.o)
 *(.fini0)
                0x0000ad42                _etext = .

.data           0x00800100       0x4a load address 0x0000ad42
                0x00800100                PROVIDE (__data_start, .)
 *(.data)
 .data          0x00800100        0x0 c:/liteos/winavr2010/bin/../lib/gcc/avr/4.3.3/../../../../avr/lib/avr51/crtm128.o
 .data          0x00800100       0x1c realmain.o
 .data          0x0080011c       0x18 bootloader.o
 .data          0x00800134        0x0 nodeconfig.o
 .data          0x00800134        0x0 avrhardware.o
 .data          0x00800134        0x0 micazhardware.o
 .data          0x00800134        0x0 serialprint.o
 .data          0x00800134        0x3 stdserial.o
 .data          0x00800137        0x0 amradio.o
 .data          0x00800137        0x0 packethandler.o
 .data          0x00800137        0x0 cc2420controlm.o
 .data          0x00800137        0x0 cc2420radiom.o
 .data          0x00800137        0x0 hplcc2420fifom.o
 .data          0x00800137        0x0 hplcc2420interruptm.o
 .data          0x00800137        0x0 hplcc2420m.o
 .data          0x00800137        0x0 hpltimer1.o
 .data          0x00800137        0x0 scheduling.o
 .data          0x00800137        0x0 threaddata.o
 .data          0x00800137        0x0 threadkernel.o
 .data          0x00800137        0x0 threadtools.o
 .data          0x00800137        0x0 adcdriver.o
 .data          0x00800137        0x0 leds.o
 .data          0x00800137        0x0 sounder.o
 .data          0x00800137        0x0 bytestorage.o
 .data          0x00800137        0x0 ioeeprom.o
 .data          0x00800137        0x0 fs_structure.o
 .data          0x00800137        0x0 fsapi.o
 .data          0x00800137        0x0 fsconfig.o
 .data          0x00800137        0x0 fsstring.o
 .data          0x00800137        0x5 inode.o
 .data          0x0080013c        0x0 stdfsa.o
 .data          0x0080013c        0x0 vectorflash.o
 .data          0x0080013c        0x0 vectornode.o
 .data          0x0080013c        0x0 atmelflash.o
 .data          0x0080013c        0x0 pagestorage.o
 .data          0x0080013c        0x0 clockraw.o
 .data          0x0080013c        0x0 generictimer.o
 .data          0x0080013c        0x0 globaltiming.o
 .data          0x0080013c        0x0 timerraw.o
 .data          0x0080013c        0x0 byteorder.o
 .data          0x0080013c        0x0 string.o
 .data          0x0080013c        0x0 types.o
 .data          0x0080013c        0x0 math.o
 .data          0x0080013c        0x4 commandhandle.o
 .data          0x00800140        0x0 socket.o
 .data          0x00800140        0x0 adcsocket.o
 .data          0x00800140        0x0 eepromsocket.o
 .data          0x00800140        0x0 filesocket.o
 .data          0x00800140        0x0 radiocontrol.o
 .data          0x00800140        0x0 syscall.o
 .data          0x00800140        0x0 threadsyscall.o
 .data          0x00800140        0x0 eventlogger.o
 .data          0x00800140        0x0 libadc.o
 .data          0x00800140        0x0 libeeprom.o
 .data          0x00800140        0x0 libfile.o
 .data          0x00800140        0x0 libleds.o
 .data          0x00800140        0x0 libradio.o
 .data          0x00800140        0x5 libserial.o
 .data          0x00800145        0x0 libsounder.o
 .data          0x00800145        0x0 libstring.o
 .data          0x00800145        0x0 libsystem.o
 .data          0x00800145        0x0 libthread.o
 .data          0x00800145        0x0 libmutex.o
 .data          0x00800145        0x0 blink.o
 .data          0x00800145        0x0 c:/liteos/winavr2010/bin/../lib/gcc/avr/4.3.3/avr51\libgcc.a(_mulsi3.o)
 .data          0x00800145        0x0 c:/liteos/winavr2010/bin/../lib/gcc/avr/4.3.3/avr51\libgcc.a(_udivmodhi4.o)
 .data          0x00800145        0x0 c:/liteos/winavr2010/bin/../lib/gcc/avr/4.3.3/avr51\libgcc.a(_divmodhi4.o)
 .data          0x00800145        0x0 c:/liteos/winavr2010/bin/../lib/gcc/avr/4.3.3/avr51\libgcc.a(_udivmodsi4.o)
 .data          0x00800145        0x0 c:/liteos/winavr2010/bin/../lib/gcc/avr/4.3.3/avr51\libgcc.a(_divmodsi4.o)
 .data          0x00800145        0x0 c:/liteos/winavr2010/bin/../lib/gcc/avr/4.3.3/avr51\libgcc.a(_exit.o)
 .data          0x00800145        0x0 c:/liteos/winavr2010/bin/../lib/gcc/avr/4.3.3/avr51\libgcc.a(_clear_bss.o)
 .data          0x00800145        0x4 c:/liteos/winavr2010/bin/../lib/gcc/avr/4.3.3/../../../../avr/lib/avr51\libc.a(rand.o)
 .data          0x00800149        0x0 c:/liteos/winavr2010/bin/../lib/gcc/avr/4.3.3/../../../../avr/lib/avr51\libc.a(eerd_block_atmega128.o)
 .data          0x00800149        0x0 c:/liteos/winavr2010/bin/../lib/gcc/avr/4.3.3/../../../../avr/lib/avr51\libc.a(eerd_byte_atmega128.o)
 .data          0x00800149        0x0 c:/liteos/winavr2010/bin/../lib/gcc/avr/4.3.3/../../../../avr/lib/avr51\libc.a(eerd_word_atmega128.o)
 .data          0x00800149        0x0 c:/liteos/winavr2010/bin/../lib/gcc/avr/4.3.3/../../../../avr/lib/avr51\libc.a(eewr_block_atmega128.o)
 .data          0x00800149        0x0 c:/liteos/winavr2010/bin/../lib/gcc/avr/4.3.3/../../../../avr/lib/avr51\libc.a(eewr_byte_atmega128.o)
 .data          0x00800149        0x0 c:/liteos/winavr2010/bin/../lib/gcc/avr/4.3.3/../../../../avr/lib/avr51\libc.a(eewr_word_atmega128.o)
 *(.data*)
 *(.rodata)
 *(.rodata*)
 *(.gnu.linkonce.d*)
                0x0080014a                . = ALIGN (0x2)
 *fill*         0x00800149        0x1 00
                0x0080014a                _edata = .
                0x0080014a                PROVIDE (__data_end, .)

.bss            0x0080014a      0x8d3
                0x0080014a                PROVIDE (__bss_start, .)
 *(.bss)
 .bss           0x0080014a        0x0 c:/liteos/winavr2010/bin/../lib/gcc/avr/4.3.3/../../../../avr/lib/avr51/crtm128.o
 .bss           0x0080014a        0x2 realmain.o
 .bss           0x0080014c      0x204 bootloader.o
 .bss           0x00800350        0x0 nodeconfig.o
 .bss           0x00800350        0x0 avrhardware.o
 .bss           0x00800350        0x0 micazhardware.o
 .bss           0x00800350       0x24 serialprint.o
 .bss           0x00800374        0x0 stdserial.o
 .bss           0x00800374        0x0 amradio.o
 .bss           0x00800374        0x0 packethandler.o
 .bss           0x00800374        0x0 cc2420controlm.o
 .bss           0x00800374        0x0 cc2420radiom.o
 .bss           0x00800374        0x0 hplcc2420fifom.o
 .bss           0x00800374        0x0 hplcc2420interruptm.o
 .bss           0x00800374        0x0 hplcc2420m.o
 .bss           0x00800374        0x0 hpltimer1.o
 .bss           0x00800374        0x0 scheduling.o
 .bss           0x00800374        0x0 threaddata.o
 .bss           0x00800374        0x0 threadkernel.o
 .bss           0x00800374        0x0 threadtools.o
 .bss           0x00800374        0x0 adcdriver.o
 .bss           0x00800374        0x0 leds.o
 .bss           0x00800374        0x0 sounder.o
 .bss           0x00800374        0x0 bytestorage.o
 .bss           0x00800374        0x0 ioeeprom.o
 .bss           0x00800374        0x0 fs_structure.o
 .bss           0x00800374        0x0 fsapi.o
 .bss           0x00800374        0x0 fsconfig.o
 .bss           0x00800374        0x0 fsstring.o
 .bss           0x00800374        0x0 inode.o
 .bss           0x00800374        0x2 stdfsa.o
 .bss           0x00800376       0x20 vectorflash.o
 .bss           0x00800396        0x0 vectornode.o
 .bss           0x00800396        0x9 atmelflash.o
 .bss           0x0080039f        0x0 pagestorage.o
 .bss           0x0080039f        0x0 clockraw.o
 .bss           0x0080039f        0x0 generictimer.o
 .bss           0x0080039f        0xd globaltiming.o
 .bss           0x008003ac        0x0 timerraw.o
 .bss           0x008003ac        0x0 byteorder.o
 .bss           0x008003ac        0x7 string.o
 .bss           0x008003b3        0x0 types.o
 .bss           0x008003b3        0x0 math.o
 .bss           0x008003b3        0x0 commandhandle.o
 .bss           0x008003b3        0x0 socket.o
 .bss           0x008003b3        0x0 adcsocket.o
 .bss           0x008003b3        0x6 eepromsocket.o
 .bss           0x008003b9        0x0 filesocket.o
 .bss           0x008003b9        0x0 radiocontrol.o
 .bss           0x008003b9        0x0 syscall.o
 .bss           0x008003b9        0x0 threadsyscall.o
 .bss           0x008003b9        0x0 eventlogger.o
 .bss           0x008003b9        0x0 libadc.o
 .bss           0x008003b9        0x0 libeeprom.o
 .bss           0x008003b9        0x0 libfile.o
 .bss           0x008003b9        0x0 libleds.o
 .bss           0x008003b9       0x20 libradio.o
 .bss           0x008003d9       0x13 libserial.o
 .bss           0x008003ec        0x0 libsounder.o
 .bss           0x008003ec        0x7 libstring.o
 .bss           0x008003f3        0x0 libsystem.o
 .bss           0x008003f3        0x0 libthread.o
 .bss           0x008003f3        0x0 libmutex.o
 .bss           0x008003f3        0x0 blink.o
 .bss           0x008003f3        0x0 c:/liteos/winavr2010/bin/../lib/gcc/avr/4.3.3/avr51\libgcc.a(_mulsi3.o)
 .bss           0x008003f3        0x0 c:/liteos/winavr2010/bin/../lib/gcc/avr/4.3.3/avr51\libgcc.a(_udivmodhi4.o)
 .bss           0x008003f3        0x0 c:/liteos/winavr2010/bin/../lib/gcc/avr/4.3.3/avr51\libgcc.a(_divmodhi4.o)
 .bss           0x008003f3        0x0 c:/liteos/winavr2010/bin/../lib/gcc/avr/4.3.3/avr51\libgcc.a(_udivmodsi4.o)
 .bss           0x008003f3        0x0 c:/liteos/winavr2010/bin/../lib/gcc/avr/4.3.3/avr51\libgcc.a(_divmodsi4.o)
 .bss           0x008003f3        0x0 c:/liteos/winavr2010/bin/../lib/gcc/avr/4.3.3/avr51\libgcc.a(_exit.o)
 .bss           0x008003f3        0x0 c:/liteos/winavr2010/bin/../lib/gcc/avr/4.3.3/avr51\libgcc.a(_clear_bss.o)
 .bss           0x008003f3        0x0 c:/liteos/winavr2010/bin/../lib/gcc/avr/4.3.3/../../../../avr/lib/avr51\libc.a(rand.o)
 .bss           0x008003f3        0x0 c:/liteos/winavr2010/bin/../lib/gcc/avr/4.3.3/../../../../avr/lib/avr51\libc.a(eerd_block_atmega128.o)
 .bss           0x008003f3        0x0 c:/liteos/winavr2010/bin/../lib/gcc/avr/4.3.3/../../../../avr/lib/avr51\libc.a(eerd_byte_atmega128.o)
 .bss           0x008003f3        0x0 c:/liteos/winavr2010/bin/../lib/gcc/avr/4.3.3/../../../../avr/lib/avr51\libc.a(eerd_word_atmega128.o)
 .bss           0x008003f3        0x0 c:/liteos/winavr2010/bin/../lib/gcc/avr/4.3.3/../../../../avr/lib/avr51\libc.a(eewr_block_atmega128.o)
 .bss           0x008003f3        0x0 c:/liteos/winavr2010/bin/../lib/gcc/avr/4.3.3/../../../../avr/lib/avr51\libc.a(eewr_byte_atmega128.o)
 .bss           0x008003f3        0x0 c:/liteos/winavr2010/bin/../lib/gcc/avr/4.3.3/../../../../avr/lib/avr51\libc.a(eewr_word_atmega128.o)
 *(.bss*)
 *(COMMON)
 COMMON         0x008003f3       0x24 nodeconfig.o
                0x008003f3                filenameid
                0x00800404                CURRENT_NODE_ID
                0x00800406                networkid
 COMMON         0x00800417        0x9 amradio.o
                0x00800417                AMStandard_state
                0x00800418                AMStandard_counter
                0x0080041a                debugmsg
                0x0080041c                AMStandard_lastCount
                0x0080041e                AMStandard_buffer
 COMMON         0x00800420       0x3e packethandler.o
                0x00800420                tmp
                0x00800422                receivehandles
 COMMON         0x0080045e       0x1f cc2420controlm.o
                0x0080045e                cc2420controlm_state
                0x0080045f                CC2420_RFPOWER
                0x00800460                cc2420controlm_gCurrentParameters
                0x0080047c                CC2420_CHANNEL
 COMMON         0x0080047d       0x80 cc2420radiom.o
                0x0080047d                cc2420radiom_rxbufptr
                0x0080047f                cc2420radiom_currentDSN
                0x00800480                cc2420radiom_bPacketReceiving
                0x00800481                cc2420radiom_RxBuf
                0x008004f5                cc2420radiom_bAckEnable
                0x008004f6                cc2420radiom_countRetry
                0x008004f7                cc2420radiom_LocalAddr
                0x008004f9                cc2420radiom_txbufptr
                0x008004fb                cc2420radiom_stateRadio
                0x008004fc                cc2420radiom_txlength
 COMMON         0x008004fd        0x9 hplcc2420fifom.o
                0x008004fd                hplcc2420fifom_txlength
                0x008004fe                hplcc2420fifom_bSpiAvail
                0x008004ff                hplcc2420fifom_rxbuf
                0x00800501                hplcc2420fifom_txbufBusy
                0x00800502                hplcc2420fifom_txbuf
                0x00800504                hplcc2420fifom_rxbufBusy
                0x00800505                hplcc2420fifom_rxlength
 COMMON         0x00800506       0x10 hplcc2420interruptm.o
                0x00800506                hplcc2420interruptm_FIFOWaitForState
                0x00800507                alcounter
                0x0080050b                ahcounter
                0x0080050d                hplcc2420interruptm_FIFOLastState
                0x0080050e                hplcc2420interruptm_CCALastState
                0x0080050f                hplcc2420interruptm_CCAWaitForState
                0x00800510                ahcounter2
                0x00800512                alcounter2
 COMMON         0x00800516        0x6 hplcc2420m.o
                0x00800516                HPLCC2420M_ramlen
                0x00800517                HPLCC2420M_rambuf
                0x00800519                HPLCC2420M_bSpiAvail
                0x0080051a                HPLCC2420M_ramaddr
 COMMON         0x0080051c       0x11 hpltimer1.o
                0x0080051c                lcounter
                0x00800520                hcounter2
                0x00800522                hcounter
                0x00800524                HPLTimer1M_set_flag
                0x00800525                lcounter2
                0x00800529                HPLTimer1M_nextScale
                0x0080052a                HPLTimer1M_minterval
                0x0080052c                HPLTimer1M_mscale
 COMMON         0x0080052d       0x31 scheduling.o
                0x0080052d                LITE_queue
                0x0080055d                LITE_sched_num
 COMMON         0x0080055e       0x57 threadkernel.o
                0x0080055e                old_stack_ptr
                0x00800560                current_thread
                0x00800562                thread_table
                0x008005b0                thread_task_active
                0x008005b1                stackinterrupt_ptr
                0x008005b3                maxthreadrambound
 COMMON         0x008005b5        0x1 leds.o
                0x008005b5                Leds_ledsOn
 COMMON         0x008005b6       0x14 fs_structure.o
                0x008005b6                fidtable
 COMMON         0x008005ca        0xc vectornode.o
                0x008005ca                vectornode
 COMMON         0x008005d6        0xc clockraw.o
                0x008005d6                historyvalue
                0x008005da                highcounter
                0x008005dc                HPLClock_mscale
                0x008005dd                HPLClock_nextScale
                0x008005de                HPLClock_set_flag
                0x008005df                HPLClock_minterval
                0x008005e0                lowcounter
 COMMON         0x008005e2       0x88 generictimer.o
                0x008005e2                enabled
                0x008005e3                currentcounter
                0x008005e5                timercallback
                0x008005f5                datamsg
                0x00800669                currentpower
 COMMON         0x0080066a       0xac timerraw.o
                0x0080066a                TimerM_queue_tail
                0x0080066b                TimerM_mState
                0x0080066f                TimerM_queue_size
                0x00800670                TimerM_mScale
                0x00800671                TimerM_mInterval
                0x00800672                TimerM_setIntervalFlag
                0x00800673                TimerM_queue
                0x00800683                TimerM_interval_outstanding
                0x00800685                TimerM_queue_head
                0x00800686                TimerM_mTimerList
 COMMON         0x00800716      0x1a4 commandhandle.o
                0x00800716                shellbuffer
                0x00800816                fp
                0x00800818                openedfile
                0x0080081a                br_state
                0x00800835                createthreadname
                0x00800841                filename
                0x0080084e                reply
                0x0080086e                expectNextNum
                0x00800870                chunksequencenum
                0x00800872                blockid
                0x00800873                IncomingLength
                0x00800874                IncomingMsg
                0x008008b4                PacketInfo
                0x008008b6                thisthread
                0x008008b8                nodeid
 COMMON         0x008008ba       0x7b socket.o
                0x008008ba                radiosocketdata
                0x008008c1                currentMsg
 COMMON         0x00800935       0x26 filesocket.o
                0x00800935                position
                0x00800937                filehandle
                0x00800939                filemodeaddr
                0x0080093e                nBytes
                0x00800940                openthread
                0x00800942                filepathaddr
                0x00800956                threadindex
                0x00800957                offset
                0x00800959                databuffer
 COMMON         0x0080095b        0xc radiocontrol.o
                0x0080095b                radio_buf
 COMMON         0x00800967       0x10 eventlogger.o
                0x00800967                timestamp
                0x0080096b                internaltracingblock
                0x00800976                enabletracing
 COMMON         0x00800977        0x7 libradio.o
                0x00800977                mythread
                0x00800979                radioReceiveDataReady
                0x0080097a                radioReceivePacketInfo
 COMMON         0x0080097e        0x1 libserial.o
                0x0080097e                flag
 COMMON         0x0080097f       0x9e blink.o
                0x0080097f                blinkbuffer
                0x00800a15                filefp
                0x00800a17                i
                0x00800a19                counter
                0x00800a1b                addr
                0x00800a1d                PROVIDE (__bss_end, .)
                0x0000ad42                __data_load_start = LOADADDR (.data)
                0x0000ad8c                __data_load_end = (__data_load_start + SIZEOF (.data))

.noinit         0x00800a1d        0x0
                0x00800a1d                PROVIDE (__noinit_start, .)
 *(.noinit*)
                0x00800a1d                PROVIDE (__noinit_end, .)
                0x00800a1d                _end = .
                0x00800a1d                PROVIDE (__heap_start, .)

.eeprom         0x00810000        0x0
 *(.eeprom*)
                0x00810000                __eeprom_end = .

.fuse
 *(.fuse)
 *(.lfuse)
 *(.hfuse)
 *(.efuse)

.lock
 *(.lock*)

.signature
 *(.signature*)

.stab
 *(.stab)

.stabstr
 *(.stabstr)

.stab.excl
 *(.stab.excl)

.stab.exclstr
 *(.stab.exclstr)

.stab.index
 *(.stab.index)

.stab.indexstr
 *(.stab.indexstr)

.comment
 *(.comment)

.debug
 *(.debug)

.line
 *(.line)

.debug_srcinfo
 *(.debug_srcinfo)

.debug_sfnames
 *(.debug_sfnames)

.debug_aranges  0x00000000      0x9b0
 *(.debug_aranges)
 .debug_aranges
                0x00000000       0x20 realmain.o
 .debug_aranges
                0x00000020       0x80 bootloader.o
 .debug_aranges
                0x000000a0       0x20 nodeconfig.o
 .debug_aranges
                0x000000c0       0x20 avrhardware.o
 .debug_aranges
                0x000000e0       0x20 micazhardware.o
 .debug_aranges
                0x00000100       0x20 serialprint.o
 .debug_aranges
                0x00000120       0x20 stdserial.o
 .debug_aranges
                0x00000140       0x20 amradio.o
 .debug_aranges
                0x00000160       0x20 packethandler.o
 .debug_aranges
                0x00000180       0x20 cc2420controlm.o
 .debug_aranges
                0x000001a0       0x20 cc2420radiom.o
 .debug_aranges
                0x000001c0       0x20 hplcc2420fifom.o
 .debug_aranges
                0x000001e0       0x20 hplcc2420interruptm.o
 .debug_aranges
                0x00000200       0x20 hplcc2420m.o
 .debug_aranges
                0x00000220       0x20 hpltimer1.o
 .debug_aranges
                0x00000240       0x20 scheduling.o
 .debug_aranges
                0x00000260       0x20 threaddata.o
 .debug_aranges
                0x00000280       0x20 threadkernel.o
 .debug_aranges
                0x000002a0       0x20 threadtools.o
 .debug_aranges
                0x000002c0       0x20 adcdriver.o
 .debug_aranges
                0x000002e0       0x20 leds.o
 .debug_aranges
                0x00000300       0x20 sounder.o
 .debug_aranges
                0x00000320       0x20 bytestorage.o
 .debug_aranges
                0x00000340       0x20 ioeeprom.o
 .debug_aranges
                0x00000360       0x20 fs_structure.o
 .debug_aranges
                0x00000380       0x20 fsapi.o
 .debug_aranges
                0x000003a0       0x20 fsconfig.o
 .debug_aranges
                0x000003c0       0x20 fsstring.o
 .debug_aranges
                0x000003e0       0x20 inode.o
 .debug_aranges
                0x00000400       0x20 stdfsa.o
 .debug_aranges
                0x00000420       0x20 vectorflash.o
 .debug_aranges
                0x00000440       0x20 vectornode.o
 .debug_aranges
                0x00000460       0x20 atmelflash.o
 .debug_aranges
                0x00000480       0x20 pagestorage.o
 .debug_aranges
                0x000004a0       0x20 clockraw.o
 .debug_aranges
                0x000004c0       0x20 generictimer.o
 .debug_aranges
                0x000004e0       0x20 globaltiming.o
 .debug_aranges
                0x00000500       0x20 timerraw.o
 .debug_aranges
                0x00000520       0x20 byteorder.o
 .debug_aranges
                0x00000540       0x20 string.o
 .debug_aranges
                0x00000560       0x20 types.o
 .debug_aranges
                0x00000580       0x20 math.o
 .debug_aranges
                0x000005a0       0x20 commandhandle.o
 .debug_aranges
                0x000005c0       0x20 socket.o
 .debug_aranges