Archive member included because of file (symbol)

c:/winavr/bin/../lib/gcc/avr/4.1.2/avr5\libgcc.a(_exit.o)
                              c:/winavr/bin/../lib/gcc/avr/4.1.2/../../../../avr/lib/avr5/crtm128.o (exit)
c:/winavr/bin/../lib/gcc/avr/4.1.2/avr5\libgcc.a(_clear_bss.o)
                              c:\DOCUME~1\IETest\Local Settings\Temp/ccEnkObh.o (__do_clear_bss)

Discarded input sections

 .stabstr       0x00000000        0x0 c:/winavr/bin/../lib/gcc/avr/4.1.2/../../../../avr/lib/avr5/crtm128.o

Memory Configuration

Name             Origin             Length             Attributes
text             0x00000000         0x00020000         xr
data             0x00800060         0x0000ffa0         rw !x
eeprom           0x00810000         0x00010000         rw !x
*default*        0x00000000         0xffffffff

Linker script and memory map

Address of section .data set to 0x800100
LOAD c:/winavr/bin/../lib/gcc/avr/4.1.2/../../../../avr/lib/avr5/crtm128.o
Address of section .data set to 0x800af0
Address of section .text set to 0x14000
                0x00000cf0                __stack = 0xcf0
LOAD c:\DOCUME~1\IETest\Local Settings\Temp/ccEnkObh.o
LOAD c:/winavr/bin/../lib/gcc/avr/4.1.2/avr5\libgcc.a
LOAD c:/winavr/bin/../lib/gcc/avr/4.1.2/../../../../avr/lib/avr5\libc.a
LOAD c:/winavr/bin/../lib/gcc/avr/4.1.2/avr5\libgcc.a

.hash
 *(.hash)

.dynsym
 *(.dynsym)

.dynstr
 *(.dynstr)

.gnu.version
 *(.gnu.version)

.gnu.version_d
 *(.gnu.version_d)

.gnu.version_r
 *(.gnu.version_r)

.rel.init
 *(.rel.init)

.rela.init
 *(.rela.init)

.rel.text
 *(.rel.text)
 *(.rel.text.*)
 *(.rel.gnu.linkonce.t*)

.rela.text
 *(.rela.text)
 *(.rela.text.*)
 *(.rela.gnu.linkonce.t*)

.rel.fini
 *(.rel.fini)

.rela.fini
 *(.rela.fini)

.rel.rodata
 *(.rel.rodata)
 *(.rel.rodata.*)
 *(.rel.gnu.linkonce.r*)

.rela.rodata
 *(.rela.rodata)
 *(.rela.rodata.*)
 *(.rela.gnu.linkonce.r*)

.rel.data
 *(.rel.data)
 *(.rel.data.*)
 *(.rel.gnu.linkonce.d*)

.rela.data
 *(.rela.data)
 *(.rela.data.*)
 *(.rela.gnu.linkonce.d*)

.rel.ctors
 *(.rel.ctors)

.rela.ctors
 *(.rela.ctors)

.rel.dtors
 *(.rel.dtors)

.rela.dtors
 *(.rela.dtors)

.rel.got
 *(.rel.got)

.rela.got
 *(.rela.got)

.rel.bss
 *(.rel.bss)

.rela.bss
 *(.rela.bss)

.rel.plt
 *(.rel.plt)

.rela.plt
 *(.rela.plt)

.text           0x00014000      0x144
 *(.vectors)
 .vectors       0x00014000       0x8c c:/winavr/bin/../lib/gcc/avr/4.1.2/../../../../avr/lib/avr5/crtm128.o
                0x00014000                __vectors
                0x00014000                __vector_default
 *(.vectors)
 *(.progmem.gcc*)
 *(.progmem*)
                0x0001408c                . = ALIGN (0x2)
                0x0001408c                __trampolines_start = .
 *(.trampolines)
 .trampolines   0x0001408c        0x0 linker stubs
 *(.trampolines*)
                0x0001408c                __trampolines_end = .
 *(.jumptables)
 *(.jumptables*)
 *(.lowtext)
 *(.lowtext*)
                0x0001408c                __ctors_start = .
 *(.ctors)
                0x0001408c                __ctors_end = .
                0x0001408c                __dtors_start = .
 *(.dtors)
                0x0001408c                __dtors_end = .
 SORT(*)(.ctors)
 SORT(*)(.dtors)
 *(.init0)
 .init0         0x0001408c        0x0 c:/winavr/bin/../lib/gcc/avr/4.1.2/../../../../avr/lib/avr5/crtm128.o
                0x0001408c                __init
 *(.init0)
 *(.init1)
 *(.init1)
 *(.init2)
 .init2         0x0001408c        0xc c:/winavr/bin/../lib/gcc/avr/4.1.2/../../../../avr/lib/avr5/crtm128.o
 *(.init2)
 *(.init3)
 *(.init3)
 *(.init4)
 .init4         0x00014098       0x1a c:/winavr/bin/../lib/gcc/avr/4.1.2/../../../../avr/lib/avr5/crtm128.o
                0x00014098                __do_copy_data
 .init4         0x000140b2       0x10 c:/winavr/bin/../lib/gcc/avr/4.1.2/avr5\libgcc.a(_clear_bss.o)
                0x000140b2                __do_clear_bss
 *(.init4)
 *(.init5)
 *(.init5)
 *(.init6)
 *(.init6)
 *(.init7)
 *(.init7)
 *(.init8)
 *(.init8)
 *(.init9)
 .init9         0x000140c2        0x8 c:/winavr/bin/../lib/gcc/avr/4.1.2/../../../../avr/lib/avr5/crtm128.o
 *(.init9)
 *(.text)
 .text          0x000140ca        0x4 c:/winavr/bin/../lib/gcc/avr/4.1.2/../../../../avr/lib/avr5/crtm128.o
                0x000140ca                __vector_22
                0x000140ca                __vector_28
                0x000140ca                __vector_1
                0x000140ca                __vector_32
                0x000140ca                __vector_34
                0x000140ca                __vector_24
                0x000140ca                __vector_12
                0x000140ca                __bad_interrupt
                0x000140ca                __vector_6
                0x000140ca                __vector_31
                0x000140ca                __vector_3
                0x000140ca                __vector_23
                0x000140ca                __vector_30
                0x000140ca                __vector_25
                0x000140ca                __vector_11
                0x000140ca                __vector_13
                0x000140ca                __vector_17
                0x000140ca                __vector_19
                0x000140ca                __vector_7
                0x000140ca                __vector_27
                0x000140ca                __vector_5
                0x000140ca                __vector_33
                0x000140ca                __vector_4
                0x000140ca                __vector_9
                0x000140ca                __vector_2
                0x000140ca                __vector_21
                0x000140ca                __vector_15
                0x000140ca                __vector_29
                0x000140ca                __vector_8
                0x000140ca                __vector_26
                0x000140ca                __vector_14
                0x000140ca                __vector_10
                0x000140ca                __vector_16
                0x000140ca                __vector_18
                0x000140ca                __vector_20
 .text          0x000140ce       0x74 c:\DOCUME~1\IETest\Local Settings\Temp/ccEnkObh.o
                0x000140ce                main
 .text          0x00014142        0x0 c:/winavr/bin/../lib/gcc/avr/4.1.2/avr5\libgcc.a(_exit.o)
 .text          0x00014142        0x0 c:/winavr/bin/../lib/gcc/avr/4.1.2/avr5\libgcc.a(_clear_bss.o)
                0x00014142                . = ALIGN (0x2)
 *(.text.*)
 .text.libgcc   0x00014142        0x0 c:/winavr/bin/../lib/gcc/avr/4.1.2/avr5\libgcc.a(_exit.o)
 .text.libgcc   0x00014142        0x0 c:/winavr/bin/../lib/gcc/avr/4.1.2/avr5\libgcc.a(_clear_bss.o)
                0x00014142                . = ALIGN (0x2)
 *(.fini9)
 .fini9         0x00014142        0x0 c:/winavr/bin/../lib/gcc/avr/4.1.2/avr5\libgcc.a(_exit.o)
                0x00014142                exit
                0x00014142                _exit
 *(.fini9)
 *(.fini8)
 *(.fini8)
 *(.fini7)
 *(.fini7)
 *(.fini6)
 *(.fini6)
 *(.fini5)
 *(.fini5)
 *(.fini4)
 *(.fini4)
 *(.fini3)
 *(.fini3)
 *(.fini2)
 *(.fini2)
 *(.fini1)
 *(.fini1)
 *(.fini0)
 .fini0         0x00014142        0x2 c:/winavr/bin/../lib/gcc/avr/4.1.2/avr5\libgcc.a(_exit.o)
 *(.fini0)
                0x00014144                _etext = .

.data           0x00800af0        0x0 load address 0x00014144
                0x00800af0                PROVIDE (__data_start, .)
 *(.data)
 .data          0x00800af0        0x0 c:/winavr/bin/../lib/gcc/avr/4.1.2/../../../../avr/lib/avr5/crtm128.o
 .data          0x00800af0        0x0 c:\DOCUME~1\IETest\Local Settings\Temp/ccEnkObh.o
 .data          0x00800af0        0x0 c:/winavr/bin/../lib/gcc/avr/4.1.2/avr5\libgcc.a(_exit.o)
 .data          0x00800af0        0x0 c:/winavr/bin/../lib/gcc/avr/4.1.2/avr5\libgcc.a(_clear_bss.o)
 *(.data*)
 *(.rodata)
 *(.rodata*)
 *(.gnu.linkonce.d*)
                0x00800af0                . = ALIGN (0x2)
                0x00800af0                _edata = .
                0x00800af0                PROVIDE (__data_end, .)

.bss            0x00800af0        0x4
                0x00800af0                PROVIDE (__bss_start, .)
 *(.bss)
 .bss           0x00800af0        0x0 c:/winavr/bin/../lib/gcc/avr/4.1.2/../../../../avr/lib/avr5/crtm128.o
 .bss           0x00800af0        0x4 c:\DOCUME~1\IETest\Local Settings\Temp/ccEnkObh.o
 .bss           0x00800af4        0x0 c:/winavr/bin/../lib/gcc/avr/4.1.2/avr5\libgcc.a(_exit.o)
 .bss           0x00800af4        0x0 c:/winavr/bin/../lib/gcc/avr/4.1.2/avr5\libgcc.a(_clear_bss.o)
 *(.bss*)
 *(COMMON)
                0x00800af4                PROVIDE (__bss_end, .)
                0x00014144                __data_load_start = LOADADDR (.data)
                0x00014144                __data_load_end = (__data_load_start + SIZEOF (.data))

.noinit         0x00800af4        0x0
                0x00800af4                PROVIDE (__noinit_start, .)
 *(.noinit*)
                0x00800af4                PROVIDE (__noinit_end, .)
                0x00800af4                _end = .
                0x00800af4                PROVIDE (__heap_start, .)

.eeprom         0x00810000        0x0
 *(.eeprom*)
                0x00810000                __eeprom_end = .

.stab           0x00000000      0x414
 *(.stab)
 .stab          0x00000000      0x414 c:/winavr/bin/../lib/gcc/avr/4.1.2/../../../../avr/lib/avr5/crtm128.o

.stabstr        0x00000000       0x71
 *(.stabstr)
 .stabstr       0x00000000       0x71 c:/winavr/bin/../lib/gcc/avr/4.1.2/../../../../avr/lib/avr5/crtm128.o

.stab.excl
 *(.stab.excl)

.stab.exclstr
 *(.stab.exclstr)

.stab.index
 *(.stab.index)

.stab.indexstr
 *(.stab.indexstr)

.comment
 *(.comment)

.debug
 *(.debug)

.line
 *(.line)

.debug_srcinfo
 *(.debug_srcinfo)

.debug_sfnames
 *(.debug_sfnames)

.debug_aranges  0x00000000       0x20
 *(.debug_aranges)
 .debug_aranges
                0x00000000       0x20 c:\DOCUME~1\IETest\Local Settings\Temp/ccEnkObh.o

.debug_pubnames
                0x00000000       0x1b
 *(.debug_pubnames)
 .debug_pubnames
                0x00000000       0x1b c:\DOCUME~1\IETest\Local Settings\Temp/ccEnkObh.o

.debug_info     0x00000000      0xc96
 *(.debug_info)
 .debug_info    0x00000000      0xc96 c:\DOCUME~1\IETest\Local Settings\Temp/ccEnkObh.o
 *(.gnu.linkonce.wi.*)

.debug_abbrev   0x00000000      0x1df
 *(.debug_abbrev)
 .debug_abbrev  0x00000000      0x1df c:\DOCUME~1\IETest\Local Settings\Temp/ccEnkObh.o

.debug_line     0x00000000      0x1ac
 *(.debug_line)
 .debug_line    0x00000000      0x1ac c:\DOCUME~1\IETest\Local Settings\Temp/ccEnkObh.o

.debug_frame    0x00000000       0x50
 *(.debug_frame)
 .debug_frame   0x00000000       0x50 c:\DOCUME~1\IETest\Local Settings\Temp/ccEnkObh.o

.debug_str      0x00000000      0x27f
 *(.debug_str)
 .debug_str     0x00000000      0x27f c:\DOCUME~1\IETest\Local Settings\Temp/ccEnkObh.o
                                0x2ca (size before relaxing)

.debug_loc      0x00000000       0x18
 *(.debug_loc)
 .debug_loc     0x00000000       0x18 c:\DOCUME~1\IETest\Local Settings\Temp/ccEnkObh.o

.debug_macinfo
 *(.debug_macinfo)
OUTPUT(TestBlink.elf elf32-avr)
LOAD linker stubs
