Archive member included because of file (symbol)

c:/liteos/winavr/bin/../lib/gcc/avr/4.1.1/avr5\libgcc.a(_clear_bss.o)
                              c:\Users\Charles\AppData\Local\Temp/cc6Tcaaa.o (__do_clear_bss)

Discarded input sections

 .stabstr       0x00000000        0x0 c:/liteos/winavr/bin/../lib/gcc/avr/4.1.1/../../../../avr/lib/avr5/crtm128.o

Memory Configuration

Name             Origin             Length             Attributes
text             0x00000000         0x00020000         xr
data             0x00800060         0x0000ffa0         rw !x
eeprom           0x00810000         0x00010000         rw !x
*default*        0x00000000         0xffffffff

Linker script and memory map

Address of section .data set to 0x800100
LOAD c:/liteos/winavr/bin/../lib/gcc/avr/4.1.1/../../../../avr/lib/avr5/crtm128.o
Address of section .data set to 0x800a5a
Address of section .text set to 0xfa00
                0x00000bea                __stack = 0xbea
LOAD c:\Users\Charles\AppData\Local\Temp/cc6Tcaaa.o
LOAD c:/liteos/winavr/bin/../lib/gcc/avr/4.1.1/avr5\libgcc.a
LOAD c:/liteos/winavr/bin/../lib/gcc/avr/4.1.1/../../../../avr/lib/avr5\libc.a
LOAD c:/liteos/winavr/bin/../lib/gcc/avr/4.1.1/avr5\libgcc.a

.hash
 *(.hash)

.dynsym
 *(.dynsym)

.dynstr
 *(.dynstr)

.gnu.version
 *(.gnu.version)

.gnu.version_d
 *(.gnu.version_d)

.gnu.version_r
 *(.gnu.version_r)

.rel.init
 *(.rel.init)

.rela.init
 *(.rela.init)

.rel.text
 *(.rel.text)
 *(.rel.text.*)
 *(.rel.gnu.linkonce.t*)

.rela.text
 *(.rela.text)
 *(.rela.text.*)
 *(.rela.gnu.linkonce.t*)

.rel.fini
 *(.rel.fini)

.rela.fini
 *(.rela.fini)

.rel.rodata
 *(.rel.rodata)
 *(.rel.rodata.*)
 *(.rel.gnu.linkonce.r*)

.rela.rodata
 *(.rela.rodata)
 *(.rela.rodata.*)
 *(.rela.gnu.linkonce.r*)

.rel.data
 *(.rel.data)
 *(.rel.data.*)
 *(.rel.gnu.linkonce.d*)

.rela.data
 *(.rela.data)
 *(.rela.data.*)
 *(.rela.gnu.linkonce.d*)

.rel.ctors
 *(.rel.ctors)

.rela.ctors
 *(.rela.ctors)

.rel.dtors
 *(.rel.dtors)

.rela.dtors
 *(.rela.dtors)

.rel.got
 *(.rel.got)

.rela.got
 *(.rela.got)

.rel.bss
 *(.rel.bss)

.rela.bss
 *(.rela.bss)

.rel.plt
 *(.rel.plt)

.rela.plt
 *(.rela.plt)

.text           0x0000fa00      0x4c6
 *(.vectors)
 .vectors       0x0000fa00       0x8c c:/liteos/winavr/bin/../lib/gcc/avr/4.1.1/../../../../avr/lib/avr5/crtm128.o
                0x0000fa00                __vectors
                0x0000fa00                __vector_default
 *(.vectors)
 *(.progmem.gcc*)
 *(.progmem*)
                0x0000fa8c                . = ALIGN (0x2)
                0x0000fa8c                __trampolines_start = .
 *(.trampolines)
 .trampolines   0x0000fa8c        0x0 linker stubs
 *(.trampolines*)
                0x0000fa8c                __trampolines_end = .
 *(.jumptables)
 *(.jumptables*)
 *(.lowtext)
 *(.lowtext*)
                0x0000fa8c                __ctors_start = .
 *(.ctors)
                0x0000fa8c                __ctors_end = .
                0x0000fa8c                __dtors_start = .
 *(.dtors)
                0x0000fa8c                __dtors_end = .
 SORT(*)(.ctors)
 SORT(*)(.dtors)
 *(.init0)
 .init0         0x0000fa8c        0x0 c:/liteos/winavr/bin/../lib/gcc/avr/4.1.1/../../../../avr/lib/avr5/crtm128.o
                0x0000fa8c                __init
 *(.init0)
 *(.init1)
 *(.init1)
 *(.init2)
 .init2         0x0000fa8c        0xc c:/liteos/winavr/bin/../lib/gcc/avr/4.1.1/../../../../avr/lib/avr5/crtm128.o
 *(.init2)
 *(.init3)
 *(.init3)
 *(.init4)
 .init4         0x0000fa98       0x1a c:/liteos/winavr/bin/../lib/gcc/avr/4.1.1/../../../../avr/lib/avr5/crtm128.o
                0x0000fa98                __do_copy_data
 .init4         0x0000fab2       0x10 c:/liteos/winavr/bin/../lib/gcc/avr/4.1.1/avr5\libgcc.a(_clear_bss.o)
                0x0000fab2                __do_clear_bss
 *(.init4)
 *(.init5)
 *(.init5)
 *(.init6)
 *(.init6)
 *(.init7)
 *(.init7)
 *(.init8)
 *(.init8)
 *(.init9)
 .init9         0x0000fac2        0x4 c:/liteos/winavr/bin/../lib/gcc/avr/4.1.1/../../../../avr/lib/avr5/crtm128.o
 *(.init9)
 *(.text)
 .text          0x0000fac6        0x4 c:/liteos/winavr/bin/../lib/gcc/avr/4.1.1/../../../../avr/lib/avr5/crtm128.o
                0x0000fac6                __vector_22
                0x0000fac6                __vector_28
                0x0000fac6                __vector_1
                0x0000fac6                __vector_32
                0x0000fac6                __vector_34
                0x0000fac6                __vector_24
                0x0000fac6                __vector_12
                0x0000fac6                __bad_interrupt
                0x0000fac6                __vector_6
                0x0000fac6                __vector_31
                0x0000fac6                __vector_3
                0x0000fac6                __vector_23
                0x0000fac6                __vector_30
                0x0000fac6                __vector_25
                0x0000fac6                __vector_11
                0x0000fac6                __vector_13
                0x0000fac6                __vector_17
                0x0000fac6                __vector_19
                0x0000fac6                __vector_7
                0x0000fac6                __vector_27
                0x0000fac6                __vector_5
                0x0000fac6                __vector_33
                0x0000fac6                __vector_4
                0x0000fac6                __vector_9
                0x0000fac6                __vector_2
                0x0000fac6                __vector_21
                0x0000fac6                __vector_15
                0x0000fac6                __vector_29
                0x0000fac6                __vector_8
                0x0000fac6                __vector_26
                0x0000fac6                __vector_14
                0x0000fac6                __vector_10
                0x0000fac6                __vector_16
                0x0000fac6                __vector_18
                0x0000fac6                __vector_20
 .text          0x0000faca      0x3fc c:\Users\Charles\AppData\Local\Temp/cc6Tcaaa.o
                0x0000fce0                main
 .text          0x0000fec6        0x0 c:/liteos/winavr/bin/../lib/gcc/avr/4.1.1/avr5\libgcc.a(_clear_bss.o)
                0x0000fec6                . = ALIGN (0x2)
 *(.text.*)
 .text.libgcc   0x0000fec6        0x0 c:/liteos/winavr/bin/../lib/gcc/avr/4.1.1/avr5\libgcc.a(_clear_bss.o)
                0x0000fec6                . = ALIGN (0x2)
 *(.fini9)
 *(.fini9)
 *(.fini8)
 *(.fini8)
 *(.fini7)
 *(.fini7)
 *(.fini6)
 *(.fini6)
 *(.fini5)
 *(.fini5)
 *(.fini4)
 *(.fini4)
 *(.fini3)
 *(.fini3)
 *(.fini2)
 *(.fini2)
 *(.fini1)
 *(.fini1)
 *(.fini0)
 *(.fini0)
                0x0000fec6                _etext = .

.data           0x00800a5a        0xc load address 0x0000fec6
                0x00800a5a                PROVIDE (__data_start, .)
 *(.data)
 .data          0x00800a5a        0x0 c:/liteos/winavr/bin/../lib/gcc/avr/4.1.1/../../../../avr/lib/avr5/crtm128.o
 .data          0x00800a5a        0xc c:\Users\Charles\AppData\Local\Temp/cc6Tcaaa.o
 .data          0x00800a66        0x0 c:/liteos/winavr/bin/../lib/gcc/avr/4.1.1/avr5\libgcc.a(_clear_bss.o)
 *(.data*)
 *(.rodata)
 *(.rodata*)
 *(.gnu.linkonce.d*)
                0x00800a66                . = ALIGN (0x2)
                0x00800a66                _edata = .
                0x00800a66                PROVIDE (__data_end, .)

.bss            0x00800a66       0xb2
                0x00800a66                PROVIDE (__bss_start, .)
 *(.bss)
 .bss           0x00800a66        0x0 c:/liteos/winavr/bin/../lib/gcc/avr/4.1.1/../../../../avr/lib/avr5/crtm128.o
 .bss           0x00800a66       0xb2 c:\Users\Charles\AppData\Local\Temp/cc6Tcaaa.o
 .bss           0x00800b18        0x0 c:/liteos/winavr/bin/../lib/gcc/avr/4.1.1/avr5\libgcc.a(_clear_bss.o)
 *(.bss*)
 *(COMMON)
                0x00800b18                PROVIDE (__bss_end, .)
                0x0000fec6                __data_load_start = LOADADDR (.data)
                0x0000fed2                __data_load_end = (__data_load_start + SIZEOF (.data))

.noinit         0x00800b18        0x0
                0x00800b18                PROVIDE (__noinit_start, .)
 *(.noinit*)
                0x00800b18                PROVIDE (__noinit_end, .)
                0x00800b18                _end = .
                0x00800b18                PROVIDE (__heap_start, .)

.eeprom         0x00810000        0x0
 *(.eeprom*)
                0x00810000                __eeprom_end = .

.stab           0x00000000      0x408
 *(.stab)
 .stab          0x00000000      0x408 c:/liteos/winavr/bin/../lib/gcc/avr/4.1.1/../../../../avr/lib/avr5/crtm128.o

.stabstr        0x00000000       0x84
 *(.stabstr)
 .stabstr       0x00000000       0x84 c:/liteos/winavr/bin/../lib/gcc/avr/4.1.1/../../../../avr/lib/avr5/crtm128.o

.stab.excl
 *(.stab.excl)

.stab.exclstr
 *(.stab.exclstr)

.stab.index
 *(.stab.index)

.stab.indexstr
 *(.stab.indexstr)

.comment
 *(.comment)

.debug
 *(.debug)

.line
 *(.line)

.debug_srcinfo
 *(.debug_srcinfo)

.debug_sfnames
 *(.debug_sfnames)

.debug_aranges  0x00000000       0x20
 *(.debug_aranges)
 .debug_aranges
                0x00000000       0x20 c:\Users\Charles\AppData\Local\Temp/cc6Tcaaa.o

.debug_pubnames
                0x00000000       0x1b
 *(.debug_pubnames)
 .debug_pubnames
                0x00000000       0x1b c:\Users\Charles\AppData\Local\Temp/cc6Tcaaa.o

.debug_info     0x00000000     0x1d20
 *(.debug_info)
 .debug_info    0x00000000     0x1d20 c:\Users\Charles\AppData\Local\Temp/cc6Tcaaa.o
 *(.gnu.linkonce.wi.*)

.debug_abbrev   0x00000000      0x2b6
 *(.debug_abbrev)
 .debug_abbrev  0x00000000      0x2b6 c:\Users\Charles\AppData\Local\Temp/cc6Tcaaa.o

.debug_line     0x00000000      0x627
 *(.debug_line)
 .debug_line    0x00000000      0x627 c:\Users\Charles\AppData\Local\Temp/cc6Tcaaa.o

.debug_frame    0x00000000       0xd0
 *(.debug_frame)
 .debug_frame   0x00000000       0xd0 c:\Users\Charles\AppData\Local\Temp/cc6Tcaaa.o

.debug_str      0x00000000      0x56f
 *(.debug_str)
 .debug_str     0x00000000      0x56f c:\Users\Charles\AppData\Local\Temp/cc6Tcaaa.o
                                0x61a (size before relaxing)

.debug_loc      0x00000000      0x224
 *(.debug_loc)
 .debug_loc     0x00000000      0x224 c:\Users\Charles\AppData\Local\Temp/cc6Tcaaa.o

.debug_macinfo
 *(.debug_macinfo)
OUTPUT(App.elf elf32-avr)
LOAD linker stubs

.debug_ranges   0x00000000       0x18
 .debug_ranges  0x00000000       0x18 c:\Users\Charles\AppData\Local\Temp/cc6Tcaaa.o
